<html>
<body>
<pre>
<h1>µVision Build Log</h1>
<h2>Project:</h2>
D:\Sample Code\Manta\2014 ARM Design Contest\STM32F4_EVB\Project\GPIO\RVMDK\GPIO.uvproj
Project File Date:  06/30/2014

<h2>Output:</h2>
Build target 'Target 1'
linking...
Program Size: Code=3064 RO-data=424 RW-data=44 ZI-data=1028  
".\GPIO.axf" - 0 Error(s), 0 Warning(s).
Load "D:\\Sample Code\\Manta\\2014 ARM Design Contest\\STM32F4_EVB\\Project\\GPIO\\RVMDK\\GPIO.axf" 
Erase Done.
Programming Done.
Verify OK.
Error: Target DLL has been cancelled. Debugger aborted !
Load "D:\\Sample Code\\Manta\\2014 ARM Design Contest\\STM32F4_EVB\\Project\\GPIO\\RVMDK\\GPIO.axf" 
Erase Done.
Programming Done.
Verify OK.
</pre>
</body>
</html>
