<html>
<body>
<pre>
<h1>µVision Build Log</h1>
<h2>Tool Versions:</h2>
IDE-Version: £gVision V5.20.0.0
Copyright (C) 2016 ARM Ltd and ARM Germany GmbH. All rights reserved.
License Information: Ken Ken, Ken, LIC=VGXGK-ZKQMF-Z9QG9-46SZE-R67JE-WJQH6
 
Tool Versions:
Toolchain:       MDK-ARM Plus  Version: 5.20
Toolchain Path:  C:\Keil_v5\ARM\ARMCC\Bin
C Compiler:      Armcc.exe V5.06 update 2 (build 183)
Assembler:       Armasm.exe V5.06 update 2 (build 183)
Linker/Locator:  ArmLink.exe V5.06 update 2 (build 183)
Library Manager: ArmAr.exe V5.06 update 2 (build 183)
Hex Converter:   FromElf.exe V5.06 update 2 (build 183)
CPU DLL:         SARMCM3.DLL V5.20
Dialog DLL:      DCM.DLL V1.13.7.0
Target DLL:      STLink\ST-LINKIII-KEIL_SWO.dll V2.0.18.0
Dialog DLL:      TCM.DLL V1.14.9.0
 
<h2>Project:</h2>
C:\Users\user\Desktop\STM32F4EVB Data\Firmware\STM32F4_EVB\Project\STM32F4_EVB_BoardTest\MDK-ARM\BoardTest.uvprojx
Project File Date:  06/29/2015

<h2>Output:</h2>
*** Using Compiler 'V5.06 update 2 (build 183)', folder: 'C:\Keil_v5\ARM\ARMCC\Bin'
Build target 'STM32F4_EVB'
compiling audio_sample.c...
compiling stm32f4xx_it.c...
compiling usbd_desc.c...
compiling usbd_cdc_vcp.c...
compiling usbd_usr.c...
compiling usb_bsp.c...
compiling main.c...
..\src\main.c(75): warning:  #177-D: variable "i" was declared but never referenced
  	int i;
..\src\main.c: 1 warning, 0 errors
compiling netconf.c...
compiling stm32f4_evb.c...
compiling stm32f4_evb_fsmc_psram.c...
compiling stm32f4_evb_i2c_ee.c...
compiling stm32f4_evb_lcd.c...
compiling stm32f4x7_eth_bsp.c...
compiling stm32f4_evb_i2c_tsc.c...
compiling tcp_echoclient.c...
compiling stm32f4_evb_i2c_gsensor.c...
compiling stm32f4_evb_sdio_sd.c...
compiling misc.c...
compiling stm32f4_evb_audio_codec.c...
compiling stm32f4xx_crc.c...
compiling stm32f4xx_adc.c...
compiling stm32f4xx_cryp.c...
compiling stm32f4xx_can.c...
compiling stm32f4xx_cryp_aes.c...
compiling stm32f4xx_cryp_des.c...
compiling stm32f4xx_cryp_tdes.c...
compiling stm32f4xx_dbgmcu.c...
compiling stm32f4xx_dac.c...
compiling stm32f4xx_dcmi.c...
compiling stm32f4xx_exti.c...
compiling stm32f4xx_dma.c...
compiling stm32f4xx_flash.c...
compiling stm32f4xx_fsmc.c...
compiling stm32f4xx_gpio.c...
compiling stm32f4xx_i2c.c...
compiling stm32f4xx_hash_md5.c...
compiling stm32f4xx_iwdg.c...
compiling stm32f4xx_hash.c...
compiling stm32f4xx_hash_sha1.c...
compiling stm32f4xx_pwr.c...
compiling stm32f4xx_syscfg.c...
compiling stm32f4xx_rcc.c...
compiling stm32f4xx_rng.c...
compiling stm32f4xx_spi.c...
compiling stm32f4xx_sdio.c...
compiling stm32f4xx_tim.c...
compiling stm32f4xx_rtc.c...
assembling startup_stm32f40xx.s...
compiling stm32f4xx_wwdg.c...
compiling stm32f4xx_usart.c...
compiling system_stm32f4xx.c...
compiling lcd_log.c...
compiling usbd_core.c...
compiling usbd_ioreq.c...
compiling stm32f4x7_eth.c...
compiling api_lib.c...
compiling api_msg.c...
compiling err.c...
compiling netbuf.c...
compiling netdb.c...
compiling netifapi.c...
compiling sockets.c...
compiling tcpip.c...
compiling dns.c...
compiling dhcp.c...
compiling init.c...
compiling usbd_cdc_core.c...
compiling usbd_req.c...
compiling usb_dcd.c...
compiling mem.c...
..\..\..\Utilities\Third_Party\lwip_v1.3.2\src\core\mem.c(184): warning:  #550-D: variable "mem_sem" was set but never used
  static sys_sem_t mem_sem;
..\..\..\Utilities\Third_Party\lwip_v1.3.2\src\core\mem.c: 1 warning, 0 errors
compiling usb_dcd_int.c...
compiling usb_core.c...
compiling netif.c...
compiling pbuf.c...
compiling raw.c...
compiling sys.c...
compiling memp.c...
compiling stats.c...
compiling tcp.c...
compiling udp.c...
compiling icmp.c...
compiling igmp.c...
compiling autoip.c...
compiling tcp_out.c...
..\..\..\Utilities\Third_Party\lwip_v1.3.2\src\core\tcp_out.c(465): warning:  #550-D: variable "tcphdr" was set but never used
    struct tcp_hdr *tcphdr;
..\..\..\Utilities\Third_Party\lwip_v1.3.2\src\core\tcp_out.c(935): warning:  #550-D: variable "tcphdr" was set but never used
    struct tcp_hdr *tcphdr;
..\..\..\Utilities\Third_Party\lwip_v1.3.2\src\core\tcp_out.c: 2 warnings, 0 errors
compiling tcp_in.c...
compiling inet.c...
compiling inet_chksum.c...
compiling ip_addr.c...
compiling loopif.c...
compiling ip_frag.c...
compiling ip.c...
compiling slipif.c...
compiling etharp.c...
compiling ethernetif.c...
linking...
Program Size: Code=48940 RO-data=119792 RW-data=840 ZI-data=53680  
FromELF: creating hex file...
".\STM32F4_EVB\STM32F4_EVB_BoardTest.axf" - 0 Error(s), 4 Warning(s).

<h2>Software Packages used:</h2>

Package Vendor: ARM
                http://www.keil.com/pack/ARM.CMSIS.5.0.0-Beta4.pack
                ARM::CMSIS:CORE:5.0.0
                CMSIS (Cortex Microcontroller Software Interface Standard)
   * Component: CORE Version: 5.0.0

<h2>Collection of Component include folders:</h2>
  C:\Users\user\Desktop\STM32F4EVB Data\Firmware\STM32F4_EVB\Project\STM32F4_EVB_BoardTest\MDK-ARM\RTE
  C:\Keil_v5\ARM\PACK\ARM\CMSIS\5.0.0-Beta4\CMSIS\Include
  C:\Keil_v5\ARM\PACK\Keil\STM32F4xx_DFP\2.9.0\Drivers\CMSIS\Device\ST\STM32F4xx\Include

<h2>Collection of Component Files used:</h2>

   * Component: ARM::CMSIS:CORE:5.0.0
Build Time Elapsed:  00:00:18
</pre>
</body>
</html>
