Component: ARM Compiler 5.06 update 2 (build 183) Tool: armlink [4d35b7]

==============================================================================

Section Cross References

    main.o(i.Codec_TIMEOUT_UserCallback) refers to stm324xg_eval_lcd.o(i.LCD_GetFont) for LCD_GetFont
    main.o(i.Codec_TIMEOUT_UserCallback) refers to stm324xg_eval_lcd.o(i.LCD_DisplayStringLine) for LCD_DisplayStringLine
    main.o(i.Delay) refers to main.o(.data) for uwTimingDelay
    main.o(i.EVAL_AUDIO_Error_CallBack) refers to stm324xg_eval_lcd.o(i.LCD_SetBackColor) for LCD_SetBackColor
    main.o(i.EVAL_AUDIO_Error_CallBack) refers to stm324xg_eval_lcd.o(i.LCD_GetFont) for LCD_GetFont
    main.o(i.EVAL_AUDIO_Error_CallBack) refers to stm324xg_eval_lcd.o(i.LCD_DisplayStringLine) for LCD_DisplayStringLine
    main.o(i.EVAL_AUDIO_TransferComplete_CallBack) refers to stm32f4_evb_audio_codec.o(i.EVAL_AUDIO_Play) for EVAL_AUDIO_Play
    main.o(i.EVAL_AUDIO_TransferComplete_CallBack) refers to audio_sample.o(.constdata) for AUDIO_SAMPLE
    main.o(i.Time_Update) refers to main.o(.data) for LocalTime
    main.o(i.TimingDelay_Decrement) refers to main.o(.data) for uwTimingDelay
    main.o(i.main) refers to stm32f4xx_rcc.o(i.RCC_GetClocksFreq) for RCC_GetClocksFreq
    main.o(i.main) refers to stm32f4xx_rcc.o(i.RCC_AHB2PeriphClockCmd) for RCC_AHB2PeriphClockCmd
    main.o(i.main) refers to stm32f4xx_rng.o(i.RNG_Cmd) for RNG_Cmd
    main.o(i.main) refers to stm32f4_evb.o(i.STM_EVAL_LEDInit) for STM_EVAL_LEDInit
    main.o(i.main) refers to stm32f4_evb.o(i.STM_EVAL_PBInit) for STM_EVAL_PBInit
    main.o(i.main) refers to stm32f4_evb.o(i.STM_EVAL_PBGetState) for STM_EVAL_PBGetState
    main.o(i.main) refers to stm32f4_evb.o(i.STM_EVAL_LEDOff) for STM_EVAL_LEDOff
    main.o(i.main) refers to stm32f4_evb.o(i.STM_EVAL_LEDOn) for STM_EVAL_LEDOn
    main.o(i.main) refers to main.o(i.Delay) for Delay
    main.o(i.main) refers to main.o(.constdata) for .constdata
    stm32f4xx_it.o(i.EXTI15_10_IRQHandler) refers to stm32f4xx_exti.o(i.EXTI_GetITStatus) for EXTI_GetITStatus
    stm32f4xx_it.o(i.EXTI15_10_IRQHandler) refers to tcp_echoclient.o(i.tcp_echoclient_connect) for tcp_echoclient_connect
    stm32f4xx_it.o(i.EXTI15_10_IRQHandler) refers to stm32f4xx_exti.o(i.EXTI_ClearITPendingBit) for EXTI_ClearITPendingBit
    stm32f4xx_it.o(i.EXTI15_10_IRQHandler) refers to stm32f4x7_eth_bsp.o(i.Eth_Link_ITHandler) for Eth_Link_ITHandler
    stm32f4xx_it.o(i.EXTI15_10_IRQHandler) refers to stm32f4x7_eth_bsp.o(.data) for EthLinkStatus
    stm32f4xx_it.o(i.EXTI2_IRQHandler) refers to stm32f4xx_exti.o(i.EXTI_ClearITPendingBit) for EXTI_ClearITPendingBit
    stm32f4xx_it.o(i.EXTI2_IRQHandler) refers to stm32f4_evb.o(i.STM_EVAL_LEDToggle) for STM_EVAL_LEDToggle
    stm32f4xx_it.o(i.OTG_HS_EP1_IN_IRQHandler) refers to usb_dcd_int.o(i.USBD_OTG_EP1IN_ISR_Handler) for USBD_OTG_EP1IN_ISR_Handler
    stm32f4xx_it.o(i.OTG_HS_EP1_IN_IRQHandler) refers to main.o(.bss) for USB_OTG_dev
    stm32f4xx_it.o(i.OTG_HS_EP1_OUT_IRQHandler) refers to usb_dcd_int.o(i.USBD_OTG_EP1OUT_ISR_Handler) for USBD_OTG_EP1OUT_ISR_Handler
    stm32f4xx_it.o(i.OTG_HS_EP1_OUT_IRQHandler) refers to main.o(.bss) for USB_OTG_dev
    stm32f4xx_it.o(i.OTG_HS_IRQHandler) refers to usb_dcd_int.o(i.USBD_OTG_ISR_Handler) for USBD_OTG_ISR_Handler
    stm32f4xx_it.o(i.OTG_HS_IRQHandler) refers to main.o(.bss) for USB_OTG_dev
    stm32f4xx_it.o(i.OTG_HS_WKUP_IRQHandler) refers to system_stm32f4xx.o(i.SystemInit) for SystemInit
    stm32f4xx_it.o(i.OTG_HS_WKUP_IRQHandler) refers to usb_core.o(i.USB_OTG_UngateClock) for USB_OTG_UngateClock
    stm32f4xx_it.o(i.OTG_HS_WKUP_IRQHandler) refers to stm32f4xx_exti.o(i.EXTI_ClearITPendingBit) for EXTI_ClearITPendingBit
    stm32f4xx_it.o(i.OTG_HS_WKUP_IRQHandler) refers to main.o(.bss) for USB_OTG_dev
    stm32f4xx_it.o(i.SysTick_Handler) refers to main.o(i.TimingDelay_Decrement) for TimingDelay_Decrement
    stm32f4xx_it.o(i.SysTick_Handler) refers to main.o(i.Time_Update) for Time_Update
    stm32f4xx_it.o(i.USART1_IRQHandler) refers to stm32f4xx_usart.o(i.USART_ReceiveData) for USART_ReceiveData
    stm32f4xx_it.o(i.USART1_IRQHandler) refers to stm32f4xx_usart.o(i.USART_SendData) for USART_SendData
    usb_bsp.o(i.USB_OTG_BSP_EnableInterrupt) refers to misc.o(i.NVIC_PriorityGroupConfig) for NVIC_PriorityGroupConfig
    usb_bsp.o(i.USB_OTG_BSP_EnableInterrupt) refers to misc.o(i.NVIC_Init) for NVIC_Init
    usb_bsp.o(i.USB_OTG_BSP_Init) refers to stm32f4xx_rcc.o(i.RCC_AHB1PeriphClockCmd) for RCC_AHB1PeriphClockCmd
    usb_bsp.o(i.USB_OTG_BSP_Init) refers to stm32f4xx_gpio.o(i.GPIO_PinAFConfig) for GPIO_PinAFConfig
    usb_bsp.o(i.USB_OTG_BSP_Init) refers to stm32f4xx_gpio.o(i.GPIO_Init) for GPIO_Init
    usb_bsp.o(i.USB_OTG_BSP_mDelay) refers to usb_bsp.o(i.USB_OTG_BSP_uDelay) for USB_OTG_BSP_uDelay
    usbd_cdc_vcp.o(i.USART3_IRQHandler) refers to stm32f4xx_usart.o(i.USART_GetITStatus) for USART_GetITStatus
[...]
    i.VCP_DataTx                             0x08003564   Section        0  usbd_cdc_vcp.o(i.VCP_DataTx)
    VCP_DataTx                               0x08003565   Thumb Code    84  usbd_cdc_vcp.o(i.VCP_DataTx)
    i.VCP_DeInit                             0x080035c8   Section        0  usbd_cdc_vcp.o(i.VCP_DeInit)
    VCP_DeInit                               0x080035c9   Thumb Code     4  usbd_cdc_vcp.o(i.VCP_DeInit)
    i.VCP_Init                               0x080035cc   Section        0  usbd_cdc_vcp.o(i.VCP_Init)
    VCP_Init                                 0x080035cd   Thumb Code    80  usbd_cdc_vcp.o(i.VCP_Init)
    i.__0sprintf$1                           0x08003624   Section        0  printf1.o(i.__0sprintf$1)
    i.__scatterload_copy                     0x0800364c   Section       14  handlers.o(i.__scatterload_copy)
    i.__scatterload_null                     0x0800365a   Section        2  handlers.o(i.__scatterload_null)
    i.__scatterload_zeroinit                 0x0800365c   Section       14  handlers.o(i.__scatterload_zeroinit)
    i._printf_core                           0x0800366c   Section        0  printf1.o(i._printf_core)
    _printf_core                             0x0800366d   Thumb Code   336  printf1.o(i._printf_core)
    i._sputc                                 0x080037c0   Section        0  printf1.o(i._sputc)
    _sputc                                   0x080037c1   Thumb Code    10  printf1.o(i._sputc)
    i.htonl                                  0x080037ca   Section        0  inet.o(i.htonl)
    i.htons                                  0x080037e4   Section        0  inet.o(i.htons)
    i.inet_chksum                            0x080037f0   Section        0  inet_chksum.o(i.inet_chksum)
    i.ip_frag                                0x08003804   Section        0  ip_frag.o(i.ip_frag)
    i.ip_output                              0x08003950   Section        0  ip.o(i.ip_output)
    i.ip_output_if                           0x08003984   Section        0  ip.o(i.ip_output_if)
    i.ip_route                               0x08003a80   Section        0  ip.o(i.ip_route)
    i.lwip_standard_chksum                   0x08003ad0   Section        0  inet_chksum.o(i.lwip_standard_chksum)
    lwip_standard_chksum                     0x08003ad1   Thumb Code    74  inet_chksum.o(i.lwip_standard_chksum)
    i.main                                   0x08003b1c   Section        0  main.o(i.main)
    i.mem_free                               0x08003bf4   Section        0  mem.o(i.mem_free)
    i.mem_malloc                             0x08003c44   Section        0  mem.o(i.mem_malloc)
    i.mem_realloc                            0x08003d34   Section        0  mem.o(i.mem_realloc)
    i.memp_free                              0x08003e60   Section        0  memp.o(i.memp_free)
    i.memp_malloc                            0x08003e80   Section        0  memp.o(i.memp_malloc)
    i.netif_is_up                            0x08003eac   Section        0  netif.o(i.netif_is_up)
    i.ntohl                                  0x08003eb8   Section        0  inet.o(i.ntohl)
    i.ntohs                                  0x08003ec4   Section        0  inet.o(i.ntohs)
    i.pbuf_alloc                             0x08003ed0   Section        0  pbuf.o(i.pbuf_alloc)
    i.pbuf_cat                               0x0800406e   Section        0  pbuf.o(i.pbuf_cat)
    i.pbuf_chain                             0x080040a6   Section        0  pbuf.o(i.pbuf_chain)
    i.pbuf_clen                              0x080040bc   Section        0  pbuf.o(i.pbuf_clen)
    i.pbuf_copy_partial                      0x080040ce   Section        0  pbuf.o(i.pbuf_copy_partial)
    i.pbuf_free                              0x08004160   Section        0  pbuf.o(i.pbuf_free)
    i.pbuf_header                            0x080041ce   Section        0  pbuf.o(i.pbuf_header)
    i.pbuf_realloc                           0x0800424c   Section        0  pbuf.o(i.pbuf_realloc)
    i.pbuf_ref                               0x080042c4   Section        0  pbuf.o(i.pbuf_ref)
    i.pbuf_take                              0x080042ce   Section        0  pbuf.o(i.pbuf_take)
    i.plug_holes                             0x08004344   Section        0  mem.o(i.plug_holes)
    plug_holes                               0x08004345   Thumb Code   124  mem.o(i.plug_holes)
    i.tcp_abandon                            0x080043cc   Section        0  tcp.o(i.tcp_abandon)
    i.tcp_alloc                              0x08004468   Section        0  tcp.o(i.tcp_alloc)
    i.tcp_arg                                0x08004520   Section        0  tcp.o(i.tcp_arg)
    i.tcp_close                              0x08004524   Section        0  tcp.o(i.tcp_close)
    i.tcp_connect                            0x08004620   Section        0  tcp.o(i.tcp_connect)
    i.tcp_echoclient_connect                 0x08004738   Section        0  tcp_echoclient.o(i.tcp_echoclient_connect)
    i.tcp_echoclient_connected               0x0800476c   Section        0  tcp_echoclient.o(i.tcp_echoclient_connected)
    tcp_echoclient_connected                 0x0800476d   Thumb Code   162  tcp_echoclient.o(i.tcp_echoclient_connected)
    i.tcp_echoclient_connection_close        0x08004844   Section        0  tcp_echoclient.o(i.tcp_echoclient_connection_close)
    tcp_echoclient_connection_close          0x08004845   Thumb Code    48  tcp_echoclient.o(i.tcp_echoclient_connection_close)
    i.tcp_echoclient_poll                    0x08004874   Section        0  tcp_echoclient.o(i.tcp_echoclient_poll)
    tcp_echoclient_poll                      0x08004875   Thumb Code    62  tcp_echoclient.o(i.tcp_echoclient_poll)
    i.tcp_echoclient_recv                    0x080048b4   Section        0  tcp_echoclient.o(i.tcp_echoclient_recv)
    tcp_echoclient_recv                      0x080048b5   Thumb Code   128  tcp_echoclient.o(i.tcp_echoclient_recv)
    i.tcp_echoclient_send                    0x08004938   Section        0  tcp_echoclient.o(i.tcp_echoclient_send)
    tcp_echoclient_send                      0x08004939   Thumb Code    80  tcp_echoclient.o(i.tcp_echoclient_send)
    i.tcp_echoclient_sent                    0x08004988   Section        0  tcp_echoclient.o(i.tcp_echoclient_sent)
    tcp_echoclient_sent                      0x08004989   Thumb Code    30  tcp_echoclient.o(i.tcp_echoclient_sent)
    i.tcp_eff_send_mss                       0x080049a6   Section        0  tcp.o(i.tcp_eff_send_mss)
    i.tcp_enqueue                            0x080049d4   Section        0  tcp_out.o(i.tcp_enqueue)
    i.tcp_kill_prio                          0x08004dcc   Section        0  tcp.o(i.tcp_kill_prio)
    tcp_kill_prio                            0x08004dcd   Thumb Code    78  tcp.o(i.tcp_kill_prio)
    i.tcp_kill_timewait                      0x08004e24   Section        0  tcp.o(i.tcp_kill_timewait)
    tcp_kill_timewait                        0x08004e25   Thumb Code    52  tcp.o(i.tcp_kill_timewait)
    i.tcp_new                                0x08004e60   Section        0  tcp.o(i.tcp_new)
    i.tcp_new_port                           0x08004e6c   Section        0  tcp.o(i.tcp_new_port)
    tcp_new_port                             0x08004e6d   Thumb Code   104  tcp.o(i.tcp_new_port)
    i.tcp_next_iss                           0x08004ee4   Section        0  tcp.o(i.tcp_next_iss)
    i.tcp_output                             0x08004f00   Section        0  tcp_out.o(i.tcp_output)
    i.tcp_output_segment                     0x080050e0   Section        0  tcp_out.o(i.tcp_output_segment)
    tcp_output_segment                       0x080050e1   Thumb Code   194  tcp_out.o(i.tcp_output_segment)
    i.tcp_output_set_header                  0x080051ac   Section        0  tcp_out.o(i.tcp_output_set_header)
    tcp_output_set_header                    0x080051ad   Thumb Code   138  tcp_out.o(i.tcp_output_set_header)
    i.tcp_pcb_purge                          0x08005236   Section        0  tcp.o(i.tcp_pcb_purge)
    i.tcp_pcb_remove                         0x0800526c   Section        0  tcp.o(i.tcp_pcb_remove)
    i.tcp_poll                               0x08005304   Section        0  tcp.o(i.tcp_poll)
    i.tcp_recv                               0x0800530e   Section        0  tcp.o(i.tcp_recv)
    i.tcp_recv_null                          0x08005314   Section        0  tcp.o(i.tcp_recv_null)
    i.tcp_recved                             0x08005342   Section        0  tcp.o(i.tcp_recved)
    i.tcp_rst                                0x08005388   Section        0  tcp_out.o(i.tcp_rst)
    i.tcp_seg_free                           0x08005432   Section        0  tcp.o(i.tcp_seg_free)
    i.tcp_segs_free                          0x08005452   Section        0  tcp.o(i.tcp_segs_free)
    i.tcp_send_ctrl                          0x08005470   Section        0  tcp_out.o(i.tcp_send_ctrl)
    i.tcp_send_empty_ack                     0x0800548c   Section        0  tcp_out.o(i.tcp_send_empty_ack)
    i.tcp_sent                               0x080054ea   Section        0  tcp.o(i.tcp_sent)
    i.tcp_update_rcv_ann_wnd                 0x080054f0   Section        0  tcp.o(i.tcp_update_rcv_ann_wnd)
    i.tcp_write                              0x08005538   Section        0  tcp_out.o(i.tcp_write)
    i.usbd_cdc_DataIn                        0x08005580   Section        0  usbd_cdc_core.o(i.usbd_cdc_DataIn)
    usbd_cdc_DataIn                          0x08005581   Thumb Code   128  usbd_cdc_core.o(i.usbd_cdc_DataIn)
    i.usbd_cdc_DataOut                       0x08005610   Section        0  usbd_cdc_core.o(i.usbd_cdc_DataOut)
    usbd_cdc_DataOut                         0x08005611   Thumb Code    50  usbd_cdc_core.o(i.usbd_cdc_DataOut)
    i.usbd_cdc_DeInit                        0x0800564c   Section        0  usbd_cdc_core.o(i.usbd_cdc_DeInit)
    usbd_cdc_DeInit                          0x0800564d   Thumb Code    40  usbd_cdc_core.o(i.usbd_cdc_DeInit)
    i.usbd_cdc_EP0_RxReady                   0x08005678   Section        0  usbd_cdc_core.o(i.usbd_cdc_EP0_RxReady)
    usbd_cdc_EP0_RxReady                     0x08005679   Thumb Code    38  usbd_cdc_core.o(i.usbd_cdc_EP0_RxReady)
    i.usbd_cdc_Init                          0x080056b0   Section        0  usbd_cdc_core.o(i.usbd_cdc_Init)
    usbd_cdc_Init                            0x080056b1   Thumb Code    76  usbd_cdc_core.o(i.usbd_cdc_Init)
    i.usbd_cdc_SOF                           0x08005708   Section        0  usbd_cdc_core.o(i.usbd_cdc_SOF)
    usbd_cdc_SOF                             0x08005709   Thumb Code    36  usbd_cdc_core.o(i.usbd_cdc_SOF)
    i.usbd_cdc_Setup                         0x08005730   Section        0  usbd_cdc_core.o(i.usbd_cdc_Setup)
    usbd_cdc_Setup                           0x08005731   Thumb Code   214  usbd_cdc_core.o(i.usbd_cdc_Setup)
    .constdata                               0x08005820   Section       16  main.o(.constdata)
    .constdata                               0x08005830   Section    109912  audio_sample.o(.constdata)
    .constdata                               0x08020588   Section       92  stm32f4_evb.o(.constdata)
    .constdata                               0x080205e4   Section    10704  stm324xg_eval_lcd.o(.constdata)
    .conststring                             0x08022fb4   Section      117  tcp.o(.conststring)
    .data                                    0x20000000   Section       15  main.o(.data)
    uwTimingDelay                            0x20000008   Data           4  main.o(.data)
    .data                                    0x20000010   Section       28  usbd_cdc_vcp.o(.data)
    .data                                    0x2000002c   Section       60  usbd_desc.o(.data)
    .data                                    0x20000068   Section        5  stm32f4x7_eth_bsp.o(.data)
    .data                                    0x20000070   Section        8  tcp_echoclient.o(.data)
    .data                                    0x20000078   Section       44  stm32f4_evb.o(.data)
    .data                                    0x200000a4   Section       25  stm32f4_evb_audio_codec.o(.data)
    .data                                    0x200000c0   Section       40  stm324xg_eval_lcd.o(.data)
    LCD_Currentfonts                         0x200000e0   Data           4  stm324xg_eval_lcd.o(.data)
    TextColor                                0x200000e4   Data           2  stm324xg_eval_lcd.o(.data)
    BackColor                                0x200000e6   Data           2  stm324xg_eval_lcd.o(.data)
    .data                                    0x200000e8   Section       16  stm32f4xx_rcc.o(.data)
    APBAHBPrescTable                         0x200000e8   Data          16  stm32f4xx_rcc.o(.data)
    .data                                    0x200000f8   Section       52  usbd_core.o(.data)
    .data                                    0x2000012c   Section       13  usbd_req.o(.data)
    cfgidx                                   0x20000138   Data           1  usbd_req.o(.data)
    .data                                    0x2000013c   Section      224  usbd_cdc_core.o(.data)
    usbd_cdc_AltSet                          0x2000013c   Data           4  usbd_cdc_core.o(.data)
    cdcCmd                                   0x20000158   Data           4  usbd_cdc_core.o(.data)
    cdcLen                                   0x2000015c   Data           4  usbd_cdc_core.o(.data)
    FrameCount                               0x20000218   Data           4  usbd_cdc_core.o(.data)
    .data                                    0x2000021c   Section       13  mem.o(.data)
    ram                                      0x2000021c   Data           4  mem.o(.data)
    ram_end                                  0x20000220   Data           4  mem.o(.data)
    lfree                                    0x20000224   Data           4  mem.o(.data)
    mem_sem                                  0x20000228   Data           1  mem.o(.data)
    .data                                    0x2000022c   Section        9  netif.o(.data)
    netifnum                                 0x20000234   Data           1  netif.o(.data)
    .data                                    0x20000238   Section       76  tcp.o(.data)
    tcp_timer                                0x2000027c   Data           1  tcp.o(.data)
    port                                     0x2000027e   Data           2  tcp.o(.data)
    iss                                      0x20000280   Data           4  tcp.o(.data)
    .data                                    0x20000284   Section       32  tcp_in.o(.data)
    tcphdr                                   0x20000284   Data           4  tcp_in.o(.data)
    iphdr                                    0x20000288   Data           4  tcp_in.o(.data)
    seqno                                    0x2000028c   Data           4  tcp_in.o(.data)
    ackno                                    0x20000290   Data           4  tcp_in.o(.data)
    flags                                    0x20000294   Data           1  tcp_in.o(.data)
    tcplen                                   0x20000296   Data           2  tcp_in.o(.data)
    recv_flags                               0x20000298   Data           1  tcp_in.o(.data)
    recv_data                                0x2000029c   Data           4  tcp_in.o(.data)
    .data                                    0x200002a4   Section       10  ip.o(.data)
    ip_id                                    0x200002ac   Data           2  ip.o(.data)
    .bss                                     0x200002b0   Section     1638  main.o(.bss)
    .bss                                     0x20000918   Section       16  usbd_cdc_vcp.o(.bss)
    .bss                                     0x20000928   Section      150  tcp_echoclient.o(.bss)
    .bss                                     0x200009c0   Section      120  stm32f4_evb_audio_codec.o(.bss)
    DMA_InitStructure                        0x200009c0   Data          60  stm32f4_evb_audio_codec.o(.bss)
    .bss                                     0x20000a38   Section      255  usbd_req.o(.bss)
    .bss                                     0x20000b37   Section     2560  usbd_cdc_core.o(.bss)
    .bss                                     0x20001538   Section    19855  memp.o(.bss)
    memp_tab                                 0x20001538   Data          36  memp.o(.bss)
    memp_memory                              0x2000155c   Data       19819  memp.o(.bss)
    .bss                                     0x200062c7   Section     1504  ip_frag.o(.bss)
    buf                                      0x200062c7   Data        1504  ip_frag.o(.bss)
    STACK                                    0x200068a8   Section     1024  startup_stm32f40xx.o(STACK)

    Global Symbols

    Symbol Name                              Value     Ov Type        Size  Object(Section)

    BuildAttributes$$THM_ISAv4$E$P$D$K$B$S$7EM$VFPi3$EXTD16$VFPS$VFMA$PE$A:L22UL41UL21$X:L11$S22US41US21$IEEE1$IW$USESV6$~STKCKD$USESV7$~SHL$OSPACE$ROPI$EBA8$MICROLIB$REQ8$PRES8$EABIv2 0x00000000   Number         0  anon$$obj.o ABSOLUTE
    __ARM_use_no_argv                        0x00000000   Number         0  main.o ABSOLUTE
    _printf_a                                0x00000000   Number         0  stubs.o ABSOLUTE
    _printf_c                                0x00000000   Number         0  stubs.o ABSOLUTE
    _printf_charcount                        0x00000000   Number         0  stubs.o ABSOLUTE
    _printf_d                                0x00000000   Number         0  stubs.o ABSOLUTE
    _printf_e                                0x00000000   Number         0  stubs.o ABSOLUTE
    _printf_f                                0x00000000   Number         0  stubs.o ABSOLUTE
    _printf_flags                            0x00000000   Number         0  stubs.o ABSOLUTE
    _printf_fp_dec                           0x00000000   Number         0  stubs.o ABSOLUTE
    _printf_fp_hex                           0x00000000   Number         0  stubs.o ABSOLUTE
    _printf_g                                0x00000000   Number         0  stubs.o ABSOLUTE
    _printf_i                                0x00000000   Number         0  stubs.o ABSOLUTE
    _printf_int_dec                          0x00000000   Number         0  stubs.o ABSOLUTE
    _printf_l                                0x00000000   Number         0  stubs.o ABSOLUTE
    _printf_lc                               0x00000000   Number         0  stubs.o ABSOLUTE
    _printf_ll                               0x00000000   Number         0  stubs.o ABSOLUTE
    _printf_lld                              0x00000000   Number         0  stubs.o ABSOLUTE
    _printf_lli                              0x00000000   Number         0  stubs.o ABSOLUTE
    _printf_llo                              0x00000000   Number         0  stubs.o ABSOLUTE
    _printf_llu                              0x00000000   Number         0  stubs.o ABSOLUTE
    _printf_llx                              0x00000000   Number         0  stubs.o ABSOLUTE
    _printf_longlong_dec                     0x00000000   Number         0  stubs.o ABSOLUTE
    _printf_longlong_hex                     0x00000000   Number         0  stubs.o ABSOLUTE
    _printf_longlong_oct                     0x00000000   Number         0  stubs.o ABSOLUTE
    _printf_ls                               0x00000000   Number         0  stubs.o ABSOLUTE
    _printf_mbtowc                           0x00000000   Number         0  stubs.o ABSOLUTE
    _printf_n                                0x00000000   Number         0  stubs.o ABSOLUTE
    _printf_o                                0x00000000   Number         0  stubs.o ABSOLUTE
    _printf_p                                0x00000000   Number         0  stubs.o ABSOLUTE
    _printf_percent                          0x00000000   Number         0  stubs.o ABSOLUTE
    _printf_pre_padding                      0x00000000   Number         0  stubs.o ABSOLUTE
    _printf_return_value                     0x00000000   Number         0  stubs.o ABSOLUTE
    _printf_s                                0x00000000   Number         0  stubs.o ABSOLUTE
    _printf_sizespec                         0x00000000   Number         0  stubs.o ABSOLUTE
    _printf_str                              0x00000000   Number         0  stubs.o ABSOLUTE
    _printf_truncate_signed                  0x00000000   Number         0  stubs.o ABSOLUTE
    _printf_truncate_unsigned                0x00000000   Number         0  stubs.o ABSOLUTE
    _printf_u                                0x00000000   Number         0  stubs.o ABSOLUTE
    _printf_wc                               0x00000000   Number         0  stubs.o ABSOLUTE
    _printf_wctomb                           0x00000000   Number         0  stubs.o ABSOLUTE
    _printf_widthprec                        0x00000000   Number         0  stubs.o ABSOLUTE
    _printf_x                                0x00000000   Number         0  stubs.o ABSOLUTE
    __cpp_initialize__aeabi_                  - Undefined Weak Reference
    __cxa_finalize                            - Undefined Weak Reference
    _clock_init                               - Undefined Weak Reference
    _microlib_exit                            - Undefined Weak Reference
    __Vectors_Size                           0x00000188   Number         0  startup_stm32f40xx.o ABSOLUTE
    __Vectors                                0x08000000   Data           4  startup_stm32f40xx.o(RESET)
    __Vectors_End                            0x08000188   Data           0  startup_stm32f40xx.o(RESET)
    __main                                   0x08000189   Thumb Code     0  entry.o(.ARM.Collect$$$$00000000)
    _main_stk                                0x08000189   Thumb Code     0  entry2.o(.ARM.Collect$$$$00000001)
    _main_scatterload                        0x0800018d   Thumb Code     0  entry5.o(.ARM.Collect$$$$00000004)
    __main_after_scatterload                 0x08000191   Thumb Code     0  entry5.o(.ARM.Collect$$$$00000004)
    _main_clock                              0x08000191   Thumb Code     0  entry7b.o(.ARM.Collect$$$$00000008)
    _main_cpp_init                           0x08000191   Thumb Code     0  entry8b.o(.ARM.Collect$$$$0000000A)
    _main_init                               0x08000191   Thumb Code     0  entry9a.o(.ARM.Collect$$$$0000000B)
    __rt_final_cpp                           0x08000199   Thumb Code     0  entry10a.o(.ARM.Collect$$$$0000000D)
    __rt_final_exit                          0x08000199   Thumb Code     0  entry11a.o(.ARM.Collect$$$$0000000F)
    Reset_Handler                            0x0800019d   Thumb Code     8  startup_stm32f40xx.o(.text)
    ADC_IRQHandler                           0x080001b7   Thumb Code     0  startup_stm32f40xx.o(.text)
    CAN1_RX0_IRQHandler                      0x080001b7   Thumb Code     0  startup_stm32f40xx.o(.text)
    CAN1_RX1_IRQHandler                      0x080001b7   Thumb Code     0  startup_stm32f40xx.o(.text)
    CAN1_SCE_IRQHandler                      0x080001b7   Thumb Code     0  startup_stm32f40xx.o(.text)
    CAN1_TX_IRQHandler                       0x080001b7   Thumb Code     0  startup_stm32f40xx.o(.text)
    CAN2_RX0_IRQHandler                      0x080001b7   Thumb Code     0  startup_stm32f40xx.o(.text)
    CAN2_RX1_IRQHandler                      0x080001b7   Thumb Code     0  startup_stm32f40xx.o(.text)
    CAN2_SCE_IRQHandler                      0x080001b7   Thumb Code     0  startup_stm32f40xx.o(.text)
    CAN2_TX_IRQHandler                       0x080001b7   Thumb Code     0  startup_stm32f40xx.o(.text)
    CRYP_IRQHandler                          0x080001b7   Thumb Code     0  startup_stm32f40xx.o(.text)
    DCMI_IRQHandler                          0x080001b7   Thumb Code     0  startup_stm32f40xx.o(.text)
    DMA1_Stream0_IRQHandler                  0x080001b7   Thumb Code     0  startup_stm32f40xx.o(.text)
    DMA1_Stream1_IRQHandler                  0x080001b7   Thumb Code     0  startup_stm32f40xx.o(.text)
    DMA1_Stream2_IRQHandler                  0x080001b7   Thumb Code     0  startup_stm32f40xx.o(.text)
    DMA1_Stream3_IRQHandler                  0x080001b7   Thumb Code     0  startup_stm32f40xx.o(.text)
    DMA1_Stream5_IRQHandler                  0x080001b7   Thumb Code     0  startup_stm32f40xx.o(.text)
    DMA1_Stream6_IRQHandler                  0x080001b7   Thumb Code     0  startup_stm32f40xx.o(.text)
    DMA1_Stream7_IRQHandler                  0x080001b7   Thumb Code     0  startup_stm32f40xx.o(.text)
    DMA2_Stream0_IRQHandler                  0x080001b7   Thumb Code     0  startup_stm32f40xx.o(.text)
    DMA2_Stream1_IRQHandler                  0x080001b7   Thumb Code     0  startup_stm32f40xx.o(.text)
    DMA2_Stream2_IRQHandler                  0x080001b7   Thumb Code     0  startup_stm32f40xx.o(.text)
    DMA2_Stream3_IRQHandler                  0x080001b7   Thumb Code     0  startup_stm32f40xx.o(.text)
    DMA2_Stream4_IRQHandler                  0x080001b7   Thumb Code     0  startup_stm32f40xx.o(.text)
    DMA2_Stream5_IRQHandler                  0x080001b7   Thumb Code     0  startup_stm32f40xx.o(.text)
    DMA2_Stream6_IRQHandler                  0x080001b7   Thumb Code     0  startup_stm32f40xx.o(.text)
    DMA2_Stream7_IRQHandler                  0x080001b7   Thumb Code     0  startup_stm32f40xx.o(.text)
    ETH_IRQHandler                           0x080001b7   Thumb Code     0  startup_stm32f40xx.o(.text)
    ETH_WKUP_IRQHandler                      0x080001b7   Thumb Code     0  startup_stm32f40xx.o(.text)
    EXTI0_IRQHandler                         0x080001b7   Thumb Code     0  startup_stm32f40xx.o(.text)
    EXTI1_IRQHandler                         0x080001b7   Thumb Code     0  startup_stm32f40xx.o(.text)
    EXTI3_IRQHandler                         0x080001b7   Thumb Code     0  startup_stm32f40xx.o(.text)
    EXTI4_IRQHandler                         0x080001b7   Thumb Code     0  startup_stm32f40xx.o(.text)
    EXTI9_5_IRQHandler                       0x080001b7   Thumb Code     0  startup_stm32f40xx.o(.text)
    FLASH_IRQHandler                         0x080001b7   Thumb Code     0  startup_stm32f40xx.o(.text)
    FPU_IRQHandler                           0x080001b7   Thumb Code     0  startup_stm32f40xx.o(.text)
    FSMC_IRQHandler                          0x080001b7   Thumb Code     0  startup_stm32f40xx.o(.text)
    HASH_RNG_IRQHandler                      0x080001b7   Thumb Code     0  startup_stm32f40xx.o(.text)
    I2C1_ER_IRQHandler                       0x080001b7   Thumb Code     0  startup_stm32f40xx.o(.text)
    I2C1_EV_IRQHandler                       0x080001b7   Thumb Code     0  startup_stm32f40xx.o(.text)
    I2C2_ER_IRQHandler                       0x080001b7   Thumb Code     0  startup_stm32f40xx.o(.text)
    I2C2_EV_IRQHandler                       0x080001b7   Thumb Code     0  startup_stm32f40xx.o(.text)
    I2C3_ER_IRQHandler                       0x080001b7   Thumb Code     0  startup_stm32f40xx.o(.text)
    I2C3_EV_IRQHandler                       0x080001b7   Thumb Code     0  startup_stm32f40xx.o(.text)
    OTG_FS_IRQHandler                        0x080001b7   Thumb Code     0  startup_stm32f40xx.o(.text)
    OTG_FS_WKUP_IRQHandler                   0x080001b7   Thumb Code     0  startup_stm32f40xx.o(.text)
    PVD_IRQHandler                           0x080001b7   Thumb Code     0  startup_stm32f40xx.o(.text)
    RCC_IRQHandler                           0x080001b7   Thumb Code     0  startup_stm32f40xx.o(.text)
    RTC_Alarm_IRQHandler                     0x080001b7   Thumb Code     0  startup_stm32f40xx.o(.text)
    RTC_WKUP_IRQHandler                      0x080001b7   Thumb Code     0  startup_stm32f40xx.o(.text)
    SDIO_IRQHandler                          0x080001b7   Thumb Code     0  startup_stm32f40xx.o(.text)
    SPI1_IRQHandler                          0x080001b7   Thumb Code     0  startup_stm32f40xx.o(.text)
    SPI2_IRQHandler                          0x080001b7   Thumb Code     0  startup_stm32f40xx.o(.text)
    SPI3_IRQHandler                          0x080001b7   Thumb Code     0  startup_stm32f40xx.o(.text)
    TAMP_STAMP_IRQHandler                    0x080001b7   Thumb Code     0  startup_stm32f40xx.o(.text)
    TIM1_BRK_TIM9_IRQHandler                 0x080001b7   Thumb Code     0  startup_stm32f40xx.o(.text)
    TIM1_CC_IRQHandler                       0x080001b7   Thumb Code     0  startup_stm32f40xx.o(.text)
    TIM1_TRG_COM_TIM11_IRQHandler            0x080001b7   Thumb Code     0  startup_stm32f40xx.o(.text)
    TIM1_UP_TIM10_IRQHandler                 0x080001b7   Thumb Code     0  startup_stm32f40xx.o(.text)
    TIM2_IRQHandler                          0x080001b7   Thumb Code     0  startup_stm32f40xx.o(.text)
    TIM3_IRQHandler                          0x080001b7   Thumb Code     0  startup_stm32f40xx.o(.text)
    TIM4_IRQHandler                          0x080001b7   Thumb Code     0  startup_stm32f40xx.o(.text)
    TIM5_IRQHandler                          0x080001b7   Thumb Code     0  startup_stm32f40xx.o(.text)
    TIM6_DAC_IRQHandler                      0x080001b7   Thumb Code     0  startup_stm32f40xx.o(.text)
    TIM7_IRQHandler                          0x080001b7   Thumb Code     0  startup_stm32f40xx.o(.text)
    TIM8_BRK_TIM12_IRQHandler                0x080001b7   Thumb Code     0  startup_stm32f40xx.o(.text)
    TIM8_CC_IRQHandler                       0x080001b7   Thumb Code     0  startup_stm32f40xx.o(.text)
    TIM8_TRG_COM_TIM14_IRQHandler            0x080001b7   Thumb Code     0  startup_stm32f40xx.o(.text)
    TIM8_UP_TIM13_IRQHandler                 0x080001b7   Thumb Code     0  startup_stm32f40xx.o(.text)
    UART4_IRQHandler                         0x080001b7   Thumb Code     0  startup_stm32f40xx.o(.text)
    UART5_IRQHandler                         0x080001b7   Thumb Code     0  startup_stm32f40xx.o(.text)
    USART2_IRQHandler                        0x080001b7   Thumb Code     0  startup_stm32f40xx.o(.text)
    USART6_IRQHandler                        0x080001b7   Thumb Code     0  startup_stm32f40xx.o(.text)
    WWDG_IRQHandler                          0x080001b7   Thumb Code     0  startup_stm32f40xx.o(.text)
    __aeabi_memcpy                           0x080001c1   Thumb Code    36  memcpya.o(.text)
    __aeabi_memcpy4                          0x080001c1   Thumb Code     0  memcpya.o(.text)
    __aeabi_memcpy8                          0x080001c1   Thumb Code     0  memcpya.o(.text)
    __aeabi_memset                           0x080001e5   Thumb Code    14  memseta.o(.text)
    __aeabi_memset4                          0x080001e5   Thumb Code     0  memseta.o(.text)
    __aeabi_memset8                          0x080001e5   Thumb Code     0  memseta.o(.text)
    __aeabi_memclr                           0x080001f3   Thumb Code     4  memseta.o(.text)
    __aeabi_memclr4                          0x080001f3   Thumb Code     0  memseta.o(.text)
    __aeabi_memclr8                          0x080001f3   Thumb Code     0  memseta.o(.text)
    _memset$wrapper                          0x080001f7   Thumb Code    18  memseta.o(.text)
    strlen                                   0x08000209   Thumb Code    14  strlen.o(.text)
    __aeabi_uidiv                            0x08000217   Thumb Code     0  uidiv.o(.text)
    __aeabi_uidivmod                         0x08000217   Thumb Code    44  uidiv.o(.text)
    __scatterload                            0x08000245   Thumb Code    28  init.o(.text)
    __scatterload_rt2                        0x08000245   Thumb Code     0  init.o(.text)
    __decompress                             0x08000269   Thumb Code     0  __dczerorl2.o(.text)
    __decompress1                            0x08000269   Thumb Code    86  __dczerorl2.o(.text)
    BusFault_Handler                         0x08000301   Thumb Code     4  stm32f4xx_it.o(i.BusFault_Handler)
    DCD_EP_Close                             0x08000309   Thumb Code    74  usb_dcd.o(i.DCD_EP_Close)
    DCD_EP_ClrStall                          0x08000353   Thumb Code    72  usb_dcd.o(i.DCD_EP_ClrStall)
    DCD_EP_Open                              0x0800039b   Thumb Code   104  usb_dcd.o(i.DCD_EP_Open)
    DCD_EP_PrepareRx                         0x08000403   Thumb Code    82  usb_dcd.o(i.DCD_EP_PrepareRx)
    DCD_EP_SetAddress                        0x08000455   Thumb Code    28  usb_dcd.o(i.DCD_EP_SetAddress)
    DCD_EP_Stall                             0x08000471   Thumb Code    72  usb_dcd.o(i.DCD_EP_Stall)
    DCD_EP_Tx                                0x080004b9   Thumb Code    78  usb_dcd.o(i.DCD_EP_Tx)
    DMA1_Stream4_IRQHandler                  0x08000c15   Thumb Code   180  stm32f4_evb_audio_codec.o(i.DMA1_Stream4_IRQHandler)
    DMA_ClearFlag                            0x08000cdd   Thumb Code    38  stm32f4xx_dma.o(i.DMA_ClearFlag)
    DMA_Cmd                                  0x08000d11   Thumb Code    22  stm32f4xx_dma.o(i.DMA_Cmd)
    DMA_GetCmdStatus                         0x08000d27   Thumb Code    20  stm32f4xx_dma.o(i.DMA_GetCmdStatus)
    DMA_GetFlagStatus                        0x08000d3d   Thumb Code    54  stm32f4xx_dma.o(i.DMA_GetFlagStatus)
    DMA_Init                                 0x08000d81   Thumb Code    82  stm32f4xx_dma.o(i.DMA_Init)
    DebugMon_Handler                         0x08000dd9   Thumb Code     2  stm32f4xx_it.o(i.DebugMon_Handler)
    Delay                                    0x08000ddd   Thumb Code    20  main.o(i.Delay)
    ETH_ReadPHYRegister                      0x08000df5   Thumb Code    98  stm32f4x7_eth.o(i.ETH_ReadPHYRegister)
    EVAL_AUDIO_Play                          0x08000e61   Thumb Code   110  stm32f4_evb_audio_codec.o(i.EVAL_AUDIO_Play)
    EVAL_AUDIO_TransferComplete_CallBack     0x08000edd   Thumb Code    16  main.o(i.EVAL_AUDIO_TransferComplete_CallBack)
    EXTI15_10_IRQHandler                     0x08000ef5   Thumb Code    56  stm32f4xx_it.o(i.EXTI15_10_IRQHandler)
    EXTI2_IRQHandler                         0x08000f31   Thumb Code    16  stm32f4xx_it.o(i.EXTI2_IRQHandler)
    EXTI_ClearITPendingBit                   0x08000f41   Thumb Code     6  stm32f4xx_exti.o(i.EXTI_ClearITPendingBit)
    EXTI_GetITStatus                         0x08000f4d   Thumb Code    20  stm32f4xx_exti.o(i.EXTI_GetITStatus)
    EXTI_Init                                0x08000f65   Thumb Code   142  stm32f4xx_exti.o(i.EXTI_Init)
    Eth_Link_ITHandler                       0x08000ff9   Thumb Code   132  stm32f4x7_eth_bsp.o(i.Eth_Link_ITHandler)
    GPIO_Init                                0x080010c9   Thumb Code   144  stm32f4xx_gpio.o(i.GPIO_Init)
    GPIO_PinAFConfig                         0x08001159   Thumb Code    70  stm32f4xx_gpio.o(i.GPIO_PinAFConfig)
    GPIO_ReadInputDataBit                    0x0800119f   Thumb Code    18  stm32f4xx_gpio.o(i.GPIO_ReadInputDataBit)
    HardFault_Handler                        0x08001285   Thumb Code     4  stm32f4xx_it.o(i.HardFault_Handler)
    I2S_Cmd                                  0x08001289   Thumb Code    24  stm32f4xx_spi.o(i.I2S_Cmd)
    LCD_DisplayChar                          0x080012a1   Thumb Code    42  stm324xg_eval_lcd.o(i.LCD_DisplayChar)
    LCD_DisplayStringLine                    0x080012d1   Thumb Code    72  stm324xg_eval_lcd.o(i.LCD_DisplayStringLine)
    LCD_DrawChar                             0x0800131d   Thumb Code   160  stm324xg_eval_lcd.o(i.LCD_DrawChar)
    LCD_GetFont                              0x080013c9   Thumb Code     6  stm324xg_eval_lcd.o(i.LCD_GetFont)
    LCD_SetCursor                            0x080013d5   Thumb Code    24  stm324xg_eval_lcd.o(i.LCD_SetCursor)
    LCD_SetTextColor                         0x080013ed   Thumb Code    12  stm324xg_eval_lcd.o(i.LCD_SetTextColor)
    LCD_WriteRAM                             0x080013fd   Thumb Code     8  stm324xg_eval_lcd.o(i.LCD_WriteRAM)
    LCD_WriteRAM_Prepare                     0x08001405   Thumb Code    10  stm324xg_eval_lcd.o(i.LCD_WriteRAM_Prepare)
    LCD_WriteReg                             0x0800140f   Thumb Code    10  stm324xg_eval_lcd.o(i.LCD_WriteReg)
    MemManage_Handler                        0x08001419   Thumb Code     4  stm32f4xx_it.o(i.MemManage_Handler)
    NMI_Handler                              0x0800141d   Thumb Code     2  stm32f4xx_it.o(i.NMI_Handler)
    NVIC_Init                                0x08001421   Thumb Code   106  misc.o(i.NVIC_Init)
    OTG_HS_EP1_IN_IRQHandler                 0x08001499   Thumb Code    10  stm32f4xx_it.o(i.OTG_HS_EP1_IN_IRQHandler)
    OTG_HS_EP1_OUT_IRQHandler                0x080014a9   Thumb Code    10  stm32f4xx_it.o(i.OTG_HS_EP1_OUT_IRQHandler)
    OTG_HS_IRQHandler                        0x080014b9   Thumb Code    10  stm32f4xx_it.o(i.OTG_HS_IRQHandler)
    OTG_HS_WKUP_IRQHandler                   0x080014c9   Thumb Code    40  stm32f4xx_it.o(i.OTG_HS_WKUP_IRQHandler)
    PendSV_Handler                           0x080014f9   Thumb Code     2  stm32f4xx_it.o(i.PendSV_Handler)
    RCC_AHB1PeriphClockCmd                   0x080014fd   Thumb Code    26  stm32f4xx_rcc.o(i.RCC_AHB1PeriphClockCmd)
    RCC_AHB2PeriphClockCmd                   0x0800151d   Thumb Code    26  stm32f4xx_rcc.o(i.RCC_AHB2PeriphClockCmd)
    RCC_APB2PeriphClockCmd                   0x0800153d   Thumb Code    26  stm32f4xx_rcc.o(i.RCC_APB2PeriphClockCmd)
    RCC_GetClocksFreq                        0x0800155d   Thumb Code   214  stm32f4xx_rcc.o(i.RCC_GetClocksFreq)
    RNG_Cmd                                  0x08001645   Thumb Code    30  stm32f4xx_rng.o(i.RNG_Cmd)
    STM_EVAL_COMInit                         0x08001669   Thumb Code   220  stm32f4_evb.o(i.STM_EVAL_COMInit)
    STM_EVAL_LEDInit                         0x08001779   Thumb Code    62  stm32f4_evb.o(i.STM_EVAL_LEDInit)
    STM_EVAL_LEDOff                          0x080017c5   Thumb Code    16  stm32f4_evb.o(i.STM_EVAL_LEDOff)
    STM_EVAL_LEDOn                           0x080017dd   Thumb Code    16  stm32f4_evb.o(i.STM_EVAL_LEDOn)
    STM_EVAL_LEDToggle                       0x080017f5   Thumb Code    26  stm32f4_evb.o(i.STM_EVAL_LEDToggle)
    STM_EVAL_PBGetState                      0x08001819   Thumb Code    22  stm32f4_evb.o(i.STM_EVAL_PBGetState)
    STM_EVAL_PBInit                          0x08001839   Thumb Code   156  stm32f4_evb.o(i.STM_EVAL_PBInit)
    SVC_Handler                              0x080018f1   Thumb Code     2  stm32f4xx_it.o(i.SVC_Handler)
    SYSCFG_EXTILineConfig                    0x080018f5   Thumb Code    60  stm32f4xx_syscfg.o(i.SYSCFG_EXTILineConfig)
    SysTick_Handler                          0x08001a59   Thumb Code    12  stm32f4xx_it.o(i.SysTick_Handler)
    SystemInit                               0x08001a65   Thumb Code    88  system_stm32f4xx.o(i.SystemInit)
    Time_Update                              0x08001acd   Thumb Code    12  main.o(i.Time_Update)
    TimingDelay_Decrement                    0x08001add   Thumb Code    18  main.o(i.TimingDelay_Decrement)
    USART1_IRQHandler                        0x08001af5   Thumb Code    22  stm32f4xx_it.o(i.USART1_IRQHandler)
    USART3_IRQHandler                        0x08001b11   Thumb Code    40  usbd_cdc_vcp.o(i.USART3_IRQHandler)
    USART_Cmd                                0x08001b3d   Thumb Code    24  stm32f4xx_usart.o(i.USART_Cmd)
    USART_GetFlagStatus                      0x08001b55   Thumb Code    26  stm32f4xx_usart.o(i.USART_GetFlagStatus)
    USART_GetITStatus                        0x08001b6f   Thumb Code    84  stm32f4xx_usart.o(i.USART_GetITStatus)
    USART_ITConfig                           0x08001bc3   Thumb Code    74  stm32f4xx_usart.o(i.USART_ITConfig)
    USART_Init                               0x08001c0d   Thumb Code   204  stm32f4xx_usart.o(i.USART_Init)
    USART_ReceiveData                        0x08001ce1   Thumb Code    10  stm32f4xx_usart.o(i.USART_ReceiveData)
    USART_SendData                           0x08001ceb   Thumb Code     8  stm32f4xx_usart.o(i.USART_SendData)
    USBD_ClrCfg                              0x08001cf3   Thumb Code    22  usbd_core.o(i.USBD_ClrCfg)
    USBD_CtlContinueRx                       0x08001d51   Thumb Code    30  usbd_ioreq.o(i.USBD_CtlContinueRx)
    USBD_CtlContinueSendData                 0x08001d6f   Thumb Code    30  usbd_ioreq.o(i.USBD_CtlContinueSendData)
    USBD_CtlError                            0x08001d8d   Thumb Code    30  usbd_req.o(i.USBD_CtlError)
    USBD_CtlPrepareRx                        0x08001dab   Thumb Code    46  usbd_ioreq.o(i.USBD_CtlPrepareRx)
    USBD_CtlReceiveStatus                    0x08001dd9   Thumb Code    36  usbd_ioreq.o(i.USBD_CtlReceiveStatus)
    USBD_CtlSendData                         0x08001dfd   Thumb Code    46  usbd_ioreq.o(i.USBD_CtlSendData)
    USBD_CtlSendStatus                       0x08001e2b   Thumb Code    36  usbd_ioreq.o(i.USBD_CtlSendStatus)
    USBD_GetString                           0x0800222d   Thumb Code    82  usbd_req.o(i.USBD_GetString)
    USBD_OTG_EP1IN_ISR_Handler               0x080022a5   Thumb Code   232  usb_dcd_int.o(i.USBD_OTG_EP1IN_ISR_Handler)
    USBD_OTG_EP1OUT_ISR_Handler              0x08002391   Thumb Code   122  usb_dcd_int.o(i.USBD_OTG_EP1OUT_ISR_Handler)
    USBD_OTG_ISR_Handler                     0x08002411   Thumb Code   256  usb_dcd_int.o(i.USBD_OTG_ISR_Handler)
    USBD_ParseSetupRequest                   0x08002511   Thumb Code    72  usbd_req.o(i.USBD_ParseSetupRequest)
    USBD_SetCfg                              0x08002633   Thumb Code    30  usbd_core.o(i.USBD_SetCfg)
    USBD_StdDevReq                           0x08002819   Thumb Code   114  usbd_req.o(i.USBD_StdDevReq)
    USBD_StdEPReq                            0x0800288d   Thumb Code   344  usbd_req.o(i.USBD_StdEPReq)
    USBD_StdItfReq                           0x080029e9   Thumb Code    76  usbd_req.o(i.USBD_StdItfReq)
    USBD_USR_ConfigStrDescriptor             0x08002a55   Thumb Code    34  usbd_desc.o(i.USBD_USR_ConfigStrDescriptor)
    USBD_USR_DeviceDescriptor                0x08002a89   Thumb Code    10  usbd_desc.o(i.USBD_USR_DeviceDescriptor)
    USBD_USR_InterfaceStrDescriptor          0x08002a99   Thumb Code    34  usbd_desc.o(i.USBD_USR_InterfaceStrDescriptor)
    USBD_USR_LangIDStrDescriptor             0x08002ad1   Thumb Code    10  usbd_desc.o(i.USBD_USR_LangIDStrDescriptor)
    USBD_USR_ManufacturerStrDescriptor       0x08002ae1   Thumb Code    20  usbd_desc.o(i.USBD_USR_ManufacturerStrDescriptor)
    USBD_USR_ProductStrDescriptor            0x08002b0d   Thumb Code    34  usbd_desc.o(i.USBD_USR_ProductStrDescriptor)
    USBD_USR_SerialStrDescriptor             0x08002b7d   Thumb Code    34  usbd_desc.o(i.USBD_USR_SerialStrDescriptor)
    USB_OTG_BSP_uDelay                       0x08002be5   Thumb Code    30  usb_bsp.o(i.USB_OTG_BSP_uDelay)
    USB_OTG_EP0Activate                      0x08002c03   Thumb Code   106  usb_core.o(i.USB_OTG_EP0Activate)
    USB_OTG_EP0StartXfer                     0x08002c6d   Thumb Code   342  usb_core.o(i.USB_OTG_EP0StartXfer)
    USB_OTG_EP0_OutStart                     0x08002dc3   Thumb Code    98  usb_core.o(i.USB_OTG_EP0_OutStart)
    USB_OTG_EPActivate                       0x08002e25   Thumb Code   176  usb_core.o(i.USB_OTG_EPActivate)
    USB_OTG_EPClearStall                     0x08002ed5   Thumb Code    80  usb_core.o(i.USB_OTG_EPClearStall)
    USB_OTG_EPDeactivate                     0x08002f25   Thumb Code   118  usb_core.o(i.USB_OTG_EPDeactivate)
    USB_OTG_EPSetStall                       0x08002f9b   Thumb Code   100  usb_core.o(i.USB_OTG_EPSetStall)
    USB_OTG_EPStartXfer                      0x08002fff   Thumb Code   502  usb_core.o(i.USB_OTG_EPStartXfer)
    USB_OTG_FlushTxFifo                      0x080031f5   Thumb Code    80  usb_core.o(i.USB_OTG_FlushTxFifo)
    USB_OTG_GetDeviceSpeed                   0x08003249   Thumb Code    52  usb_core.o(i.USB_OTG_GetDeviceSpeed)
    USB_OTG_GetMode                          0x0800327d   Thumb Code    12  usb_core.o(i.USB_OTG_GetMode)
    USB_OTG_IsDeviceMode                     0x08003289   Thumb Code    22  usb_core.o(i.USB_OTG_IsDeviceMode)
    USB_OTG_ReadCoreItr                      0x0800329f   Thumb Code    16  usb_core.o(i.USB_OTG_ReadCoreItr)
    USB_OTG_ReadDevAllInEPItr                0x080032af   Thumb Code    16  usb_core.o(i.USB_OTG_ReadDevAllInEPItr)
    USB_OTG_ReadDevAllOutEp_itr              0x080032bf   Thumb Code    16  usb_core.o(i.USB_OTG_ReadDevAllOutEp_itr)
    USB_OTG_ReadDevOutEP_itr                 0x080032cf   Thumb Code    20  usb_core.o(i.USB_OTG_ReadDevOutEP_itr)
    USB_OTG_ReadPacket                       0x080032e3   Thumb Code    40  usb_core.o(i.USB_OTG_ReadPacket)
    USB_OTG_UngateClock                      0x0800330b   Thumb Code    54  usb_core.o(i.USB_OTG_UngateClock)
    USB_OTG_WritePacket                      0x08003341   Thumb Code    64  usb_core.o(i.USB_OTG_WritePacket)
    UsageFault_Handler                       0x08003381   Thumb Code     4  stm32f4xx_it.o(i.UsageFault_Handler)
    __0sprintf$1                             0x08003625   Thumb Code    34  printf1.o(i.__0sprintf$1)
    __1sprintf$1                             0x08003625   Thumb Code     0  printf1.o(i.__0sprintf$1)
    __2sprintf                               0x08003625   Thumb Code     0  printf1.o(i.__0sprintf$1)
    __scatterload_copy                       0x0800364d   Thumb Code    14  handlers.o(i.__scatterload_copy)
    __scatterload_null                       0x0800365b   Thumb Code     2  handlers.o(i.__scatterload_null)
    __scatterload_zeroinit                   0x0800365d   Thumb Code    14  handlers.o(i.__scatterload_zeroinit)
    htonl                                    0x080037cb   Thumb Code    26  inet.o(i.htonl)
    htons                                    0x080037e5   Thumb Code    12  inet.o(i.htons)
    inet_chksum                              0x080037f1   Thumb Code    20  inet_chksum.o(i.inet_chksum)
    ip_frag                                  0x08003805   Thumb Code   326  ip_frag.o(i.ip_frag)
    ip_output                                0x08003951   Thumb Code    52  ip.o(i.ip_output)
    ip_output_if                             0x08003985   Thumb Code   246  ip.o(i.ip_output_if)
    ip_route                                 0x08003a81   Thumb Code    70  ip.o(i.ip_route)
    main                                     0x08003b1d   Thumb Code   202  main.o(i.main)
    mem_free                                 0x08003bf5   Thumb Code    68  mem.o(i.mem_free)
    mem_malloc                               0x08003c45   Thumb Code   228  mem.o(i.mem_malloc)
    mem_realloc                              0x08003d35   Thumb Code   288  mem.o(i.mem_realloc)
    memp_free                                0x08003e61   Thumb Code    28  memp.o(i.memp_free)
    memp_malloc                              0x08003e81   Thumb Code    40  memp.o(i.memp_malloc)
    netif_is_up                              0x08003ead   Thumb Code    12  netif.o(i.netif_is_up)
    ntohl                                    0x08003eb9   Thumb Code    12  inet.o(i.ntohl)
    ntohs                                    0x08003ec5   Thumb Code    12  inet.o(i.ntohs)
    pbuf_alloc                               0x08003ed1   Thumb Code   414  pbuf.o(i.pbuf_alloc)
    pbuf_cat                                 0x0800406f   Thumb Code    56  pbuf.o(i.pbuf_cat)
    pbuf_chain                               0x080040a7   Thumb Code    22  pbuf.o(i.pbuf_chain)
    pbuf_clen                                0x080040bd   Thumb Code    18  pbuf.o(i.pbuf_clen)
    pbuf_copy_partial                        0x080040cf   Thumb Code   146  pbuf.o(i.pbuf_copy_partial)
    pbuf_free                                0x08004161   Thumb Code   110  pbuf.o(i.pbuf_free)
    pbuf_header                              0x080041cf   Thumb Code   126  pbuf.o(i.pbuf_header)
    pbuf_realloc                             0x0800424d   Thumb Code   120  pbuf.o(i.pbuf_realloc)
    pbuf_ref                                 0x080042c5   Thumb Code    10  pbuf.o(i.pbuf_ref)
    pbuf_take                                0x080042cf   Thumb Code   116  pbuf.o(i.pbuf_take)
    tcp_abandon                              0x080043cd   Thumb Code   148  tcp.o(i.tcp_abandon)
    tcp_alloc                                0x08004469   Thumb Code   170  tcp.o(i.tcp_alloc)
    tcp_arg                                  0x08004521   Thumb Code     4  tcp.o(i.tcp_arg)
    tcp_close                                0x08004525   Thumb Code   234  tcp.o(i.tcp_close)
    tcp_connect                              0x08004621   Thumb Code   266  tcp.o(i.tcp_connect)
    tcp_echoclient_connect                   0x08004739   Thumb Code    40  tcp_echoclient.o(i.tcp_echoclient_connect)
    tcp_eff_send_mss                         0x080049a7   Thumb Code    46  tcp.o(i.tcp_eff_send_mss)
    tcp_enqueue                              0x080049d5   Thumb Code  1014  tcp_out.o(i.tcp_enqueue)
    tcp_new                                  0x08004e61   Thumb Code    10  tcp.o(i.tcp_new)
    tcp_next_iss                             0x08004ee5   Thumb Code    20  tcp.o(i.tcp_next_iss)
    tcp_output                               0x08004f01   Thumb Code   474  tcp_out.o(i.tcp_output)
    tcp_pcb_purge                            0x08005237   Thumb Code    54  tcp.o(i.tcp_pcb_purge)
    tcp_pcb_remove                           0x0800526d   Thumb Code   146  tcp.o(i.tcp_pcb_remove)
    tcp_poll                                 0x08005305   Thumb Code    10  tcp.o(i.tcp_poll)
    tcp_recv                                 0x0800530f   Thumb Code     6  tcp.o(i.tcp_recv)
    tcp_recv_null                            0x08005315   Thumb Code    46  tcp.o(i.tcp_recv_null)
    tcp_recved                               0x08005343   Thumb Code    70  tcp.o(i.tcp_recved)
    tcp_rst                                  0x08005389   Thumb Code   170  tcp_out.o(i.tcp_rst)
    tcp_seg_free                             0x08005433   Thumb Code    32  tcp.o(i.tcp_seg_free)
    tcp_segs_free                            0x08005453   Thumb Code    30  tcp.o(i.tcp_segs_free)
    tcp_send_ctrl                            0x08005471   Thumb Code    28  tcp_out.o(i.tcp_send_ctrl)
    tcp_send_empty_ack                       0x0800548d   Thumb Code    94  tcp_out.o(i.tcp_send_empty_ack)
    tcp_sent                                 0x080054eb   Thumb Code     6  tcp.o(i.tcp_sent)
    tcp_update_rcv_ann_wnd                   0x080054f1   Thumb Code    72  tcp.o(i.tcp_update_rcv_ann_wnd)
    tcp_write                                0x08005539   Thumb Code    72  tcp_out.o(i.tcp_write)
    AUDIO_SAMPLE                             0x08005830   Data       109912  audio_sample.o(.constdata)
    GPIO_PIN                                 0x08020588   Data           8  stm32f4_evb.o(.constdata)
    GPIO_CLK                                 0x08020590   Data          16  stm32f4_evb.o(.constdata)
    BUTTON_PIN                               0x080205a0   Data           6  stm32f4_evb.o(.constdata)
    BUTTON_CLK                               0x080205a8   Data          12  stm32f4_evb.o(.constdata)
    BUTTON_EXTI_LINE                         0x080205b4   Data           6  stm32f4_evb.o(.constdata)
    BUTTON_PORT_SOURCE                       0x080205ba   Data           6  stm32f4_evb.o(.constdata)
    BUTTON_PIN_SOURCE                        0x080205c0   Data           6  stm32f4_evb.o(.constdata)
    BUTTON_IRQn                              0x080205c6   Data           6  stm32f4_evb.o(.constdata)
    COM_USART_CLK                            0x080205cc   Data           4  stm32f4_evb.o(.constdata)
    COM_TX_PORT_CLK                          0x080205d0   Data           4  stm32f4_evb.o(.constdata)
    COM_RX_PORT_CLK                          0x080205d4   Data           4  stm32f4_evb.o(.constdata)
    COM_TX_PIN                               0x080205d8   Data           2  stm32f4_evb.o(.constdata)
    COM_RX_PIN                               0x080205da   Data           2  stm32f4_evb.o(.constdata)
    COM_TX_PIN_SOURCE                        0x080205dc   Data           2  stm32f4_evb.o(.constdata)
    COM_RX_PIN_SOURCE                        0x080205de   Data           2  stm32f4_evb.o(.constdata)
    COM_TX_AF                                0x080205e0   Data           2  stm32f4_evb.o(.constdata)
    COM_RX_AF                                0x080205e2   Data           2  stm32f4_evb.o(.constdata)
    ASCII16x24_Table                         0x080205e4   Data        4560  stm324xg_eval_lcd.o(.constdata)
    ASCII12x12_Table                         0x080217b4   Data        2304  stm324xg_eval_lcd.o(.constdata)
    ASCII8x12_Table                          0x080220b4   Data        2304  stm324xg_eval_lcd.o(.constdata)
    ASCII8x8_Table                           0x080229b4   Data        1536  stm324xg_eval_lcd.o(.constdata)
    Region$$Table$$Base                      0x0802302c   Number         0  anon$$obj.o(Region$$Table)
    Region$$Table$$Limit                     0x0802304c   Number         0  anon$$obj.o(Region$$Table)
    LocalTime                                0x20000000   Data           4  main.o(.data)
    uwVolume                                 0x20000004   Data           4  main.o(.data)
    uhNumDataRead                            0x2000000c   Data           2  main.o(.data)
    Read_Gensor_RegValue                     0x2000000e   Data           1  main.o(.data)
    linecoding                               0x20000010   Data           8  usbd_cdc_vcp.o(.data)
    VCP_fops                                 0x20000018   Data          20  usbd_cdc_vcp.o(.data)
    USR_desc                                 0x2000002c   Data          28  usbd_desc.o(.data)
    USBD_DeviceDesc                          0x20000048   Data          18  usbd_desc.o(.data)
    USBD_DeviceQualifierDesc                 0x2000005a   Data          10  usbd_desc.o(.data)
    USBD_LangIDDesc                          0x20000064   Data           4  usbd_desc.o(.data)
    EthInitStatus                            0x20000068   Data           4  stm32f4x7_eth_bsp.o(.data)
    EthLinkStatus                            0x2000006c   Data           1  stm32f4x7_eth_bsp.o(.data)
    message_count                            0x20000070   Data           4  tcp_echoclient.o(.data)
    echoclient_pcb                           0x20000074   Data           4  tcp_echoclient.o(.data)
    GPIO_PORT                                0x20000078   Data          16  stm32f4_evb.o(.data)
    BUTTON_PORT                              0x20000088   Data          12  stm32f4_evb.o(.data)
    COM_USART                                0x20000094   Data           4  stm32f4_evb.o(.data)
    COM_TX_PORT                              0x20000098   Data           4  stm32f4_evb.o(.data)
    COM_RX_PORT                              0x2000009c   Data           4  stm32f4_evb.o(.data)
    NVIC_InitStructure                       0x200000a0   Data           4  stm32f4_evb.o(.data)
    AudioTotalSize                           0x200000a4   Data           4  stm32f4_evb_audio_codec.o(.data)
    AudioRemSize                             0x200000a8   Data           4  stm32f4_evb_audio_codec.o(.data)
    CurrentPos                               0x200000ac   Data           4  stm32f4_evb_audio_codec.o(.data)
    cid                                      0x200000b0   Data           4  stm32f4_evb_audio_codec.o(.data)
    revid                                    0x200000b4   Data           4  stm32f4_evb_audio_codec.o(.data)
    CODECTimeout                             0x200000b8   Data           4  stm32f4_evb_audio_codec.o(.data)
    OutputDev                                0x200000bc   Data           1  stm32f4_evb_audio_codec.o(.data)
    Font16x24                                0x200000c0   Data           8  stm324xg_eval_lcd.o(.data)
    Font12x12                                0x200000c8   Data           8  stm324xg_eval_lcd.o(.data)
    Font8x12                                 0x200000d0   Data           8  stm324xg_eval_lcd.o(.data)
    Font8x8                                  0x200000d8   Data           8  stm324xg_eval_lcd.o(.data)
    SET_TEST_MODE                            0x200000f8   Data           4  usbd_core.o(.data)
    USBD_DCD_INT_cb                          0x200000fc   Data          44  usbd_core.o(.data)
    USBD_DCD_INT_fops                        0x20000128   Data           4  usbd_core.o(.data)
    USBD_ep_status                           0x2000012c   Data           4  usbd_req.o(.data)
    USBD_default_cfg                         0x20000130   Data           4  usbd_req.o(.data)
    USBD_cfg_status                          0x20000134   Data           4  usbd_req.o(.data)
    CmdBuff                                  0x20000140   Data           8  usbd_cdc_core.o(.data)
    APP_Rx_ptr_in                            0x20000148   Data           4  usbd_cdc_core.o(.data)
    APP_Rx_ptr_out                           0x2000014c   Data           4  usbd_cdc_core.o(.data)
    APP_Rx_length                            0x20000150   Data           4  usbd_cdc_core.o(.data)
    USB_Tx_State                             0x20000154   Data           1  usbd_cdc_core.o(.data)
    USBD_CDC_cb                              0x20000160   Data          48  usbd_cdc_core.o(.data)
    usbd_cdc_CfgDesc                         0x20000190   Data          67  usbd_cdc_core.o(.data)
    usbd_cdc_OtherCfgDesc                    0x200001d3   Data          67  usbd_cdc_core.o(.data)
    netif_list                               0x2000022c   Data           4  netif.o(.data)
    netif_default                            0x20000230   Data           4  netif.o(.data)
    tcp_state_str                            0x20000238   Data          44  tcp.o(.data)
    tcp_ticks                                0x20000264   Data           4  tcp.o(.data)
    tcp_bound_pcbs                           0x20000268   Data           4  tcp.o(.data)
    tcp_listen_pcbs                          0x2000026c   Data           4  tcp.o(.data)
    tcp_active_pcbs                          0x20000270   Data           4  tcp.o(.data)
    tcp_tw_pcbs                              0x20000274   Data           4  tcp.o(.data)
    tcp_tmp_pcb                              0x20000278   Data           4  tcp.o(.data)
    tcp_input_pcb                            0x200002a0   Data           4  tcp_in.o(.data)
    current_netif                            0x200002a4   Data           4  ip.o(.data)
    current_header                           0x200002a8   Data           4  ip.o(.data)
    USB_OTG_dev                              0x200002b0   Data        1524  main.o(.bss)
    testdata                                 0x200008a4   Data          32  main.o(.bss)
    readdata                                 0x200008c4   Data          32  main.o(.bss)
    str                                      0x200008e4   Data          50  main.o(.bss)
    USART_InitStructure                      0x20000918   Data          16  usbd_cdc_vcp.o(.bss)
    recev_buf                                0x20000928   Data          50  tcp_echoclient.o(.bss)
    data                                     0x2000095a   Data         100  tcp_echoclient.o(.bss)
    AUDIO_MAL_DMA_InitStructure              0x200009fc   Data          60  stm32f4_evb_audio_codec.o(.bss)
    USBD_StrDesc                             0x20000a38   Data         255  usbd_req.o(.bss)
    USB_Rx_Buffer                            0x20000b37   Data         512  usbd_cdc_core.o(.bss)
    APP_Rx_Buffer                            0x20000d37   Data        2048  usbd_cdc_core.o(.bss)
    __initial_sp                             0x20006ca8   Data           0  startup_stm32f40xx.o(STACK)



==============================================================================

Memory Map of the image

  Image Entry point : 0x08000189

  Load Region LR_IROM1 (Base: 0x08000000, Size: 0x000232fc, Max: 0x00100000, ABSOLUTE, COMPRESSED[0x000231a4])

    Execution Region ER_IROM1 (Base: 0x08000000, Size: 0x0002304c, Max: 0x00100000, ABSOLUTE)

    Base Addr    Size         Type   Attr      Idx    E Section Name        Object

    0x08000000   0x00000188   Data   RO         6908    RESET               startup_stm32f40xx.o
    0x08000188   0x00000000   Code   RO         9196  * .ARM.Collect$$$$00000000  mc_w.l(entry.o)
    0x08000188   0x00000004   Code   RO         9480    .ARM.Collect$$$$00000001  mc_w.l(entry2.o)
    0x0800018c   0x00000004   Code   RO         9483    .ARM.Collect$$$$00000004  mc_w.l(entry5.o)
    0x08000190   0x00000000   Code   RO         9485    .ARM.Collect$$$$00000008  mc_w.l(entry7b.o)
    0x08000190   0x00000000   Code   RO         9487    .ARM.Collect$$$$0000000A  mc_w.l(entry8b.o)
    0x08000190   0x00000008   Code   RO         9488    .ARM.Collect$$$$0000000B  mc_w.l(entry9a.o)
    0x08000198   0x00000000   Code   RO         9490    .ARM.Collect$$$$0000000D  mc_w.l(entry10a.o)
    0x08000198   0x00000000   Code   RO         9492    .ARM.Collect$$$$0000000F  mc_w.l(entry11a.o)
    0x08000198   0x00000004   Code   RO         9481    .ARM.Collect$$$$00002712  mc_w.l(entry2.o)
    0x0800019c   0x00000024   Code   RO         6909    .text               startup_stm32f40xx.o
    0x080001c0   0x00000024   Code   RO         9201    .text               mc_w.l(memcpya.o)
    0x080001e4   0x00000024   Code   RO         9203    .text               mc_w.l(memseta.o)
    0x08000208   0x0000000e   Code   RO         9205    .text               mc_w.l(strlen.o)
    0x08000216   0x0000002c   Code   RO         9495    .text               mc_w.l(uidiv.o)
    0x08000242   0x00000002   PAD
    0x08000244   0x00000024   Code   RO         9512    .text               mc_w.l(init.o)
    0x08000268   0x00000056   Code   RO         9524    .text               mc_w.l(__dczerorl2.o)
    0x080002be   0x00000002   PAD
    0x080002c0   0x00000040   Code   RO         1508    i.Audio_MAL_Play    stm32f4_evb_audio_codec.o
    0x08000300   0x00000004   Code   RO          335    i.BusFault_Handler  stm32f4xx_it.o
    0x08000304   0x00000004   Code   RO         1520    i.Codec_Play        stm32f4_evb_audio_codec.o
    0x08000308   0x0000004a   Code   RO         7497    i.DCD_EP_Close      usb_dcd.o
    0x08000352   0x00000048   Code   RO         7498    i.DCD_EP_ClrStall   usb_dcd.o
    0x0800039a   0x00000068   Code   RO         7500    i.DCD_EP_Open       usb_dcd.o
    0x08000402   0x00000052   Code   RO         7501    i.DCD_EP_PrepareRx  usb_dcd.o
    0x08000454   0x0000001c   Code   RO         7502    i.DCD_EP_SetAddress  usb_dcd.o
    0x08000470   0x00000048   Code   RO         7503    i.DCD_EP_Stall      usb_dcd.o
    0x080004b8   0x0000004e   Code   RO         7504    i.DCD_EP_Tx         usb_dcd.o
    0x08000506   0x00000066   Code   RO         7591    i.DCD_HandleEnumDone_ISR  usb_dcd_int.o
    0x0800056c   0x00000144   Code   RO         7592    i.DCD_HandleInEP_ISR  usb_dcd_int.o
    0x080006b0   0x00000100   Code   RO         7593    i.DCD_HandleOutEP_ISR  usb_dcd_int.o
    0x080007b0   0x00000068   Code   RO         7594    i.DCD_HandleResume_ISR  usb_dcd_int.o
    0x08000818   0x000000b0   Code   RO         7595    i.DCD_HandleRxStatusQueueLevel_ISR  usb_dcd_int.o
    0x080008c8   0x0000002c   Code   RO         7596    i.DCD_HandleSof_ISR  usb_dcd_int.o
    0x080008f4   0x000000a8   Code   RO         7597    i.DCD_HandleUSBSuspend_ISR  usb_dcd_int.o
    0x0800099c   0x00000110   Code   RO         7598    i.DCD_HandleUsbReset_ISR  usb_dcd_int.o
    0x08000aac   0x0000002c   Code   RO         7599    i.DCD_IsoINIncomplete_ISR  usb_dcd_int.o
    0x08000ad8   0x0000002c   Code   RO         7600    i.DCD_IsoOUTIncomplete_ISR  usb_dcd_int.o
    0x08000b04   0x0000002c   Code   RO         7601    i.DCD_OTG_ISR       usb_dcd_int.o
    0x08000b30   0x00000028   Code   RO         7602    i.DCD_ReadDevInEP   usb_dcd_int.o
    0x08000b58   0x0000002c   Code   RO         7603    i.DCD_SessionRequest_ISR  usb_dcd_int.o
    0x08000b84   0x00000090   Code   RO         7604    i.DCD_WriteEmptyTxFifo  usb_dcd_int.o
    0x08000c14   0x000000c8   Code   RO         1527    i.DMA1_Stream4_IRQHandler  stm32f4_evb_audio_codec.o
    0x08000cdc   0x00000034   Code   RO         2999    i.DMA_ClearFlag     stm32f4xx_dma.o
    0x08000d10   0x00000016   Code   RO         3001    i.DMA_Cmd           stm32f4xx_dma.o
    0x08000d26   0x00000014   Code   RO         3006    i.DMA_GetCmdStatus  stm32f4xx_dma.o
    0x08000d3a   0x00000002   PAD
    0x08000d3c   0x00000044   Code   RO         3010    i.DMA_GetFlagStatus  stm32f4xx_dma.o
    0x08000d80   0x00000058   Code   RO         3013    i.DMA_Init          stm32f4xx_dma.o
    0x08000dd8   0x00000002   Code   RO          336    i.DebugMon_Handler  stm32f4xx_it.o
    0x08000dda   0x00000002   PAD
    0x08000ddc   0x00000018   Code   RO            5    i.Delay             main.o
    0x08000df4   0x0000006c   Code   RO         6348    i.ETH_ReadPHYRegister  stm32f4x7_eth.o
    0x08000e60   0x0000007c   Code   RO         1533    i.EVAL_AUDIO_Play   stm32f4_evb_audio_codec.o
    0x08000edc   0x00000018   Code   RO            8    i.EVAL_AUDIO_TransferComplete_CallBack  main.o
    0x08000ef4   0x0000003c   Code   RO          337    i.EXTI15_10_IRQHandler  stm32f4xx_it.o
    0x08000f30   0x00000010   Code   RO          338    i.EXTI2_IRQHandler  stm32f4xx_it.o
    0x08000f40   0x0000000c   Code   RO         3132    i.EXTI_ClearITPendingBit  stm32f4xx_exti.o
    0x08000f4c   0x00000018   Code   RO         3136    i.EXTI_GetITStatus  stm32f4xx_exti.o
    0x08000f64   0x00000094   Code   RO         3137    i.EXTI_Init         stm32f4xx_exti.o
    0x08000ff8   0x000000d0   Code   RO          817    i.Eth_Link_ITHandler  stm32f4x7_eth_bsp.o
    0x080010c8   0x00000090   Code   RO         3588    i.GPIO_Init         stm32f4xx_gpio.o
    0x08001158   0x00000046   Code   RO         3589    i.GPIO_PinAFConfig  stm32f4xx_gpio.o
    0x0800119e   0x00000012   Code   RO         3592    i.GPIO_ReadInputDataBit  stm32f4xx_gpio.o
    0x080011b0   0x000000d4   Code   RO         7187    i.Handle_USBAsynchXfer  usbd_cdc_core.o
    0x08001284   0x00000004   Code   RO          339    i.HardFault_Handler  stm32f4xx_it.o
    0x08001288   0x00000018   Code   RO         5225    i.I2S_Cmd           stm32f4xx_spi.o
    0x080012a0   0x00000030   Code   RO         1697    i.LCD_DisplayChar   stm324xg_eval_lcd.o
    0x080012d0   0x0000004c   Code   RO         1700    i.LCD_DisplayStringLine  stm324xg_eval_lcd.o
    0x0800131c   0x000000ac   Code   RO         1701    i.LCD_DrawChar      stm324xg_eval_lcd.o
    0x080013c8   0x0000000c   Code   RO         1712    i.LCD_GetFont       stm324xg_eval_lcd.o
    0x080013d4   0x00000018   Code   RO         1721    i.LCD_SetCursor     stm324xg_eval_lcd.o
    0x080013ec   0x00000010   Code   RO         1724    i.LCD_SetTextColor  stm324xg_eval_lcd.o
    0x080013fc   0x00000008   Code   RO         1727    i.LCD_WriteRAM      stm324xg_eval_lcd.o
    0x08001404   0x0000000a   Code   RO         1728    i.LCD_WriteRAM_Prepare  stm324xg_eval_lcd.o
    0x0800140e   0x0000000a   Code   RO         1729    i.LCD_WriteReg      stm324xg_eval_lcd.o
    0x08001418   0x00000004   Code   RO          340    i.MemManage_Handler  stm32f4xx_it.o
    0x0800141c   0x00000002   Code   RO          341    i.NMI_Handler       stm32f4xx_it.o
    0x0800141e   0x00000002   PAD
    0x08001420   0x00000078   Code   RO         1968    i.NVIC_Init         misc.o
    0x08001498   0x00000010   Code   RO          342    i.OTG_HS_EP1_IN_IRQHandler  stm32f4xx_it.o
    0x080014a8   0x00000010   Code   RO          343    i.OTG_HS_EP1_OUT_IRQHandler  stm32f4xx_it.o
    0x080014b8   0x00000010   Code   RO          344    i.OTG_HS_IRQHandler  stm32f4xx_it.o
    0x080014c8   0x00000030   Code   RO          345    i.OTG_HS_WKUP_IRQHandler  stm32f4xx_it.o
    0x080014f8   0x00000002   Code   RO          346    i.PendSV_Handler    stm32f4xx_it.o
    0x080014fa   0x00000002   PAD
    0x080014fc   0x00000020   Code   RO         4271    i.RCC_AHB1PeriphClockCmd  stm32f4xx_rcc.o
    0x0800151c   0x00000020   Code   RO         4274    i.RCC_AHB2PeriphClockCmd  stm32f4xx_rcc.o
    0x0800153c   0x00000020   Code   RO         4283    i.RCC_APB2PeriphClockCmd  stm32f4xx_rcc.o
    0x0800155c   0x000000e8   Code   RO         4292    i.RCC_GetClocksFreq  stm32f4xx_rcc.o
    0x08001644   0x00000024   Code   RO         4605    i.RNG_Cmd           stm32f4xx_rng.o
    0x08001668   0x00000110   Code   RO          939    i.STM_EVAL_COMInit  stm32f4_evb.o
    0x08001778   0x0000004c   Code   RO          940    i.STM_EVAL_LEDInit  stm32f4_evb.o
    0x080017c4   0x00000018   Code   RO          941    i.STM_EVAL_LEDOff   stm32f4_evb.o
    0x080017dc   0x00000018   Code   RO          942    i.STM_EVAL_LEDOn    stm32f4_evb.o
    0x080017f4   0x00000024   Code   RO          943    i.STM_EVAL_LEDToggle  stm32f4_evb.o
    0x08001818   0x00000020   Code   RO          944    i.STM_EVAL_PBGetState  stm32f4_evb.o
    0x08001838   0x000000b8   Code   RO          945    i.STM_EVAL_PBInit   stm32f4_evb.o
    0x080018f0   0x00000002   Code   RO          347    i.SVC_Handler       stm32f4xx_it.o
    0x080018f2   0x00000002   PAD
    0x080018f4   0x00000040   Code   RO         5396    i.SYSCFG_EXTILineConfig  stm32f4xx_syscfg.o
    0x08001934   0x00000124   Code   RO         6802    i.SetSysClock       system_stm32f4xx.o
    0x08001a58   0x0000000c   Code   RO          348    i.SysTick_Handler   stm32f4xx_it.o
    0x08001a64   0x00000068   Code   RO         6804    i.SystemInit        system_stm32f4xx.o
    0x08001acc   0x00000010   Code   RO            9    i.Time_Update       main.o
    0x08001adc   0x00000018   Code   RO           10    i.TimingDelay_Decrement  main.o
    0x08001af4   0x0000001c   Code   RO          349    i.USART1_IRQHandler  stm32f4xx_it.o
    0x08001b10   0x0000002c   Code   RO          540    i.USART3_IRQHandler  usbd_cdc_vcp.o
    0x08001b3c   0x00000018   Code   RO         6023    i.USART_Cmd         stm32f4xx_usart.o
    0x08001b54   0x0000001a   Code   RO         6026    i.USART_GetFlagStatus  stm32f4xx_usart.o
    0x08001b6e   0x00000054   Code   RO         6027    i.USART_GetITStatus  stm32f4xx_usart.o
    0x08001bc2   0x0000004a   Code   RO         6029    i.USART_ITConfig    stm32f4xx_usart.o
    0x08001c0c   0x000000d4   Code   RO         6030    i.USART_Init        stm32f4xx_usart.o
    0x08001ce0   0x0000000a   Code   RO         6037    i.USART_ReceiveData  stm32f4xx_usart.o
    0x08001cea   0x00000008   Code   RO         6040    i.USART_SendData    stm32f4xx_usart.o
    0x08001cf2   0x00000016   Code   RO         6916    i.USBD_ClrCfg       usbd_core.o
    0x08001d08   0x00000048   Code   RO         7084    i.USBD_ClrFeature   usbd_req.o
    0x08001d50   0x0000001e   Code   RO         7024    i.USBD_CtlContinueRx  usbd_ioreq.o
    0x08001d6e   0x0000001e   Code   RO         7025    i.USBD_CtlContinueSendData  usbd_ioreq.o
    0x08001d8c   0x0000001e   Code   RO         7085    i.USBD_CtlError     usbd_req.o
    0x08001daa   0x0000002e   Code   RO         7026    i.USBD_CtlPrepareRx  usbd_ioreq.o
    0x08001dd8   0x00000024   Code   RO         7027    i.USBD_CtlReceiveStatus  usbd_ioreq.o
    0x08001dfc   0x0000002e   Code   RO         7028    i.USBD_CtlSendData  usbd_ioreq.o
    0x08001e2a   0x00000024   Code   RO         7029    i.USBD_CtlSendStatus  usbd_ioreq.o
    0x08001e4e   0x000000d0   Code   RO         6917    i.USBD_DataInStage  usbd_core.o
    0x08001f1e   0x00000096   Code   RO         6918    i.USBD_DataOutStage  usbd_core.o
    0x08001fb4   0x00000018   Code   RO         6920    i.USBD_DevConnected  usbd_core.o
    0x08001fcc   0x00000024   Code   RO         6921    i.USBD_DevDisconnected  usbd_core.o
    0x08001ff0   0x00000054   Code   RO         7086    i.USBD_GetConfig    usbd_req.o
    0x08002044   0x00000184   Code   RO         7087    i.USBD_GetDescriptor  usbd_req.o
    0x080021c8   0x00000014   Code   RO         7088    i.USBD_GetLen       usbd_req.o
    0x080021dc   0x00000050   Code   RO         7089    i.USBD_GetStatus    usbd_req.o
    0x0800222c   0x00000052   Code   RO         7090    i.USBD_GetString    usbd_req.o
    0x0800227e   0x00000012   Code   RO         6923    i.USBD_IsoINIncomplete  usbd_core.o
    0x08002290   0x00000012   Code   RO         6924    i.USBD_IsoOUTIncomplete  usbd_core.o
    0x080022a2   0x00000002   PAD
    0x080022a4   0x000000ec   Code   RO         7605    i.USBD_OTG_EP1IN_ISR_Handler  usb_dcd_int.o
    0x08002390   0x00000080   Code   RO         7606    i.USBD_OTG_EP1OUT_ISR_Handler  usb_dcd_int.o
    0x08002410   0x00000100   Code   RO         7607    i.USBD_OTG_ISR_Handler  usb_dcd_int.o
    0x08002510   0x00000048   Code   RO         7091    i.USBD_ParseSetupRequest  usbd_req.o
    0x08002558   0x00000032   Code   RO         6925    i.USBD_Reset        usbd_core.o
    0x0800258a   0x0000001e   Code   RO         6926    i.USBD_Resume       usbd_core.o
    0x080025a8   0x00000014   Code   RO         6927    i.USBD_RunTestMode  usbd_core.o
    0x080025bc   0x0000001a   Code   RO         6928    i.USBD_SOF          usbd_core.o
    0x080025d6   0x0000005c   Code   RO         7092    i.USBD_SetAddress   usbd_req.o
    0x08002632   0x0000001e   Code   RO         6929    i.USBD_SetCfg       usbd_core.o
    0x08002650   0x000000d0   Code   RO         7093    i.USBD_SetConfig    usbd_req.o
    0x08002720   0x000000a4   Code   RO         7094    i.USBD_SetFeature   usbd_req.o
    0x080027c4   0x00000054   Code   RO         6930    i.USBD_SetupStage   usbd_core.o
    0x08002818   0x00000072   Code   RO         7095    i.USBD_StdDevReq    usbd_req.o
    0x0800288a   0x00000002   PAD
    0x0800288c   0x0000015c   Code   RO         7096    i.USBD_StdEPReq     usbd_req.o
    0x080029e8   0x0000004c   Code   RO         7097    i.USBD_StdItfReq    usbd_req.o
    0x08002a34   0x00000020   Code   RO         6931    i.USBD_Suspend      usbd_core.o
    0x08002a54   0x00000034   Code   RO          602    i.USBD_USR_ConfigStrDescriptor  usbd_desc.o
    0x08002a88   0x00000010   Code   RO          603    i.USBD_USR_DeviceDescriptor  usbd_desc.o
    0x08002a98   0x00000038   Code   RO          604    i.USBD_USR_InterfaceStrDescriptor  usbd_desc.o
    0x08002ad0   0x00000010   Code   RO          605    i.USBD_USR_LangIDStrDescriptor  usbd_desc.o
    0x08002ae0   0x0000002c   Code   RO          606    i.USBD_USR_ManufacturerStrDescriptor  usbd_desc.o
    0x08002b0c   0x00000070   Code   RO          607    i.USBD_USR_ProductStrDescriptor  usbd_desc.o
    0x08002b7c   0x00000048   Code   RO          608    i.USBD_USR_SerialStrDescriptor  usbd_desc.o
    0x08002bc4   0x00000010   Code   RO         7188    i.USBD_cdc_GetCfgDesc  usbd_cdc_core.o
    0x08002bd4   0x00000010   Code   RO         7189    i.USBD_cdc_GetOtherCfgDesc  usbd_cdc_core.o
    0x08002be4   0x0000001e   Code   RO          498    i.USB_OTG_BSP_uDelay  usb_bsp.o
    0x08002c02   0x0000006a   Code   RO         7268    i.USB_OTG_EP0Activate  usb_core.o
    0x08002c6c   0x00000156   Code   RO         7269    i.USB_OTG_EP0StartXfer  usb_core.o
    0x08002dc2   0x00000062   Code   RO         7270    i.USB_OTG_EP0_OutStart  usb_core.o
    0x08002e24   0x000000b0   Code   RO         7271    i.USB_OTG_EPActivate  usb_core.o
    0x08002ed4   0x00000050   Code   RO         7272    i.USB_OTG_EPClearStall  usb_core.o
    0x08002f24   0x00000076   Code   RO         7273    i.USB_OTG_EPDeactivate  usb_core.o
    0x08002f9a   0x00000064   Code   RO         7274    i.USB_OTG_EPSetStall  usb_core.o
    0x08002ffe   0x000001f6   Code   RO         7275    i.USB_OTG_EPStartXfer  usb_core.o
    0x080031f4   0x00000054   Code   RO         7280    i.USB_OTG_FlushTxFifo  usb_core.o
    0x08003248   0x00000034   Code   RO         7281    i.USB_OTG_GetDeviceSpeed  usb_core.o
    0x0800327c   0x0000000c   Code   RO         7283    i.USB_OTG_GetMode   usb_core.o
    0x08003288   0x00000016   Code   RO         7285    i.USB_OTG_IsDeviceMode  usb_core.o
    0x0800329e   0x00000010   Code   RO         7287    i.USB_OTG_ReadCoreItr  usb_core.o
    0x080032ae   0x00000010   Code   RO         7288    i.USB_OTG_ReadDevAllInEPItr  usb_core.o
    0x080032be   0x00000010   Code   RO         7289    i.USB_OTG_ReadDevAllOutEp_itr  usb_core.o
    0x080032ce   0x00000014   Code   RO         7290    i.USB_OTG_ReadDevOutEP_itr  usb_core.o
    0x080032e2   0x00000028   Code   RO         7292    i.USB_OTG_ReadPacket  usb_core.o
    0x0800330a   0x00000036   Code   RO         7297    i.USB_OTG_UngateClock  usb_core.o
    0x08003340   0x00000040   Code   RO         7298    i.USB_OTG_WritePacket  usb_core.o
    0x08003380   0x00000004   Code   RO          350    i.UsageFault_Handler  stm32f4xx_it.o
    0x08003384   0x00000108   Code   RO          541    i.VCP_COMConfig     usbd_cdc_vcp.o
    0x0800348c   0x000000a8   Code   RO          542    i.VCP_Ctrl          usbd_cdc_vcp.o
    0x08003534   0x00000030   Code   RO          543    i.VCP_DataRx        usbd_cdc_vcp.o
    0x08003564   0x00000064   Code   RO          544    i.VCP_DataTx        usbd_cdc_vcp.o
    0x080035c8   0x00000004   Code   RO          545    i.VCP_DeInit        usbd_cdc_vcp.o
    0x080035cc   0x00000058   Code   RO          546    i.VCP_Init          usbd_cdc_vcp.o
    0x08003624   0x00000028   Code   RO         9258    i.__0sprintf$1      mc_w.l(printf1.o)
    0x0800364c   0x0000000e   Code   RO         9518    i.__scatterload_copy  mc_w.l(handlers.o)
    0x0800365a   0x00000002   Code   RO         9519    i.__scatterload_null  mc_w.l(handlers.o)
    0x0800365c   0x0000000e   Code   RO         9520    i.__scatterload_zeroinit  mc_w.l(handlers.o)
    0x0800366a   0x00000002   PAD
    0x0800366c   0x00000154   Code   RO         9263    i._printf_core      mc_w.l(printf1.o)
    0x080037c0   0x0000000a   Code   RO         9265    i._sputc            mc_w.l(printf1.o)
    0x080037ca   0x0000001a   Code   RO         8849    i.htonl             inet.o
    0x080037e4   0x0000000c   Code   RO         8850    i.htons             inet.o
    0x080037f0   0x00000014   Code   RO         8898    i.inet_chksum       inet_chksum.o
    0x08003804   0x0000014c   Code   RO         8995    i.ip_frag           ip_frag.o
    0x08003950   0x00000034   Code   RO         8935    i.ip_output         ip.o
    0x08003984   0x000000fc   Code   RO         8936    i.ip_output_if      ip.o
    0x08003a80   0x00000050   Code   RO         8937    i.ip_route          ip.o
    0x08003ad0   0x0000004a   Code   RO         8901    i.lwip_standard_chksum  inet_chksum.o
    0x08003b1a   0x00000002   PAD
    0x08003b1c   0x000000d8   Code   RO           11    i.main              main.o
    0x08003bf4   0x00000050   Code   RO         8007    i.mem_free          mem.o
    0x08003c44   0x000000f0   Code   RO         8009    i.mem_malloc        mem.o
    0x08003d34   0x0000012c   Code   RO         8010    i.mem_realloc       mem.o
    0x08003e60   0x00000020   Code   RO         8050    i.memp_free         memp.o
    0x08003e80   0x0000002c   Code   RO         8052    i.memp_malloc       memp.o
    0x08003eac   0x0000000c   Code   RO         8094    i.netif_is_up       netif.o
    0x08003eb8   0x0000000c   Code   RO         8854    i.ntohl             inet.o
    0x08003ec4   0x0000000c   Code   RO         8855    i.ntohs             inet.o
    0x08003ed0   0x0000019e   Code   RO         8174    i.pbuf_alloc        pbuf.o
    0x0800406e   0x00000038   Code   RO         8175    i.pbuf_cat          pbuf.o
    0x080040a6   0x00000016   Code   RO         8176    i.pbuf_chain        pbuf.o
    0x080040bc   0x00000012   Code   RO         8177    i.pbuf_clen         pbuf.o
    0x080040ce   0x00000092   Code   RO         8180    i.pbuf_copy_partial  pbuf.o
    0x08004160   0x0000006e   Code   RO         8182    i.pbuf_free         pbuf.o
    0x080041ce   0x0000007e   Code   RO         8183    i.pbuf_header       pbuf.o
    0x0800424c   0x00000078   Code   RO         8184    i.pbuf_realloc      pbuf.o
    0x080042c4   0x0000000a   Code   RO         8185    i.pbuf_ref          pbuf.o
    0x080042ce   0x00000074   Code   RO         8186    i.pbuf_take         pbuf.o
    0x08004342   0x00000002   PAD
    0x08004344   0x00000088   Code   RO         8011    i.plug_holes        mem.o
    0x080043cc   0x0000009c   Code   RO         8329    i.tcp_abandon       tcp.o
    0x08004468   0x000000b8   Code   RO         8332    i.tcp_alloc         tcp.o
    0x08004520   0x00000004   Code   RO         8333    i.tcp_arg           tcp.o
    0x08004524   0x000000fc   Code   RO         8335    i.tcp_close         tcp.o
    0x08004620   0x00000118   Code   RO         8336    i.tcp_connect       tcp.o
    0x08004738   0x00000034   Code   RO          868    i.tcp_echoclient_connect  tcp_echoclient.o
    0x0800476c   0x000000d8   Code   RO          869    i.tcp_echoclient_connected  tcp_echoclient.o
    0x08004844   0x00000030   Code   RO          870    i.tcp_echoclient_connection_close  tcp_echoclient.o
    0x08004874   0x0000003e   Code   RO          871    i.tcp_echoclient_poll  tcp_echoclient.o
    0x080048b2   0x00000002   PAD
    0x080048b4   0x00000084   Code   RO          872    i.tcp_echoclient_recv  tcp_echoclient.o
    0x08004938   0x00000050   Code   RO          873    i.tcp_echoclient_send  tcp_echoclient.o
    0x08004988   0x0000001e   Code   RO          874    i.tcp_echoclient_sent  tcp_echoclient.o
    0x080049a6   0x0000002e   Code   RO         8338    i.tcp_eff_send_mss  tcp.o
    0x080049d4   0x000003f6   Code   RO         8574    i.tcp_enqueue       tcp_out.o
    0x08004dca   0x00000002   PAD
    0x08004dcc   0x00000058   Code   RO         8341    i.tcp_kill_prio     tcp.o
    0x08004e24   0x0000003c   Code   RO         8342    i.tcp_kill_timewait  tcp.o
    0x08004e60   0x0000000a   Code   RO         8344    i.tcp_new           tcp.o
    0x08004e6a   0x00000002   PAD
    0x08004e6c   0x00000078   Code   RO         8345    i.tcp_new_port      tcp.o
    0x08004ee4   0x0000001c   Code   RO         8346    i.tcp_next_iss      tcp.o
    0x08004f00   0x000001e0   Code   RO         8576    i.tcp_output        tcp_out.o
    0x080050e0   0x000000cc   Code   RO         8577    i.tcp_output_segment  tcp_out.o
    0x080051ac   0x0000008a   Code   RO         8578    i.tcp_output_set_header  tcp_out.o
    0x08005236   0x00000036   Code   RO         8347    i.tcp_pcb_purge     tcp.o
    0x0800526c   0x00000098   Code   RO         8348    i.tcp_pcb_remove    tcp.o
    0x08005304   0x0000000a   Code   RO         8349    i.tcp_poll          tcp.o
    0x0800530e   0x00000006   Code   RO         8350    i.tcp_recv          tcp.o
    0x08005314   0x0000002e   Code   RO         8351    i.tcp_recv_null     tcp.o
    0x08005342   0x00000046   Code   RO         8352    i.tcp_recved        tcp.o
    0x08005388   0x000000aa   Code   RO         8582    i.tcp_rst           tcp_out.o
    0x08005432   0x00000020   Code   RO         8353    i.tcp_seg_free      tcp.o
    0x08005452   0x0000001e   Code   RO         8354    i.tcp_segs_free     tcp.o
    0x08005470   0x0000001c   Code   RO         8583    i.tcp_send_ctrl     tcp_out.o
    0x0800548c   0x0000005e   Code   RO         8584    i.tcp_send_empty_ack  tcp_out.o
    0x080054ea   0x00000006   Code   RO         8355    i.tcp_sent          tcp.o
    0x080054f0   0x00000048   Code   RO         8359    i.tcp_update_rcv_ann_wnd  tcp.o
    0x08005538   0x00000048   Code   RO         8585    i.tcp_write         tcp_out.o
    0x08005580   0x00000090   Code   RO         7190    i.usbd_cdc_DataIn   usbd_cdc_core.o
    0x08005610   0x0000003c   Code   RO         7191    i.usbd_cdc_DataOut  usbd_cdc_core.o
    0x0800564c   0x0000002c   Code   RO         7192    i.usbd_cdc_DeInit   usbd_cdc_core.o
    0x08005678   0x00000038   Code   RO         7193    i.usbd_cdc_EP0_RxReady  usbd_cdc_core.o
    0x080056b0   0x00000058   Code   RO         7194    i.usbd_cdc_Init     usbd_cdc_core.o
    0x08005708   0x00000028   Code   RO         7195    i.usbd_cdc_SOF      usbd_cdc_core.o
    0x08005730   0x000000f0   Code   RO         7196    i.usbd_cdc_Setup    usbd_cdc_core.o
    0x08005820   0x00000010   Data   RO           13    .constdata          main.o
    0x08005830   0x0001ad58   Data   RO          474    .constdata          audio_sample.o
    0x08020588   0x0000005c   Data   RO          949    .constdata          stm32f4_evb.o
    0x080205e4   0x000029d0   Data   RO         1733    .constdata          stm324xg_eval_lcd.o
    0x08022fb4   0x00000075   Data   RO         8361    .conststring        tcp.o
    0x08023029   0x00000003   PAD
    0x0802302c   0x00000020   Data   RO         9516    Region$$Table       anon$$obj.o


    Execution Region RW_IRAM1 (Base: 0x20000000, Size: 0x00006ca8, Max: 0x00020000, ABSOLUTE, COMPRESSED[0x00000158])

    Base Addr    Size         Type   Attr      Idx    E Section Name        Object

    0x20000000   0x0000000f   Data   RW           14    .data               main.o
    0x2000000f   0x00000001   PAD
    0x20000010   0x0000001c   Data   RW          548    .data               usbd_cdc_vcp.o
    0x2000002c   0x0000003c   Data   RW          609    .data               usbd_desc.o
    0x20000068   0x00000005   Data   RW          819    .data               stm32f4x7_eth_bsp.o
    0x2000006d   0x00000003   PAD
    0x20000070   0x00000008   Data   RW          876    .data               tcp_echoclient.o
    0x20000078   0x0000002c   Data   RW          950    .data               stm32f4_evb.o
    0x200000a4   0x00000019   Data   RW         1537    .data               stm32f4_evb_audio_codec.o
    0x200000bd   0x00000003   PAD
    0x200000c0   0x00000028   Data   RW         1734    .data               stm324xg_eval_lcd.o
    0x200000e8   0x00000010   Data   RW         4323    .data               stm32f4xx_rcc.o
    0x200000f8   0x00000034   Data   RW         6932    .data               usbd_core.o
    0x2000012c   0x0000000d   Data   RW         7099    .data               usbd_req.o
    0x20000139   0x00000003   PAD
    0x2000013c   0x000000e0   Data   RW         7198    .data               usbd_cdc_core.o
    0x2000021c   0x0000000d   Data   RW         8013    .data               mem.o
    0x20000229   0x00000003   PAD
    0x2000022c   0x00000009   Data   RW         8103    .data               netif.o
    0x20000235   0x00000003   PAD
    0x20000238   0x0000004c   Data   RW         8362    .data               tcp.o
    0x20000284   0x00000020   Data   RW         8533    .data               tcp_in.o
    0x200002a4   0x0000000a   Data   RW         8938    .data               ip.o
    0x200002ae   0x00000002   PAD
    0x200002b0   0x00000666   Zero   RW           12    .bss                main.o
    0x20000916   0x00000002   PAD
    0x20000918   0x00000010   Zero   RW          547    .bss                usbd_cdc_vcp.o
    0x20000928   0x00000096   Zero   RW          875    .bss                tcp_echoclient.o
    0x200009be   0x00000002   PAD
    0x200009c0   0x00000078   Zero   RW         1536    .bss                stm32f4_evb_audio_codec.o
    0x20000a38   0x000000ff   Zero   RW         7098    .bss                usbd_req.o
    0x20000b37   0x00000a00   Zero   RW         7197    .bss                usbd_cdc_core.o
    0x20001537   0x00000001   PAD
    0x20001538   0x00004d8f   Zero   RW         8053    .bss                memp.o
    0x200062c7   0x000005e0   Zero   RW         9003    .bss                ip_frag.o
    0x200068a7   0x00000001   PAD
    0x200068a8   0x00000400   Zero   RW         6906    STACK               startup_stm32f40xx.o


==============================================================================

Image component sizes


      Code (inc. data)   RO Data    RW Data    ZI Data      Debug   Object Name

         0          0     109912          0          0        659   audio_sample.o
         0          0          0          0          0       1028   dhcp.o
        62          0          0          0          0       2656   inet.o
        94          0          0          0          0       5386   inet_chksum.o
       384         16          0         10          0       6685   ip.o
       332          6          0          0       1504       2946   ip_frag.o
       304         36         16         15       1638     397731   main.o
       756         48          0         13          0       5114   mem.o
        76          8          0          0      19855       3702   memp.o
       120         14          0          0          0       1288   misc.o
         0          0          0          0          0       6782   netconf.o
        12          0          0          9          0       3985   netif.o
      1138          0          0          0          0       9161   pbuf.o
        36          8        392          0       1024        996   startup_stm32f40xx.o
       376         32      10704         40          0       8951   stm324xg_eval_lcd.o
       648        130         92         44          0       7154   stm32f4_evb.o
       392         48          0         25        120       4126   stm32f4_evb_audio_codec.o
       108         10          0          0          0       1574   stm32f4x7_eth.o
       208         76          0          5          0       1411   stm32f4x7_eth_bsp.o
       250         34          0          0          0       5116   stm32f4xx_dma.o
       184         16          0          0          0       2628   stm32f4xx_exti.o
       232          0          0          0          0       2939   stm32f4xx_gpio.o
       236         36          0          0          0       8624   stm32f4xx_it.o
       328         36          0         16          0       5351   stm32f4xx_rcc.o
        36          6          0          0          0        638   stm32f4xx_rng.o
        24          0          0          0          0       1406   stm32f4xx_spi.o
        64          4          0          0          0        776   stm32f4xx_syscfg.o
       438          8          0          0          0       6505   stm32f4xx_usart.o
       396         38          0          0          0       1761   system_stm32f4xx.o
      1706        110        117         76          0      25214   tcp.o
       620         70          0          8        150       6239   tcp_echoclient.o
         0          0          0         32          0       8720   tcp_in.o
      2200         16          0          0          0       9402   tcp_out.o
        30          0          0          0          0       1005   usb_bsp.o
      1918          4          0          0          0      15902   usb_core.o
       510          0          0          0          0       6085   usb_dcd.o
      2426         68          0          0          0      14066   usb_dcd_int.o
       916        124          0        224       2560      10880   usbd_cdc_core.o
       716         52          0         28         16       5872   usbd_cdc_vcp.o
       748          6          0         52          0      12066   usbd_core.o
       368        192          0         60          0       6240   usbd_desc.o
       224          0          0          0          0       5288   usbd_ioreq.o
      1830         60          0         13        255      12339   usbd_req.o

    ----------------------------------------------------------------------
     21470       1312     121268        688      27128     646397   Object Totals
         0          0         32          0          0          0   (incl. Generated)
        24          0          3         18          6          0   (incl. Padding)

    ----------------------------------------------------------------------

      Code (inc. data)   RO Data    RW Data    ZI Data      Debug   Library Member Name

        86          0          0          0          0          0   __dczerorl2.o
         0          0          0          0          0          0   entry.o
         0          0          0          0          0          0   entry10a.o
         0          0          0          0          0          0   entry11a.o
         8          4          0          0          0          0   entry2.o
         4          0          0          0          0          0   entry5.o
         0          0          0          0          0          0   entry7b.o
         0          0          0          0          0          0   entry8b.o
         8          4          0          0          0          0   entry9a.o
        30          0          0          0          0          0   handlers.o
        36          8          0          0          0         68   init.o
        36          0          0          0          0         68   memcpya.o
        36          0          0          0          0        108   memseta.o
       390         10          0          0          0        252   printf1.o
        14          0          0          0          0         68   strlen.o
        44          0          0          0          0         80   uidiv.o

    ----------------------------------------------------------------------
       698         26          0          0          0        644   Library Totals
         6          0          0          0          0          0   (incl. Padding)

    ----------------------------------------------------------------------

      Code (inc. data)   RO Data    RW Data    ZI Data      Debug   Library Name

       692         26          0          0          0        644   mc_w.l

    ----------------------------------------------------------------------
       698         26          0          0          0        644   Library Totals

    ----------------------------------------------------------------------

==============================================================================


      Code (inc. data)   RO Data    RW Data    ZI Data      Debug   

     22168       1338     121268        688      27128     624217   Grand Totals
     22168       1338     121268        344      27128     624217   ELF Image Totals (compressed)
     22168       1338     121268        344          0          0   ROM Totals

==============================================================================

    Total RO  Size (Code + RO Data)               143436 ( 140.07kB)
    Total RW  Size (RW Data + ZI Data)             27816 (  27.16kB)
    Total ROM Size (Code + RO Data + RW Data)     143780 ( 140.41kB)

==============================================================================

