Component: ARM Compiler 5.06 update 2 (build 183) Tool: armlink [4d35b7]

==============================================================================

Section Cross References

    bsp.o(i.BSP_Init) refers to stm324xg_eval.o(i.STM_EVAL_LEDInit) for STM_EVAL_LEDInit
    bsp.o(i.BSP_Init) refers to stm324xg_eval_lcd.o(i.STM324xG_LCD_Init) for STM324xG_LCD_Init
    bsp.o(i.BSP_Init) refers to lcd_log.o(i.LCD_LOG_Init) for LCD_LOG_Init
    bsp.o(i.BSP_Init) refers to lcd_log.o(i.LCD_LOG_SetHeader) for LCD_LOG_SetHeader
    bsp.o(i.BSP_Init) refers to lcd_log.o(i.LCD_LOG_SetFooter) for LCD_LOG_SetFooter
    system_stm32f4xx.o(i.SystemCoreClockUpdate) refers to system_stm32f4xx.o(.data) for .data
    system_stm32f4xx.o(i.SystemInit) refers to system_stm32f4xx.o(i.SetSysClock) for SetSysClock
    startup_stm32f40_41xxx.o(RESET) refers to startup_stm32f40_41xxx.o(STACK) for __initial_sp
    startup_stm32f40_41xxx.o(RESET) refers to startup_stm32f40_41xxx.o(.text) for Reset_Handler
    startup_stm32f40_41xxx.o(RESET) refers to stm32xxx_it.o(i.NMI_Handler) for NMI_Handler
    startup_stm32f40_41xxx.o(RESET) refers to stm32xxx_it.o(i.HardFault_Handler) for HardFault_Handler
    startup_stm32f40_41xxx.o(RESET) refers to stm32xxx_it.o(i.MemManage_Handler) for MemManage_Handler
    startup_stm32f40_41xxx.o(RESET) refers to stm32xxx_it.o(i.BusFault_Handler) for BusFault_Handler
    startup_stm32f40_41xxx.o(RESET) refers to stm32xxx_it.o(i.UsageFault_Handler) for UsageFault_Handler
    startup_stm32f40_41xxx.o(RESET) refers to stm32xxx_it.o(i.SVC_Handler) for SVC_Handler
    startup_stm32f40_41xxx.o(RESET) refers to stm32xxx_it.o(i.DebugMon_Handler) for DebugMon_Handler
    startup_stm32f40_41xxx.o(RESET) refers to stm32xxx_it.o(i.PendSV_Handler) for PendSV_Handler
    startup_stm32f40_41xxx.o(RESET) refers to stm32xxx_it.o(i.SysTick_Handler) for SysTick_Handler
    startup_stm32f40_41xxx.o(RESET) refers to stm32xxx_it.o(i.SDIO_IRQHandler) for SDIO_IRQHandler
    startup_stm32f40_41xxx.o(RESET) refers to stm32xxx_it.o(i.DMA2_Stream3_IRQHandler) for DMA2_Stream3_IRQHandler
    startup_stm32f40_41xxx.o(.text) refers to system_stm32f4xx.o(i.SystemInit) for SystemInit
    startup_stm32f40_41xxx.o(.text) refers to entry.o(.ARM.Collect$$$$00000000) for __main
    stm324xg_eval.o(i.SD_LowLevel_DMA_RxConfig) refers to stm32f4xx_dma.o(i.DMA_ClearFlag) for DMA_ClearFlag
    stm324xg_eval.o(i.SD_LowLevel_DMA_RxConfig) refers to stm32f4xx_dma.o(i.DMA_Cmd) for DMA_Cmd
    stm324xg_eval.o(i.SD_LowLevel_DMA_RxConfig) refers to stm32f4xx_dma.o(i.DMA_DeInit) for DMA_DeInit
    stm324xg_eval.o(i.SD_LowLevel_DMA_RxConfig) refers to stm32f4xx_dma.o(i.DMA_Init) for DMA_Init
    stm324xg_eval.o(i.SD_LowLevel_DMA_RxConfig) refers to stm32f4xx_dma.o(i.DMA_ITConfig) for DMA_ITConfig
    stm324xg_eval.o(i.SD_LowLevel_DMA_RxConfig) refers to stm32f4xx_dma.o(i.DMA_FlowControllerConfig) for DMA_FlowControllerConfig
    stm324xg_eval.o(i.SD_LowLevel_DMA_TxConfig) refers to stm32f4xx_dma.o(i.DMA_ClearFlag) for DMA_ClearFlag
    stm324xg_eval.o(i.SD_LowLevel_DMA_TxConfig) refers to stm32f4xx_dma.o(i.DMA_Cmd) for DMA_Cmd
    stm324xg_eval.o(i.SD_LowLevel_DMA_TxConfig) refers to stm32f4xx_dma.o(i.DMA_DeInit) for DMA_DeInit
    stm324xg_eval.o(i.SD_LowLevel_DMA_TxConfig) refers to stm32f4xx_dma.o(i.DMA_Init) for DMA_Init
    stm324xg_eval.o(i.SD_LowLevel_DMA_TxConfig) refers to stm32f4xx_dma.o(i.DMA_ITConfig) for DMA_ITConfig
    stm324xg_eval.o(i.SD_LowLevel_DMA_TxConfig) refers to stm32f4xx_dma.o(i.DMA_FlowControllerConfig) for DMA_FlowControllerConfig
    stm324xg_eval.o(i.SD_LowLevel_DeInit) refers to stm32f4xx_sdio.o(i.SDIO_ClockCmd) for SDIO_ClockCmd
    stm324xg_eval.o(i.SD_LowLevel_DeInit) refers to stm32f4xx_sdio.o(i.SDIO_SetPowerState) for SDIO_SetPowerState
    stm324xg_eval.o(i.SD_LowLevel_DeInit) refers to stm32f4xx_sdio.o(i.SDIO_DeInit) for SDIO_DeInit
    stm324xg_eval.o(i.SD_LowLevel_DeInit) refers to stm32f4xx_rcc.o(i.RCC_APB2PeriphClockCmd) for RCC_APB2PeriphClockCmd
    stm324xg_eval.o(i.SD_LowLevel_DeInit) refers to stm32f4xx_gpio.o(i.GPIO_PinAFConfig) for GPIO_PinAFConfig
    stm324xg_eval.o(i.SD_LowLevel_DeInit) refers to stm32f4xx_gpio.o(i.GPIO_Init) for GPIO_Init
    stm324xg_eval.o(i.SD_LowLevel_Init) refers to stm32f4xx_rcc.o(i.RCC_AHB1PeriphClockCmd) for RCC_AHB1PeriphClockCmd
    stm324xg_eval.o(i.SD_LowLevel_Init) refers to stm32f4xx_gpio.o(i.GPIO_PinAFConfig) for GPIO_PinAFConfig
    stm324xg_eval.o(i.SD_LowLevel_Init) refers to stm32f4xx_gpio.o(i.GPIO_Init) for GPIO_Init
    stm324xg_eval.o(i.SD_LowLevel_Init) refers to stm32f4xx_rcc.o(i.RCC_APB2PeriphClockCmd) for RCC_APB2PeriphClockCmd
    stm324xg_eval.o(i.STM_EVAL_COMInit) refers to stm32f4xx_rcc.o(i.RCC_AHB1PeriphClockCmd) for RCC_AHB1PeriphClockCmd
    stm324xg_eval.o(i.STM_EVAL_COMInit) refers to stm32f4xx_rcc.o(i.RCC_APB1PeriphClockCmd) for RCC_APB1PeriphClockCmd
[...]
    stm324xg_eval_sdio_sd.o(i.SD_GetState) refers to stm324xg_eval_sdio_sd.o(i.SD_SendStatus) for SD_SendStatus
    stm324xg_eval_sdio_sd.o(i.SD_GetStatus) refers to stm324xg_eval_sdio_sd.o(i.SD_GetState) for SD_GetState
    stm324xg_eval_sdio_sd.o(i.SD_HighSpeed) refers to memseta.o(.text) for __aeabi_memclr4
    stm324xg_eval_sdio_sd.o(i.SD_HighSpeed) refers to stm324xg_eval_sdio_sd.o(i.FindSCR) for FindSCR
    stm324xg_eval_sdio_sd.o(i.SD_HighSpeed) refers to stm32f4xx_sdio.o(i.SDIO_SendCommand) for SDIO_SendCommand
    stm324xg_eval_sdio_sd.o(i.SD_HighSpeed) refers to stm324xg_eval_sdio_sd.o(i.CmdResp1Error) for CmdResp1Error
    stm324xg_eval_sdio_sd.o(i.SD_HighSpeed) refers to stm32f4xx_sdio.o(i.SDIO_DataConfig) for SDIO_DataConfig
    stm324xg_eval_sdio_sd.o(i.SD_HighSpeed) refers to stm32f4xx_sdio.o(i.SDIO_GetFlagStatus) for SDIO_GetFlagStatus
    stm324xg_eval_sdio_sd.o(i.SD_HighSpeed) refers to stm32f4xx_sdio.o(i.SDIO_ReadData) for SDIO_ReadData
    stm324xg_eval_sdio_sd.o(i.SD_HighSpeed) refers to stm32f4xx_sdio.o(i.SDIO_ClearFlag) for SDIO_ClearFlag
    stm324xg_eval_sdio_sd.o(i.SD_HighSpeed) refers to stm324xg_eval_sdio_sd.o(.data) for .data
    stm324xg_eval_sdio_sd.o(i.SD_HighSpeed) refers to stm324xg_eval_sdio_sd.o(.bss) for .bss
    stm324xg_eval_sdio_sd.o(i.SD_Init) refers to stm324xg_eval.o(i.SD_LowLevel_Init) for SD_LowLevel_Init
    stm324xg_eval_sdio_sd.o(i.SD_Init) refers to stm32f4xx_sdio.o(i.SDIO_DeInit) for SDIO_DeInit
    stm324xg_eval_sdio_sd.o(i.SD_Init) refers to stm324xg_eval_sdio_sd.o(i.SD_PowerON) for SD_PowerON
    stm324xg_eval_sdio_sd.o(i.SD_Init) refers to stm324xg_eval_sdio_sd.o(i.SD_InitializeCards) for SD_InitializeCards
    stm324xg_eval_sdio_sd.o(i.SD_Init) refers to stm32f4xx_sdio.o(i.SDIO_Init) for SDIO_Init
    stm324xg_eval_sdio_sd.o(i.SD_Init) refers to stm324xg_eval_sdio_sd.o(i.SD_GetCardInfo) for SD_GetCardInfo
    stm324xg_eval_sdio_sd.o(i.SD_Init) refers to stm324xg_eval_sdio_sd.o(i.SD_SelectDeselect) for SD_SelectDeselect
    stm324xg_eval_sdio_sd.o(i.SD_Init) refers to stm324xg_eval_sdio_sd.o(i.SD_EnableWideBusOperation) for SD_EnableWideBusOperation
    stm324xg_eval_sdio_sd.o(i.SD_Init) refers to stm324xg_eval_sdio_sd.o(.bss) for .bss
    stm324xg_eval_sdio_sd.o(i.SD_InitializeCards) refers to stm32f4xx_sdio.o(i.SDIO_GetPowerState) for SDIO_GetPowerState
    stm324xg_eval_sdio_sd.o(i.SD_InitializeCards) refers to stm32f4xx_sdio.o(i.SDIO_SendCommand) for SDIO_SendCommand
    stm324xg_eval_sdio_sd.o(i.SD_InitializeCards) refers to stm324xg_eval_sdio_sd.o(i.CmdResp2Error) for CmdResp2Error
    stm324xg_eval_sdio_sd.o(i.SD_InitializeCards) refers to stm32f4xx_sdio.o(i.SDIO_GetResponse) for SDIO_GetResponse
    stm324xg_eval_sdio_sd.o(i.SD_InitializeCards) refers to stm324xg_eval_sdio_sd.o(i.CmdResp6Error) for CmdResp6Error
    stm324xg_eval_sdio_sd.o(i.SD_InitializeCards) refers to stm324xg_eval_sdio_sd.o(.data) for .data
    stm324xg_eval_sdio_sd.o(i.SD_InitializeCards) refers to stm324xg_eval_sdio_sd.o(.bss) for .bss
    stm324xg_eval_sdio_sd.o(i.SD_PowerOFF) refers to stm32f4xx_sdio.o(i.SDIO_SetPowerState) for SDIO_SetPowerState
    stm324xg_eval_sdio_sd.o(i.SD_PowerON) refers to stm32f4xx_sdio.o(i.SDIO_Init) for SDIO_Init
    stm324xg_eval_sdio_sd.o(i.SD_PowerON) refers to stm32f4xx_sdio.o(i.SDIO_SetPowerState) for SDIO_SetPowerState
    stm324xg_eval_sdio_sd.o(i.SD_PowerON) refers to stm32f4xx_sdio.o(i.SDIO_ClockCmd) for SDIO_ClockCmd
    stm324xg_eval_sdio_sd.o(i.SD_PowerON) refers to stm32f4xx_sdio.o(i.SDIO_SendCommand) for SDIO_SendCommand
    stm324xg_eval_sdio_sd.o(i.SD_PowerON) refers to stm32f4xx_sdio.o(i.SDIO_GetFlagStatus) for SDIO_GetFlagStatus
    stm324xg_eval_sdio_sd.o(i.SD_PowerON) refers to stm32f4xx_sdio.o(i.SDIO_ClearFlag) for SDIO_ClearFlag
    stm324xg_eval_sdio_sd.o(i.SD_PowerON) refers to stm324xg_eval_sdio_sd.o(i.CmdResp1Error) for CmdResp1Error
    stm324xg_eval_sdio_sd.o(i.SD_PowerON) refers to stm32f4xx_sdio.o(i.SDIO_GetResponse) for SDIO_GetResponse
    stm324xg_eval_sdio_sd.o(i.SD_PowerON) refers to stm324xg_eval_sdio_sd.o(.bss) for .bss
    stm324xg_eval_sdio_sd.o(i.SD_PowerON) refers to stm324xg_eval_sdio_sd.o(.data) for .data
    stm324xg_eval_sdio_sd.o(i.SD_ProcessDMAIRQ) refers to stm32f4xx_dma.o(i.DMA_ClearFlag) for DMA_ClearFlag
    stm324xg_eval_sdio_sd.o(i.SD_ProcessDMAIRQ) refers to stm324xg_eval_sdio_sd.o(.data) for .data
    stm324xg_eval_sdio_sd.o(i.SD_ProcessIRQSrc) refers to stm32f4xx_sdio.o(i.SDIO_GetITStatus) for SDIO_GetITStatus
    stm324xg_eval_sdio_sd.o(i.SD_ProcessIRQSrc) refers to stm32f4xx_sdio.o(i.SDIO_ClearITPendingBit) for SDIO_ClearITPendingBit
    stm324xg_eval_sdio_sd.o(i.SD_ProcessIRQSrc) refers to stm32f4xx_sdio.o(i.SDIO_ITConfig) for SDIO_ITConfig
    stm324xg_eval_sdio_sd.o(i.SD_ProcessIRQSrc) refers to stm324xg_eval_sdio_sd.o(.data) for .data
    stm324xg_eval_sdio_sd.o(i.SD_ReadBlock) refers to stm32f4xx_sdio.o(i.SDIO_ITConfig) for SDIO_ITConfig
    stm324xg_eval_sdio_sd.o(i.SD_ReadBlock) refers to stm32f4xx_sdio.o(i.SDIO_DMACmd) for SDIO_DMACmd
    stm324xg_eval_sdio_sd.o(i.SD_ReadBlock) refers to stm324xg_eval.o(i.SD_LowLevel_DMA_RxConfig) for SD_LowLevel_DMA_RxConfig
    stm324xg_eval_sdio_sd.o(i.SD_ReadBlock) refers to stm32f4xx_sdio.o(i.SDIO_SendCommand) for SDIO_SendCommand
    stm324xg_eval_sdio_sd.o(i.SD_ReadBlock) refers to stm324xg_eval_sdio_sd.o(i.CmdResp1Error) for CmdResp1Error
    stm324xg_eval_sdio_sd.o(i.SD_ReadBlock) refers to stm32f4xx_sdio.o(i.SDIO_DataConfig) for SDIO_DataConfig
    stm324xg_eval_sdio_sd.o(i.SD_ReadBlock) refers to stm324xg_eval_sdio_sd.o(.data) for .data
    stm324xg_eval_sdio_sd.o(i.SD_ReadBlock) refers to stm324xg_eval_sdio_sd.o(.bss) for .bss
    stm324xg_eval_sdio_sd.o(i.SD_ReadMultiBlocks) refers to stm32f4xx_sdio.o(i.SDIO_ITConfig) for SDIO_ITConfig
    stm324xg_eval_sdio_sd.o(i.SD_ReadMultiBlocks) refers to stm324xg_eval.o(i.SD_LowLevel_DMA_RxConfig) for SD_LowLevel_DMA_RxConfig
    stm324xg_eval_sdio_sd.o(i.SD_ReadMultiBlocks) refers to stm32f4xx_sdio.o(i.SDIO_DMACmd) for SDIO_DMACmd
    stm324xg_eval_sdio_sd.o(i.SD_ReadMultiBlocks) refers to stm32f4xx_sdio.o(i.SDIO_SendCommand) for SDIO_SendCommand
    stm324xg_eval_sdio_sd.o(i.SD_ReadMultiBlocks) refers to stm324xg_eval_sdio_sd.o(i.CmdResp1Error) for CmdResp1Error
    stm324xg_eval_sdio_sd.o(i.SD_ReadMultiBlocks) refers to stm32f4xx_sdio.o(i.SDIO_DataConfig) for SDIO_DataConfig
    stm324xg_eval_sdio_sd.o(i.SD_ReadMultiBlocks) refers to stm324xg_eval_sdio_sd.o(.data) for .data
    stm324xg_eval_sdio_sd.o(i.SD_ReadMultiBlocks) refers to stm324xg_eval_sdio_sd.o(.bss) for .bss
    stm324xg_eval_sdio_sd.o(i.SD_SelectDeselect) refers to stm32f4xx_sdio.o(i.SDIO_SendCommand) for SDIO_SendCommand
    stm324xg_eval_sdio_sd.o(i.SD_SelectDeselect) refers to stm324xg_eval_sdio_sd.o(i.CmdResp1Error) for CmdResp1Error
    stm324xg_eval_sdio_sd.o(i.SD_SelectDeselect) refers to stm324xg_eval_sdio_sd.o(.bss) for .bss
    stm324xg_eval_sdio_sd.o(i.SD_SendSDStatus) refers to stm32f4xx_sdio.o(i.SDIO_GetResponse) for SDIO_GetResponse
    stm324xg_eval_sdio_sd.o(i.SD_SendSDStatus) refers to stm32f4xx_sdio.o(i.SDIO_SendCommand) for SDIO_SendCommand
    stm324xg_eval_sdio_sd.o(i.SD_SendSDStatus) refers to stm324xg_eval_sdio_sd.o(i.CmdResp1Error) for CmdResp1Error
    stm324xg_eval_sdio_sd.o(i.SD_SendSDStatus) refers to stm32f4xx_sdio.o(i.SDIO_DataConfig) for SDIO_DataConfig
    stm324xg_eval_sdio_sd.o(i.SD_SendSDStatus) refers to stm32f4xx_sdio.o(i.SDIO_GetFlagStatus) for SDIO_GetFlagStatus
    stm324xg_eval_sdio_sd.o(i.SD_SendSDStatus) refers to stm32f4xx_sdio.o(i.SDIO_ReadData) for SDIO_ReadData
    stm324xg_eval_sdio_sd.o(i.SD_SendSDStatus) refers to stm32f4xx_sdio.o(i.SDIO_ClearFlag) for SDIO_ClearFlag
    stm324xg_eval_sdio_sd.o(i.SD_SendSDStatus) refers to stm324xg_eval_sdio_sd.o(.bss) for .bss
    stm324xg_eval_sdio_sd.o(i.SD_SendSDStatus) refers to stm324xg_eval_sdio_sd.o(.data) for .data
    stm324xg_eval_sdio_sd.o(i.SD_SendStatus) refers to stm32f4xx_sdio.o(i.SDIO_SendCommand) for SDIO_SendCommand
    stm324xg_eval_sdio_sd.o(i.SD_SendStatus) refers to stm324xg_eval_sdio_sd.o(i.CmdResp1Error) for CmdResp1Error
    stm324xg_eval_sdio_sd.o(i.SD_SendStatus) refers to stm32f4xx_sdio.o(i.SDIO_GetResponse) for SDIO_GetResponse
    stm324xg_eval_sdio_sd.o(i.SD_SendStatus) refers to stm324xg_eval_sdio_sd.o(.data) for .data
    stm324xg_eval_sdio_sd.o(i.SD_SendStatus) refers to stm324xg_eval_sdio_sd.o(.bss) for .bss
    stm324xg_eval_sdio_sd.o(i.SD_StopTransfer) refers to stm32f4xx_sdio.o(i.SDIO_SendCommand) for SDIO_SendCommand
    stm324xg_eval_sdio_sd.o(i.SD_StopTransfer) refers to stm324xg_eval_sdio_sd.o(i.CmdResp1Error) for CmdResp1Error
    stm324xg_eval_sdio_sd.o(i.SD_StopTransfer) refers to stm324xg_eval_sdio_sd.o(.bss) for .bss
    stm324xg_eval_sdio_sd.o(i.SD_WaitReadOperation) refers to stm324xg_eval_sdio_sd.o(i.SD_StopTransfer) for SD_StopTransfer
    stm324xg_eval_sdio_sd.o(i.SD_WaitReadOperation) refers to stm32f4xx_sdio.o(i.SDIO_ClearFlag) for SDIO_ClearFlag
    stm324xg_eval_sdio_sd.o(i.SD_WaitReadOperation) refers to stm324xg_eval_sdio_sd.o(.data) for .data
    stm324xg_eval_sdio_sd.o(i.SD_WaitWriteOperation) refers to stm324xg_eval_sdio_sd.o(i.SD_StopTransfer) for SD_StopTransfer
    stm324xg_eval_sdio_sd.o(i.SD_WaitWriteOperation) refers to stm32f4xx_sdio.o(i.SDIO_ClearFlag) for SDIO_ClearFlag
    stm324xg_eval_sdio_sd.o(i.SD_WaitWriteOperation) refers to stm324xg_eval_sdio_sd.o(.data) for .data
    stm324xg_eval_sdio_sd.o(i.SD_WriteBlock) refers to stm32f4xx_sdio.o(i.SDIO_ITConfig) for SDIO_ITConfig
    stm324xg_eval_sdio_sd.o(i.SD_WriteBlock) refers to stm324xg_eval.o(i.SD_LowLevel_DMA_TxConfig) for SD_LowLevel_DMA_TxConfig
    stm324xg_eval_sdio_sd.o(i.SD_WriteBlock) refers to stm32f4xx_sdio.o(i.SDIO_DMACmd) for SDIO_DMACmd
    stm324xg_eval_sdio_sd.o(i.SD_WriteBlock) refers to stm32f4xx_sdio.o(i.SDIO_SendCommand) for SDIO_SendCommand
    stm324xg_eval_sdio_sd.o(i.SD_WriteBlock) refers to stm324xg_eval_sdio_sd.o(i.CmdResp1Error) for CmdResp1Error
    stm324xg_eval_sdio_sd.o(i.SD_WriteBlock) refers to stm32f4xx_sdio.o(i.SDIO_DataConfig) for SDIO_DataConfig
    stm324xg_eval_sdio_sd.o(i.SD_WriteBlock) refers to stm324xg_eval_sdio_sd.o(.data) for .data
    stm324xg_eval_sdio_sd.o(i.SD_WriteBlock) refers to stm324xg_eval_sdio_sd.o(.bss) for .bss
    stm324xg_eval_sdio_sd.o(i.SD_WriteMultiBlocks) refers to stm32f4xx_sdio.o(i.SDIO_ITConfig) for SDIO_ITConfig
    stm324xg_eval_sdio_sd.o(i.SD_WriteMultiBlocks) refers to stm324xg_eval.o(i.SD_LowLevel_DMA_TxConfig) for SD_LowLevel_DMA_TxConfig
    stm324xg_eval_sdio_sd.o(i.SD_WriteMultiBlocks) refers to stm32f4xx_sdio.o(i.SDIO_DMACmd) for SDIO_DMACmd
    stm324xg_eval_sdio_sd.o(i.SD_WriteMultiBlocks) refers to stm32f4xx_sdio.o(i.SDIO_SendCommand) for SDIO_SendCommand
    stm324xg_eval_sdio_sd.o(i.SD_WriteMultiBlocks) refers to stm324xg_eval_sdio_sd.o(i.CmdResp1Error) for CmdResp1Error
    stm324xg_eval_sdio_sd.o(i.SD_WriteMultiBlocks) refers to stm32f4xx_sdio.o(i.SDIO_DataConfig) for SDIO_DataConfig
    stm324xg_eval_sdio_sd.o(i.SD_WriteMultiBlocks) refers to stm324xg_eval_sdio_sd.o(.data) for .data
    stm324xg_eval_sdio_sd.o(i.SD_WriteMultiBlocks) refers to stm324xg_eval_sdio_sd.o(.bss) for .bss
    stm32f4xx_flash.o(i.FLASH_EraseAllSectors) refers to stm32f4xx_flash.o(i.FLASH_WaitForLastOperation) for FLASH_WaitForLastOperation
    stm32f4xx_flash.o(i.FLASH_EraseSector) refers to stm32f4xx_flash.o(i.FLASH_WaitForLastOperation) for FLASH_WaitForLastOperation
    stm32f4xx_flash.o(i.FLASH_OB_Launch) refers to stm32f4xx_flash.o(i.FLASH_WaitForLastOperation) for FLASH_WaitForLastOperation
    stm32f4xx_flash.o(i.FLASH_OB_RDPConfig) refers to stm32f4xx_flash.o(i.FLASH_WaitForLastOperation) for FLASH_WaitForLastOperation
    stm32f4xx_flash.o(i.FLASH_OB_UserConfig) refers to stm32f4xx_flash.o(i.FLASH_WaitForLastOperation) for FLASH_WaitForLastOperation
    stm32f4xx_flash.o(i.FLASH_OB_WRPConfig) refers to stm32f4xx_flash.o(i.FLASH_WaitForLastOperation) for FLASH_WaitForLastOperation
    stm32f4xx_flash.o(i.FLASH_ProgramByte) refers to stm32f4xx_flash.o(i.FLASH_WaitForLastOperation) for FLASH_WaitForLastOperation
    stm32f4xx_flash.o(i.FLASH_ProgramDoubleWord) refers to stm32f4xx_flash.o(i.FLASH_WaitForLastOperation) for FLASH_WaitForLastOperation
    stm32f4xx_flash.o(i.FLASH_ProgramHalfWord) refers to stm32f4xx_flash.o(i.FLASH_WaitForLastOperation) for FLASH_WaitForLastOperation
    stm32f4xx_flash.o(i.FLASH_ProgramWord) refers to stm32f4xx_flash.o(i.FLASH_WaitForLastOperation) for FLASH_WaitForLastOperation
    stm32f4xx_flash.o(i.FLASH_WaitForLastOperation) refers to stm32f4xx_flash.o(i.FLASH_GetStatus) for FLASH_GetStatus
    stm32f4xx_gpio.o(i.GPIO_DeInit) refers to stm32f4xx_rcc.o(i.RCC_AHB1PeriphResetCmd) for RCC_AHB1PeriphResetCmd
    stm32f4xx_rcc.o(i.RCC_GetClocksFreq) refers to stm32f4xx_rcc.o(.data) for .data
    stm32f4xx_rcc.o(i.RCC_WaitForHSEStartUp) refers to stm32f4xx_rcc.o(i.RCC_GetFlagStatus) for RCC_GetFlagStatus
    stm32f4xx_sdio.o(i.SDIO_DeInit) refers to stm32f4xx_rcc.o(i.RCC_APB2PeriphResetCmd) for RCC_APB2PeriphResetCmd
    stm32f4xx_tim.o(i.TIM_DeInit) refers to stm32f4xx_rcc.o(i.RCC_APB2PeriphResetCmd) for RCC_APB2PeriphResetCmd
    stm32f4xx_tim.o(i.TIM_DeInit) refers to stm32f4xx_rcc.o(i.RCC_APB1PeriphResetCmd) for RCC_APB1PeriphResetCmd
    stm32f4xx_tim.o(i.TIM_ETRClockMode1Config) refers to stm32f4xx_tim.o(i.TIM_ETRConfig) for TIM_ETRConfig
    stm32f4xx_tim.o(i.TIM_ETRClockMode2Config) refers to stm32f4xx_tim.o(i.TIM_ETRConfig) for TIM_ETRConfig
    stm32f4xx_tim.o(i.TIM_ICInit) refers to stm32f4xx_tim.o(i.TIM_SetIC4Prescaler) for TIM_SetIC4Prescaler
    stm32f4xx_tim.o(i.TIM_ICInit) refers to stm32f4xx_tim.o(i.TI1_Config) for TI1_Config
    stm32f4xx_tim.o(i.TIM_ICInit) refers to stm32f4xx_tim.o(i.TIM_SetIC1Prescaler) for TIM_SetIC1Prescaler
    stm32f4xx_tim.o(i.TIM_ICInit) refers to stm32f4xx_tim.o(i.TI2_Config) for TI2_Config
    stm32f4xx_tim.o(i.TIM_ICInit) refers to stm32f4xx_tim.o(i.TIM_SetIC2Prescaler) for TIM_SetIC2Prescaler
    stm32f4xx_tim.o(i.TIM_ICInit) refers to stm32f4xx_tim.o(i.TIM_SetIC3Prescaler) for TIM_SetIC3Prescaler
    stm32f4xx_tim.o(i.TIM_ITRxExternalClockConfig) refers to stm32f4xx_tim.o(i.TIM_SelectInputTrigger) for TIM_SelectInputTrigger
    stm32f4xx_tim.o(i.TIM_PWMIConfig) refers to stm32f4xx_tim.o(i.TI2_Config) for TI2_Config
    stm32f4xx_tim.o(i.TIM_PWMIConfig) refers to stm32f4xx_tim.o(i.TIM_SetIC2Prescaler) for TIM_SetIC2Prescaler
    stm32f4xx_tim.o(i.TIM_PWMIConfig) refers to stm32f4xx_tim.o(i.TI1_Config) for TI1_Config
    stm32f4xx_tim.o(i.TIM_PWMIConfig) refers to stm32f4xx_tim.o(i.TIM_SetIC1Prescaler) for TIM_SetIC1Prescaler
    stm32f4xx_tim.o(i.TIM_TIxExternalClockConfig) refers to stm32f4xx_tim.o(i.TI1_Config) for TI1_Config
    stm32f4xx_tim.o(i.TIM_TIxExternalClockConfig) refers to stm32f4xx_tim.o(i.TIM_SelectInputTrigger) for TIM_SelectInputTrigger
    stm32f4xx_tim.o(i.TIM_TIxExternalClockConfig) refers to stm32f4xx_tim.o(i.TI2_Config) for TI2_Config
    stm32f4xx_i2c.o(i.I2C_DeInit) refers to stm32f4xx_rcc.o(i.RCC_APB1PeriphResetCmd) for RCC_APB1PeriphResetCmd
    stm32f4xx_i2c.o(i.I2C_Init) refers to stm32f4xx_rcc.o(i.RCC_GetClocksFreq) for RCC_GetClocksFreq
    stm32f4xx_usart.o(i.USART_DeInit) refers to stm32f4xx_rcc.o(i.RCC_APB2PeriphResetCmd) for RCC_APB2PeriphResetCmd
    stm32f4xx_usart.o(i.USART_DeInit) refers to stm32f4xx_rcc.o(i.RCC_APB1PeriphResetCmd) for RCC_APB1PeriphResetCmd
    stm32f4xx_usart.o(i.USART_Init) refers to stm32f4xx_rcc.o(i.RCC_GetClocksFreq) for RCC_GetClocksFreq
    stm32f4xx_syscfg.o(i.SYSCFG_DeInit) refers to stm32f4xx_rcc.o(i.RCC_APB2PeriphResetCmd) for RCC_APB2PeriphResetCmd
    fatfs_drv.o(i.disk_initialize) refers to misc.o(i.NVIC_Init) for NVIC_Init
    fatfs_drv.o(i.disk_initialize) refers to stm324xg_eval_sdio_sd.o(i.SD_Detect) for SD_Detect
    fatfs_drv.o(i.disk_initialize) refers to fatfs_drv.o(.data) for .data
    fatfs_drv.o(i.disk_ioctl) refers to stm324xg_eval_sdio_sd.o(i.SD_GetCardInfo) for SD_GetCardInfo
    fatfs_drv.o(i.disk_ioctl) refers to fatfs_drv.o(.data) for .data
    fatfs_drv.o(i.disk_read) refers to stm324xg_eval_sdio_sd.o(i.SD_Detect) for SD_Detect
    fatfs_drv.o(i.disk_read) refers to stm324xg_eval_sdio_sd.o(i.SD_ReadBlock) for SD_ReadBlock
    fatfs_drv.o(i.disk_read) refers to stm324xg_eval_sdio_sd.o(i.SD_WaitReadOperation) for SD_WaitReadOperation
    fatfs_drv.o(i.disk_read) refers to stm324xg_eval_sdio_sd.o(i.SD_GetStatus) for SD_GetStatus
    fatfs_drv.o(i.disk_read) refers to memcpya.o(.text) for __aeabi_memcpy
    fatfs_drv.o(i.disk_read) refers to stm324xg_eval_sdio_sd.o(i.SD_ReadMultiBlocks) for SD_ReadMultiBlocks
    fatfs_drv.o(i.disk_status) refers to stm324xg_eval_sdio_sd.o(i.SD_Detect) for SD_Detect
    fatfs_drv.o(i.disk_status) refers to stm324xg_eval_sdio_sd.o(i.SD_GetStatus) for SD_GetStatus
    fatfs_drv.o(i.disk_status) refers to fatfs_drv.o(.data) for .data
    fatfs_drv.o(i.disk_write) refers to stm324xg_eval_sdio_sd.o(i.SD_Detect) for SD_Detect
    fatfs_drv.o(i.disk_write) refers to memcpya.o(.text) for __aeabi_memcpy
    fatfs_drv.o(i.disk_write) refers to stm324xg_eval_sdio_sd.o(i.SD_WriteBlock) for SD_WriteBlock
    fatfs_drv.o(i.disk_write) refers to stm324xg_eval_sdio_sd.o(i.SD_WaitWriteOperation) for SD_WaitWriteOperation
    fatfs_drv.o(i.disk_write) refers to stm324xg_eval_sdio_sd.o(i.SD_GetStatus) for SD_GetStatus
    fatfs_drv.o(i.disk_write) refers to stm324xg_eval_sdio_sd.o(i.SD_WriteMultiBlocks) for SD_WriteMultiBlocks
    main.o(i.Delay) refers to main.o(.data) for .data
    main.o(i.SDCard_Config) refers to stm324xg_eval_lcd.o(i.LCD_SetTextColor) for LCD_SetTextColor
    main.o(i.SDCard_Config) refers to stm324xg_eval_lcd.o(i.LCD_GetFont) for LCD_GetFont
    main.o(i.SDCard_Config) refers to stm324xg_eval_lcd.o(i.LCD_DisplayStringLine) for LCD_DisplayStringLine
    main.o(i.SDCard_Config) refers to stm324xg_eval_sdio_sd.o(i.SD_Init) for SD_Init
    main.o(i.SDCard_Config) refers to stm324xg_eval_sdio_sd.o(i.SD_Detect) for SD_Detect
    main.o(i.TimingDelay_Decrement) refers to main.o(.data) for .data
    main.o(i.main) refers to stm324xg_eval.o(i.STM_EVAL_PBInit) for STM_EVAL_PBInit
    main.o(i.main) refers to stm324xg_eval_lcd.o(i.LCD_DisplayOn) for LCD_DisplayOn
    main.o(i.main) refers to stm324xg_eval_lcd.o(i.LCD_Clear) for LCD_Clear
    main.o(i.main) refers to main.o(i.SDCard_Config) for SDCard_Config
    main.o(i.main) refers to ff.o(i.f_mount) for f_mount
    main.o(i.main) refers to stm324xg_eval_lcd.o(i.LCD_SetTextColor) for LCD_SetTextColor
    main.o(i.main) refers to stm324xg_eval_lcd.o(i.LCD_GetFont) for LCD_GetFont
    main.o(i.main) refers to stm324xg_eval_lcd.o(i.LCD_DisplayStringLine) for LCD_DisplayStringLine
    main.o(i.main) refers to malloc.o(i.malloc) for malloc
    main.o(i.main) refers to malloc.o(i.free) for free
    main.o(i.main) refers to printf6.o(i.__0sprintf$6) for __2sprintf
    main.o(i.main) refers to stm324xg_eval_lcd.o(i.LCD_WriteBMP) for LCD_WriteBMP
    main.o(i.main) refers to main.o(i.Delay) for Delay
    main.o(i.main) refers to stm324xg_eval.o(i.STM_EVAL_PBGetState) for STM_EVAL_PBGetState
    main.o(i.main) refers to system_stm32f4xx.o(.data) for SystemCoreClock
    main.o(i.main) refers to main.o(.bss) for .bss
    main.o(i.main) refers to main.o(.data) for .data
    stm32xxx_it.o(i.DMA2_Stream3_IRQHandler) refers to stm324xg_eval_sdio_sd.o(i.SD_ProcessDMAIRQ) for SD_ProcessDMAIRQ
    stm32xxx_it.o(i.SDIO_IRQHandler) refers to stm324xg_eval_sdio_sd.o(i.SD_ProcessIRQSrc) for SD_ProcessIRQSrc
    lcd_log.o(i.LCD_LOG_ClearTextZone) refers to stm324xg_eval_lcd.o(i.LCD_GetFont) for LCD_GetFont
    lcd_log.o(i.LCD_LOG_ClearTextZone) refers to stm324xg_eval_lcd.o(i.LCD_ClearLine) for LCD_ClearLine
    lcd_log.o(i.LCD_LOG_ClearTextZone) refers to lcd_log.o(i.LCD_LOG_DeInit) for LCD_LOG_DeInit
    lcd_log.o(i.LCD_LOG_DeInit) refers to lcd_log.o(.data) for .data
    lcd_log.o(i.LCD_LOG_Init) refers to lcd_log.o(i.LCD_LOG_DeInit) for LCD_LOG_DeInit
    lcd_log.o(i.LCD_LOG_Init) refers to stm324xg_eval_lcd.o(i.LCD_Clear) for LCD_Clear
    lcd_log.o(i.LCD_LOG_SetFooter) refers to stm324xg_eval_lcd.o(i.LCD_SetBackColor) for LCD_SetBackColor
    lcd_log.o(i.LCD_LOG_SetFooter) refers to stm324xg_eval_lcd.o(i.LCD_GetFont) for LCD_GetFont
    lcd_log.o(i.LCD_LOG_SetFooter) refers to stm324xg_eval_lcd.o(i.LCD_DisplayStringLine) for LCD_DisplayStringLine
    lcd_log.o(i.LCD_LOG_SetHeader) refers to stm324xg_eval_lcd.o(i.LCD_Clear) for LCD_Clear
    lcd_log.o(i.LCD_LOG_SetHeader) refers to stm324xg_eval_lcd.o(i.LCD_SetFont) for LCD_SetFont
    lcd_log.o(i.LCD_LOG_SetHeader) refers to stm324xg_eval_lcd.o(i.LCD_GetFont) for LCD_GetFont
    lcd_log.o(i.LCD_LOG_SetHeader) refers to stm324xg_eval_lcd.o(i.LCD_SetTextColor) for LCD_SetTextColor
    lcd_log.o(i.LCD_LOG_SetHeader) refers to stm324xg_eval_lcd.o(i.LCD_SetBackColor) for LCD_SetBackColor
    lcd_log.o(i.LCD_LOG_SetHeader) refers to stm324xg_eval_lcd.o(i.LCD_ClearLine) for LCD_ClearLine
    lcd_log.o(i.LCD_LOG_SetHeader) refers to stm324xg_eval_lcd.o(i.LCD_DisplayStringLine) for LCD_DisplayStringLine
    lcd_log.o(i.LCD_LOG_SetHeader) refers to stm324xg_eval_lcd.o(.data) for Font12x12
    lcd_log.o(i.LCD_LOG_SetHeader) refers to stm324xg_eval_lcd.o(.data) for Font8x12
    lcd_log.o(i.LCD_LOG_UpdateDisplay) refers to stm324xg_eval_lcd.o(i.LCD_GetFont) for LCD_GetFont
    lcd_log.o(i.LCD_LOG_UpdateDisplay) refers to stm324xg_eval_lcd.o(i.LCD_SetTextColor) for LCD_SetTextColor
    lcd_log.o(i.LCD_LOG_UpdateDisplay) refers to stm324xg_eval_lcd.o(i.LCD_DisplayStringLine) for LCD_DisplayStringLine
    lcd_log.o(i.LCD_LOG_UpdateDisplay) refers to lcd_log.o(.data) for .data
    lcd_log.o(i.LCD_LOG_UpdateDisplay) refers to lcd_log.o(.bss) for .bss
    lcd_log.o(i.fputc) refers to stm324xg_eval_lcd.o(i.LCD_GetFont) for LCD_GetFont
    lcd_log.o(i.fputc) refers to lcd_log.o(i.LCD_LOG_UpdateDisplay) for LCD_LOG_UpdateDisplay
    lcd_log.o(i.fputc) refers to lcd_log.o(.data) for .data
    lcd_log.o(i.fputc) refers to lcd_log.o(.bss) for .bss
    ff.o(i.check_fs) refers to fatfs_drv.o(i.disk_read) for disk_read
    ff.o(i.chk_mounted) refers to fatfs_drv.o(i.disk_status) for disk_status
    ff.o(i.chk_mounted) refers to fatfs_drv.o(i.disk_initialize) for disk_initialize
    ff.o(i.chk_mounted) refers to ff.o(i.check_fs) for check_fs
    ff.o(i.chk_mounted) refers to fatfs_drv.o(i.disk_read) for disk_read
    ff.o(i.chk_mounted) refers to ff.o(.data) for .data
    ff.o(i.create_chain) refers to ff.o(i.get_fat) for get_fat
    ff.o(i.create_chain) refers to ff.o(i.put_fat) for put_fat
    ff.o(i.create_name) refers to ff.o(i.mem_set) for mem_set
    ff.o(i.create_name) refers to ff.o(.constdata) for .constdata
    ff.o(i.dir_next) refers to ff.o(i.get_fat) for get_fat
    ff.o(i.dir_next) refers to ff.o(i.create_chain) for create_chain
    ff.o(i.dir_next) refers to ff.o(i.move_window) for move_window
    ff.o(i.dir_next) refers to ff.o(i.mem_set) for mem_set
    ff.o(i.dir_next) refers to ff.o(i.clust2sect) for clust2sect
    ff.o(i.dir_read) refers to ff.o(i.move_window) for move_window
    ff.o(i.dir_read) refers to ff.o(i.dir_next) for dir_next
    ff.o(i.dir_register) refers to ff.o(i.dir_sdi) for dir_sdi
    ff.o(i.dir_register) refers to ff.o(i.move_window) for move_window
    ff.o(i.dir_register) refers to ff.o(i.dir_next) for dir_next
    ff.o(i.dir_register) refers to ff.o(i.mem_set) for mem_set
    ff.o(i.dir_register) refers to ff.o(i.mem_cpy) for mem_cpy
    ff.o(i.dir_remove) refers to ff.o(i.dir_sdi) for dir_sdi
    ff.o(i.dir_remove) refers to ff.o(i.move_window) for move_window
    ff.o(i.dir_sdi) refers to ff.o(i.get_fat) for get_fat
    ff.o(i.dir_sdi) refers to ff.o(i.clust2sect) for clust2sect
    ff.o(i.f_chmod) refers to ff.o(i.chk_mounted) for chk_mounted
    ff.o(i.f_chmod) refers to ff.o(i.follow_path) for follow_path
    ff.o(i.f_chmod) refers to ff.o(i.sync) for sync
    ff.o(i.f_close) refers to ff.o(i.f_sync) for f_sync
    ff.o(i.f_getfree) refers to ff.o(i.chk_mounted) for chk_mounted
    ff.o(i.f_getfree) refers to ff.o(i.get_fat) for get_fat
    ff.o(i.f_getfree) refers to ff.o(i.move_window) for move_window
    ff.o(i.f_lseek) refers to ff.o(i.validate) for validate
    ff.o(i.f_lseek) refers to ff.o(i.create_chain) for create_chain
    ff.o(i.f_lseek) refers to ff.o(i.get_fat) for get_fat
    ff.o(i.f_lseek) refers to ff.o(i.clust2sect) for clust2sect
    ff.o(i.f_lseek) refers to fatfs_drv.o(i.disk_write) for disk_write
    ff.o(i.f_lseek) refers to fatfs_drv.o(i.disk_read) for disk_read
    ff.o(i.f_mkdir) refers to fatfs_drv.o(i.get_fattime) for get_fattime
    ff.o(i.f_mkdir) refers to ff.o(i.chk_mounted) for chk_mounted
    ff.o(i.f_mkdir) refers to ff.o(i.follow_path) for follow_path
    ff.o(i.f_mkdir) refers to ff.o(i.create_chain) for create_chain
    ff.o(i.f_mkdir) refers to ff.o(i.move_window) for move_window
    ff.o(i.f_mkdir) refers to ff.o(i.clust2sect) for clust2sect
    ff.o(i.f_mkdir) refers to ff.o(i.mem_set) for mem_set
    ff.o(i.f_mkdir) refers to ff.o(i.mem_cpy) for mem_cpy
    ff.o(i.f_mkdir) refers to ff.o(i.dir_register) for dir_register
    ff.o(i.f_mkdir) refers to ff.o(i.remove_chain) for remove_chain
    ff.o(i.f_mkdir) refers to ff.o(i.sync) for sync
    ff.o(i.f_mount) refers to ff.o(.data) for .data
    ff.o(i.f_open) refers to ff.o(i.chk_mounted) for chk_mounted
    ff.o(i.f_open) refers to ff.o(i.follow_path) for follow_path
    ff.o(i.f_open) refers to ff.o(i.dir_register) for dir_register
    ff.o(i.f_open) refers to fatfs_drv.o(i.get_fattime) for get_fattime
    ff.o(i.f_open) refers to ff.o(i.remove_chain) for remove_chain
    ff.o(i.f_open) refers to ff.o(i.move_window) for move_window
    ff.o(i.f_opendir) refers to ff.o(i.chk_mounted) for chk_mounted
    ff.o(i.f_opendir) refers to ff.o(i.follow_path) for follow_path
    ff.o(i.f_opendir) refers to ff.o(i.dir_sdi) for dir_sdi
    ff.o(i.f_read) refers to ff.o(i.validate) for validate
    ff.o(i.f_read) refers to ff.o(i.get_fat) for get_fat
    ff.o(i.f_read) refers to ff.o(i.clust2sect) for clust2sect
    ff.o(i.f_read) refers to fatfs_drv.o(i.disk_read) for disk_read
    ff.o(i.f_read) refers to ff.o(i.mem_cpy) for mem_cpy
    ff.o(i.f_read) refers to fatfs_drv.o(i.disk_write) for disk_write
    ff.o(i.f_readdir) refers to ff.o(i.validate) for validate
    ff.o(i.f_readdir) refers to ff.o(i.dir_read) for dir_read
    ff.o(i.f_readdir) refers to ff.o(i.get_fileinfo) for get_fileinfo
    ff.o(i.f_readdir) refers to ff.o(i.dir_next) for dir_next
    ff.o(i.f_readdir) refers to ff.o(i.dir_sdi) for dir_sdi
    ff.o(i.f_rename) refers to ff.o(i.chk_mounted) for chk_mounted
    ff.o(i.f_rename) refers to ff.o(i.follow_path) for follow_path
    ff.o(i.f_rename) refers to ff.o(i.mem_cpy) for mem_cpy
    ff.o(i.f_rename) refers to ff.o(i.dir_register) for dir_register
    ff.o(i.f_rename) refers to ff.o(i.clust2sect) for clust2sect
    ff.o(i.f_rename) refers to ff.o(i.move_window) for move_window
    ff.o(i.f_rename) refers to ff.o(i.dir_remove) for dir_remove
    ff.o(i.f_rename) refers to ff.o(i.sync) for sync
    ff.o(i.f_stat) refers to ff.o(i.chk_mounted) for chk_mounted
    ff.o(i.f_stat) refers to ff.o(i.follow_path) for follow_path
    ff.o(i.f_stat) refers to ff.o(i.get_fileinfo) for get_fileinfo
    ff.o(i.f_sync) refers to ff.o(i.validate) for validate
    ff.o(i.f_sync) refers to fatfs_drv.o(i.disk_write) for disk_write
    ff.o(i.f_sync) refers to ff.o(i.move_window) for move_window
    ff.o(i.f_sync) refers to fatfs_drv.o(i.get_fattime) for get_fattime
    ff.o(i.f_sync) refers to ff.o(i.sync) for sync
    ff.o(i.f_truncate) refers to ff.o(i.validate) for validate
    ff.o(i.f_truncate) refers to ff.o(i.get_fat) for get_fat
    ff.o(i.f_truncate) refers to ff.o(i.remove_chain) for remove_chain
    ff.o(i.f_truncate) refers to ff.o(i.put_fat) for put_fat
    ff.o(i.f_unlink) refers to ff.o(i.chk_mounted) for chk_mounted
    ff.o(i.f_unlink) refers to ff.o(i.follow_path) for follow_path
    ff.o(i.f_unlink) refers to ff.o(i.mem_cpy) for mem_cpy
    ff.o(i.f_unlink) refers to ff.o(i.dir_sdi) for dir_sdi
    ff.o(i.f_unlink) refers to ff.o(i.dir_read) for dir_read
    ff.o(i.f_unlink) refers to ff.o(i.dir_remove) for dir_remove
    ff.o(i.f_unlink) refers to ff.o(i.remove_chain) for remove_chain
    ff.o(i.f_unlink) refers to ff.o(i.sync) for sync
    ff.o(i.f_utime) refers to ff.o(i.chk_mounted) for chk_mounted
    ff.o(i.f_utime) refers to ff.o(i.follow_path) for follow_path
    ff.o(i.f_utime) refers to ff.o(i.sync) for sync
    ff.o(i.f_write) refers to ff.o(i.validate) for validate
    ff.o(i.f_write) refers to ff.o(i.create_chain) for create_chain
    ff.o(i.f_write) refers to fatfs_drv.o(i.disk_write) for disk_write
    ff.o(i.f_write) refers to ff.o(i.clust2sect) for clust2sect
    ff.o(i.f_write) refers to ff.o(i.mem_cpy) for mem_cpy
    ff.o(i.f_write) refers to fatfs_drv.o(i.disk_read) for disk_read
    ff.o(i.follow_path) refers to ff.o(i.dir_sdi) for dir_sdi
    ff.o(i.follow_path) refers to ff.o(i.create_name) for create_name
    ff.o(i.follow_path) refers to ff.o(i.move_window) for move_window
    ff.o(i.follow_path) refers to ff.o(i.dir_next) for dir_next
    ff.o(i.get_fat) refers to ff.o(i.move_window) for move_window
    ff.o(i.move_window) refers to fatfs_drv.o(i.disk_write) for disk_write
    ff.o(i.move_window) refers to fatfs_drv.o(i.disk_read) for disk_read
    ff.o(i.put_fat) refers to ff.o(i.move_window) for move_window
    ff.o(i.remove_chain) refers to ff.o(i.get_fat) for get_fat
    ff.o(i.remove_chain) refers to ff.o(i.put_fat) for put_fat
    ff.o(i.sync) refers to ff.o(i.move_window) for move_window
    ff.o(i.sync) refers to ff.o(i.mem_set) for mem_set
    ff.o(i.sync) refers to fatfs_drv.o(i.disk_write) for disk_write
    ff.o(i.sync) refers to fatfs_drv.o(i.disk_ioctl) for disk_ioctl
    ff.o(i.validate) refers to fatfs_drv.o(i.disk_status) for disk_status
    entry.o(.ARM.Collect$$$$00000000) refers (Special) to entry10a.o(.ARM.Collect$$$$0000000D) for __rt_final_cpp
    entry.o(.ARM.Collect$$$$00000000) refers (Special) to entry11a.o(.ARM.Collect$$$$0000000F) for __rt_final_exit
    entry.o(.ARM.Collect$$$$00000000) refers (Special) to entry7b.o(.ARM.Collect$$$$00000008) for _main_clock
    entry.o(.ARM.Collect$$$$00000000) refers (Special) to entry8b.o(.ARM.Collect$$$$0000000A) for _main_cpp_init
    entry.o(.ARM.Collect$$$$00000000) refers (Special) to entry9a.o(.ARM.Collect$$$$0000000B) for _main_init
    entry.o(.ARM.Collect$$$$00000000) refers (Special) to entry5.o(.ARM.Collect$$$$00000004) for _main_scatterload
    entry.o(.ARM.Collect$$$$00000000) refers (Special) to entry2.o(.ARM.Collect$$$$00000001) for _main_stk
    printfb.o(i.__0fprintf$bare) refers to printfb.o(i._printf_core) for _printf_core
    printfb.o(i.__0fprintf$bare) refers to lcd_log.o(i.fputc) for fputc
    printfb.o(i.__0printf$bare) refers to printfb.o(i._printf_core) for _printf_core
    printfb.o(i.__0printf$bare) refers to lcd_log.o(i.fputc) for fputc
    printfb.o(i.__0printf$bare) refers to stdout.o(.data) for __stdout
    printfb.o(i.__0snprintf$bare) refers to printfb.o(i._printf_core) for _printf_core
    printfb.o(i.__0snprintf$bare) refers to printfb.o(i._snputc) for _snputc
    printfb.o(i.__0sprintf$bare) refers to printfb.o(i._printf_core) for _printf_core
    printfb.o(i.__0sprintf$bare) refers to printfb.o(i._sputc) for _sputc
    printfb.o(i.__0vfprintf$bare) refers to printfb.o(i._printf_core) for _printf_core
    printfb.o(i.__0vfprintf$bare) refers to lcd_log.o(i.fputc) for fputc
    printfb.o(i.__0vprintf$bare) refers to printfb.o(i._printf_core) for _printf_core
    printfb.o(i.__0vprintf$bare) refers to lcd_log.o(i.fputc) for fputc
    printfb.o(i.__0vprintf$bare) refers to stdout.o(.data) for __stdout
    printfb.o(i.__0vsnprintf$bare) refers to printfb.o(i._printf_core) for _printf_core
    printfb.o(i.__0vsnprintf$bare) refers to printfb.o(i._snputc) for _snputc
    printfb.o(i.__0vsprintf$bare) refers to printfb.o(i._printf_core) for _printf_core
    printfb.o(i.__0vsprintf$bare) refers to printfb.o(i._sputc) for _sputc
    printf0.o(i.__0fprintf$0) refers to printf0.o(i._printf_core) for _printf_core
    printf0.o(i.__0fprintf$0) refers to lcd_log.o(i.fputc) for fputc
    printf0.o(i.__0printf$0) refers to printf0.o(i._printf_core) for _printf_core
    printf0.o(i.__0printf$0) refers to lcd_log.o(i.fputc) for fputc
    printf0.o(i.__0printf$0) refers to stdout.o(.data) for __stdout
    printf0.o(i.__0snprintf$0) refers to printf0.o(i._printf_core) for _printf_core
    printf0.o(i.__0snprintf$0) refers to printf0.o(i._snputc) for _snputc
    printf0.o(i.__0sprintf$0) refers to printf0.o(i._printf_core) for _printf_core
    printf0.o(i.__0sprintf$0) refers to printf0.o(i._sputc) for _sputc
    printf0.o(i.__0vfprintf$0) refers to printf0.o(i._printf_core) for _printf_core
    printf0.o(i.__0vfprintf$0) refers to lcd_log.o(i.fputc) for fputc
    printf0.o(i.__0vprintf$0) refers to printf0.o(i._printf_core) for _printf_core
    printf0.o(i.__0vprintf$0) refers to lcd_log.o(i.fputc) for fputc
    printf0.o(i.__0vprintf$0) refers to stdout.o(.data) for __stdout
    printf0.o(i.__0vsnprintf$0) refers to printf0.o(i._printf_core) for _printf_core
    printf0.o(i.__0vsnprintf$0) refers to printf0.o(i._snputc) for _snputc
    printf0.o(i.__0vsprintf$0) refers to printf0.o(i._printf_core) for _printf_core
    printf0.o(i.__0vsprintf$0) refers to printf0.o(i._sputc) for _sputc
    printf1.o(i.__0fprintf$1) refers to printf1.o(i._printf_core) for _printf_core
    printf1.o(i.__0fprintf$1) refers to lcd_log.o(i.fputc) for fputc
    printf1.o(i.__0printf$1) refers to printf1.o(i._printf_core) for _printf_core
    printf1.o(i.__0printf$1) refers to lcd_log.o(i.fputc) for fputc
    printf1.o(i.__0printf$1) refers to stdout.o(.data) for __stdout
    printf1.o(i.__0snprintf$1) refers to printf1.o(i._printf_core) for _printf_core
    printf1.o(i.__0snprintf$1) refers to printf1.o(i._snputc) for _snputc
    printf1.o(i.__0sprintf$1) refers to printf1.o(i._printf_core) for _printf_core
    printf1.o(i.__0sprintf$1) refers to printf1.o(i._sputc) for _sputc
    printf1.o(i.__0vfprintf$1) refers to printf1.o(i._printf_core) for _printf_core
    printf1.o(i.__0vfprintf$1) refers to lcd_log.o(i.fputc) for fputc
    printf1.o(i.__0vprintf$1) refers to printf1.o(i._printf_core) for _printf_core
    printf1.o(i.__0vprintf$1) refers to lcd_log.o(i.fputc) for fputc
    printf1.o(i.__0vprintf$1) refers to stdout.o(.data) for __stdout
    printf1.o(i.__0vsnprintf$1) refers to printf1.o(i._printf_core) for _printf_core
    printf1.o(i.__0vsnprintf$1) refers to printf1.o(i._snputc) for _snputc
    printf1.o(i.__0vsprintf$1) refers to printf1.o(i._printf_core) for _printf_core
    printf1.o(i.__0vsprintf$1) refers to printf1.o(i._sputc) for _sputc
    printf1.o(i._printf_core) refers to uidiv.o(.text) for __aeabi_uidivmod
    printf2.o(i.__0fprintf$2) refers to printf2.o(i._printf_core) for _printf_core
    printf2.o(i.__0fprintf$2) refers to lcd_log.o(i.fputc) for fputc
    printf2.o(i.__0printf$2) refers to printf2.o(i._printf_core) for _printf_core
    printf2.o(i.__0printf$2) refers to lcd_log.o(i.fputc) for fputc
    printf2.o(i.__0printf$2) refers to stdout.o(.data) for __stdout
    printf2.o(i.__0snprintf$2) refers to printf2.o(i._printf_core) for _printf_core
    printf2.o(i.__0snprintf$2) refers to printf2.o(i._snputc) for _snputc
    printf2.o(i.__0sprintf$2) refers to printf2.o(i._printf_core) for _printf_core
    printf2.o(i.__0sprintf$2) refers to printf2.o(i._sputc) for _sputc
    printf2.o(i.__0vfprintf$2) refers to printf2.o(i._printf_core) for _printf_core
    printf2.o(i.__0vfprintf$2) refers to lcd_log.o(i.fputc) for fputc
    printf2.o(i.__0vprintf$2) refers to printf2.o(i._printf_core) for _printf_core
    printf2.o(i.__0vprintf$2) refers to lcd_log.o(i.fputc) for fputc
    printf2.o(i.__0vprintf$2) refers to stdout.o(.data) for __stdout
    printf2.o(i.__0vsnprintf$2) refers to printf2.o(i._printf_core) for _printf_core
    printf2.o(i.__0vsnprintf$2) refers to printf2.o(i._snputc) for _snputc
    printf2.o(i.__0vsprintf$2) refers to printf2.o(i._printf_core) for _printf_core
    printf2.o(i.__0vsprintf$2) refers to printf2.o(i._sputc) for _sputc
    printf3.o(i.__0fprintf$3) refers to printf3.o(i._printf_core) for _printf_core
    printf3.o(i.__0fprintf$3) refers to lcd_log.o(i.fputc) for fputc
    printf3.o(i.__0printf$3) refers to printf3.o(i._printf_core) for _printf_core
    printf3.o(i.__0printf$3) refers to lcd_log.o(i.fputc) for fputc
    printf3.o(i.__0printf$3) refers to stdout.o(.data) for __stdout
    printf3.o(i.__0snprintf$3) refers to printf3.o(i._printf_core) for _printf_core
    printf3.o(i.__0snprintf$3) refers to printf3.o(i._snputc) for _snputc
    printf3.o(i.__0sprintf$3) refers to printf3.o(i._printf_core) for _printf_core
    printf3.o(i.__0sprintf$3) refers to printf3.o(i._sputc) for _sputc
    printf3.o(i.__0vfprintf$3) refers to printf3.o(i._printf_core) for _printf_core
    printf3.o(i.__0vfprintf$3) refers to lcd_log.o(i.fputc) for fputc
    printf3.o(i.__0vprintf$3) refers to printf3.o(i._printf_core) for _printf_core
    printf3.o(i.__0vprintf$3) refers to lcd_log.o(i.fputc) for fputc
    printf3.o(i.__0vprintf$3) refers to stdout.o(.data) for __stdout
    printf3.o(i.__0vsnprintf$3) refers to printf3.o(i._printf_core) for _printf_core
    printf3.o(i.__0vsnprintf$3) refers to printf3.o(i._snputc) for _snputc
    printf3.o(i.__0vsprintf$3) refers to printf3.o(i._printf_core) for _printf_core
    printf3.o(i.__0vsprintf$3) refers to printf3.o(i._sputc) for _sputc
    printf3.o(i._printf_core) refers to uidiv.o(.text) for __aeabi_uidivmod
    printf4.o(i.__0fprintf$4) refers to printf4.o(i._printf_core) for _printf_core
    printf4.o(i.__0fprintf$4) refers to lcd_log.o(i.fputc) for fputc
    printf4.o(i.__0printf$4) refers to printf4.o(i._printf_core) for _printf_core
    printf4.o(i.__0printf$4) refers to lcd_log.o(i.fputc) for fputc
    printf4.o(i.__0printf$4) refers to stdout.o(.data) for __stdout
    printf4.o(i.__0snprintf$4) refers to printf4.o(i._printf_core) for _printf_core
    printf4.o(i.__0snprintf$4) refers to printf4.o(i._snputc) for _snputc
    printf4.o(i.__0sprintf$4) refers to printf4.o(i._printf_core) for _printf_core
    printf4.o(i.__0sprintf$4) refers to printf4.o(i._sputc) for _sputc
    printf4.o(i.__0vfprintf$4) refers to printf4.o(i._printf_core) for _printf_core
    printf4.o(i.__0vfprintf$4) refers to lcd_log.o(i.fputc) for fputc
    printf4.o(i.__0vprintf$4) refers to printf4.o(i._printf_core) for _printf_core
    printf4.o(i.__0vprintf$4) refers to lcd_log.o(i.fputc) for fputc
    printf4.o(i.__0vprintf$4) refers to stdout.o(.data) for __stdout
    printf4.o(i.__0vsnprintf$4) refers to printf4.o(i._printf_core) for _printf_core
    printf4.o(i.__0vsnprintf$4) refers to printf4.o(i._snputc) for _snputc
    printf4.o(i.__0vsprintf$4) refers to printf4.o(i._printf_core) for _printf_core
    printf4.o(i.__0vsprintf$4) refers to printf4.o(i._sputc) for _sputc
    printf4.o(i._printf_core) refers to uldiv.o(.text) for __aeabi_uldivmod
    printf5.o(i.__0fprintf$5) refers to printf5.o(i._printf_core) for _printf_core
    printf5.o(i.__0fprintf$5) refers to lcd_log.o(i.fputc) for fputc
    printf5.o(i.__0printf$5) refers to printf5.o(i._printf_core) for _printf_core
    printf5.o(i.__0printf$5) refers to lcd_log.o(i.fputc) for fputc
    printf5.o(i.__0printf$5) refers to stdout.o(.data) for __stdout
    printf5.o(i.__0snprintf$5) refers to printf5.o(i._printf_core) for _printf_core
    printf5.o(i.__0snprintf$5) refers to printf5.o(i._snputc) for _snputc
    printf5.o(i.__0sprintf$5) refers to printf5.o(i._printf_core) for _printf_core
    printf5.o(i.__0sprintf$5) refers to printf5.o(i._sputc) for _sputc
    printf5.o(i.__0vfprintf$5) refers to printf5.o(i._printf_core) for _printf_core
    printf5.o(i.__0vfprintf$5) refers to lcd_log.o(i.fputc) for fputc
    printf5.o(i.__0vprintf$5) refers to printf5.o(i._printf_core) for _printf_core
    printf5.o(i.__0vprintf$5) refers to lcd_log.o(i.fputc) for fputc
    printf5.o(i.__0vprintf$5) refers to stdout.o(.data) for __stdout
    printf5.o(i.__0vsnprintf$5) refers to printf5.o(i._printf_core) for _printf_core
    printf5.o(i.__0vsnprintf$5) refers to printf5.o(i._snputc) for _snputc
    printf5.o(i.__0vsprintf$5) refers to printf5.o(i._printf_core) for _printf_core
    printf5.o(i.__0vsprintf$5) refers to printf5.o(i._sputc) for _sputc
    printf5.o(i._printf_core) refers to uldiv.o(.text) for __aeabi_uldivmod
    printf6.o(i.__0fprintf$6) refers to printf6.o(i._printf_core) for _printf_core
    printf6.o(i.__0fprintf$6) refers to lcd_log.o(i.fputc) for fputc
    printf6.o(i.__0printf$6) refers to printf6.o(i._printf_core) for _printf_core
    printf6.o(i.__0printf$6) refers to lcd_log.o(i.fputc) for fputc
    printf6.o(i.__0printf$6) refers to stdout.o(.data) for __stdout
    printf6.o(i.__0snprintf$6) refers to printf6.o(i._printf_core) for _printf_core
    printf6.o(i.__0snprintf$6) refers to printf6.o(i._snputc) for _snputc
    printf6.o(i.__0sprintf$6) refers to printf6.o(i._printf_core) for _printf_core
    printf6.o(i.__0sprintf$6) refers to printf6.o(i._sputc) for _sputc
    printf6.o(i.__0vfprintf$6) refers to printf6.o(i._printf_core) for _printf_core
    printf6.o(i.__0vfprintf$6) refers to lcd_log.o(i.fputc) for fputc
    printf6.o(i.__0vprintf$6) refers to printf6.o(i._printf_core) for _printf_core
    printf6.o(i.__0vprintf$6) refers to lcd_log.o(i.fputc) for fputc
    printf6.o(i.__0vprintf$6) refers to stdout.o(.data) for __stdout
    printf6.o(i.__0vsnprintf$6) refers to printf6.o(i._printf_core) for _printf_core
    printf6.o(i.__0vsnprintf$6) refers to printf6.o(i._snputc) for _snputc
    printf6.o(i.__0vsprintf$6) refers to printf6.o(i._printf_core) for _printf_core
    printf6.o(i.__0vsprintf$6) refers to printf6.o(i._sputc) for _sputc
    printf6.o(i._printf_core) refers to printf6.o(i._printf_pre_padding) for _printf_pre_padding
    printf6.o(i._printf_core) refers to uidiv.o(.text) for __aeabi_uidivmod
    printf6.o(i._printf_core) refers to printf6.o(i._printf_post_padding) for _printf_post_padding
    printf7.o(i.__0fprintf$7) refers to printf7.o(i._printf_core) for _printf_core
    printf7.o(i.__0fprintf$7) refers to lcd_log.o(i.fputc) for fputc
    printf7.o(i.__0printf$7) refers to printf7.o(i._printf_core) for _printf_core
    printf7.o(i.__0printf$7) refers to lcd_log.o(i.fputc) for fputc
    printf7.o(i.__0printf$7) refers to stdout.o(.data) for __stdout
    printf7.o(i.__0snprintf$7) refers to printf7.o(i._printf_core) for _printf_core
    printf7.o(i.__0snprintf$7) refers to printf7.o(i._snputc) for _snputc
    printf7.o(i.__0sprintf$7) refers to printf7.o(i._printf_core) for _printf_core
    printf7.o(i.__0sprintf$7) refers to printf7.o(i._sputc) for _sputc
    printf7.o(i.__0vfprintf$7) refers to printf7.o(i._printf_core) for _printf_core
    printf7.o(i.__0vfprintf$7) refers to lcd_log.o(i.fputc) for fputc
    printf7.o(i.__0vprintf$7) refers to printf7.o(i._printf_core) for _printf_core
    printf7.o(i.__0vprintf$7) refers to lcd_log.o(i.fputc) for fputc
    printf7.o(i.__0vprintf$7) refers to stdout.o(.data) for __stdout
    printf7.o(i.__0vsnprintf$7) refers to printf7.o(i._printf_core) for _printf_core
    printf7.o(i.__0vsnprintf$7) refers to printf7.o(i._snputc) for _snputc
    printf7.o(i.__0vsprintf$7) refers to printf7.o(i._printf_core) for _printf_core
    printf7.o(i.__0vsprintf$7) refers to printf7.o(i._sputc) for _sputc
    printf7.o(i._printf_core) refers to printf7.o(i._printf_pre_padding) for _printf_pre_padding
    printf7.o(i._printf_core) refers to uldiv.o(.text) for __aeabi_uldivmod
    printf7.o(i._printf_core) refers to printf7.o(i._printf_post_padding) for _printf_post_padding
    printf8.o(i.__0fprintf$8) refers to printf8.o(i._printf_core) for _printf_core
    printf8.o(i.__0fprintf$8) refers to lcd_log.o(i.fputc) for fputc
    printf8.o(i.__0printf$8) refers to printf8.o(i._printf_core) for _printf_core
    printf8.o(i.__0printf$8) refers to lcd_log.o(i.fputc) for fputc
    printf8.o(i.__0printf$8) refers to stdout.o(.data) for __stdout
    printf8.o(i.__0snprintf$8) refers to printf8.o(i._printf_core) for _printf_core
    printf8.o(i.__0snprintf$8) refers to printf8.o(i._snputc) for _snputc
    printf8.o(i.__0sprintf$8) refers to printf8.o(i._printf_core) for _printf_core
    printf8.o(i.__0sprintf$8) refers to printf8.o(i._sputc) for _sputc
    printf8.o(i.__0vfprintf$8) refers to printf8.o(i._printf_core) for _printf_core
    printf8.o(i.__0vfprintf$8) refers to lcd_log.o(i.fputc) for fputc
    printf8.o(i.__0vprintf$8) refers to printf8.o(i._printf_core) for _printf_core
    printf8.o(i.__0vprintf$8) refers to lcd_log.o(i.fputc) for fputc
    printf8.o(i.__0vprintf$8) refers to stdout.o(.data) for __stdout
    printf8.o(i.__0vsnprintf$8) refers to printf8.o(i._printf_core) for _printf_core
    printf8.o(i.__0vsnprintf$8) refers to printf8.o(i._snputc) for _snputc
    printf8.o(i.__0vsprintf$8) refers to printf8.o(i._printf_core) for _printf_core
    printf8.o(i.__0vsprintf$8) refers to printf8.o(i._sputc) for _sputc
    printf8.o(i._printf_core) refers to printf8.o(i._printf_pre_padding) for _printf_pre_padding
    printf8.o(i._printf_core) refers to uldiv.o(.text) for __aeabi_uldivmod
    printf8.o(i._printf_core) refers to printf8.o(i._printf_post_padding) for _printf_post_padding
    printfa.o(i.__0fprintf) refers (Special) to iusefp.o(.text) for __I$use$fp
    printfa.o(i.__0fprintf) refers to printfa.o(i._printf_core) for _printf_core
    printfa.o(i.__0fprintf) refers to lcd_log.o(i.fputc) for fputc
    printfa.o(i.__0printf) refers (Special) to iusefp.o(.text) for __I$use$fp
    printfa.o(i.__0printf) refers to printfa.o(i._printf_core) for _printf_core
    printfa.o(i.__0printf) refers to lcd_log.o(i.fputc) for fputc
    printfa.o(i.__0printf) refers to stdout.o(.data) for __stdout
    printfa.o(i.__0snprintf) refers (Special) to iusefp.o(.text) for __I$use$fp
    printfa.o(i.__0snprintf) refers to printfa.o(i._printf_core) for _printf_core
    printfa.o(i.__0snprintf) refers to printfa.o(i._snputc) for _snputc
    printfa.o(i.__0sprintf) refers (Special) to iusefp.o(.text) for __I$use$fp
    printfa.o(i.__0sprintf) refers to printfa.o(i._printf_core) for _printf_core
    printfa.o(i.__0sprintf) refers to printfa.o(i._sputc) for _sputc
    printfa.o(i.__0vfprintf) refers (Special) to iusefp.o(.text) for __I$use$fp
    printfa.o(i.__0vfprintf) refers to printfa.o(i._printf_core) for _printf_core
    printfa.o(i.__0vfprintf) refers to lcd_log.o(i.fputc) for fputc
    printfa.o(i.__0vprintf) refers (Special) to iusefp.o(.text) for __I$use$fp
    printfa.o(i.__0vprintf) refers to printfa.o(i._printf_core) for _printf_core
    printfa.o(i.__0vprintf) refers to lcd_log.o(i.fputc) for fputc
    printfa.o(i.__0vprintf) refers to stdout.o(.data) for __stdout
    printfa.o(i.__0vsnprintf) refers (Special) to iusefp.o(.text) for __I$use$fp
    printfa.o(i.__0vsnprintf) refers to printfa.o(i._printf_core) for _printf_core
    printfa.o(i.__0vsnprintf) refers to printfa.o(i._snputc) for _snputc
    printfa.o(i.__0vsprintf) refers (Special) to iusefp.o(.text) for __I$use$fp
    printfa.o(i.__0vsprintf) refers to printfa.o(i._printf_core) for _printf_core
    printfa.o(i.__0vsprintf) refers to printfa.o(i._sputc) for _sputc
    printfa.o(i._fp_digits) refers (Special) to iusefp.o(.text) for __I$use$fp
    printfa.o(i._fp_digits) refers to dmul.o(.text) for __aeabi_dmul
    printfa.o(i._fp_digits) refers to ddiv.o(.text) for __aeabi_ddiv
    printfa.o(i._fp_digits) refers to cdrcmple.o(.text) for __aeabi_cdrcmple
    printfa.o(i._fp_digits) refers to dadd.o(.text) for __aeabi_dadd
    printfa.o(i._fp_digits) refers to dfixul.o(.text) for __aeabi_d2ulz
    printfa.o(i._fp_digits) refers to uldiv.o(.text) for __aeabi_uldivmod
    printfa.o(i._printf_core) refers (Special) to iusefp.o(.text) for __I$use$fp
    printfa.o(i._printf_core) refers to printfa.o(i._printf_pre_padding) for _printf_pre_padding
    printfa.o(i._printf_core) refers to uldiv.o(.text) for __aeabi_uldivmod
    printfa.o(i._printf_core) refers to printfa.o(i._printf_post_padding) for _printf_post_padding
    printfa.o(i._printf_core) refers to printfa.o(i._fp_digits) for _fp_digits
    printfa.o(i._printf_core) refers to uidiv.o(.text) for __aeabi_uidivmod
    printfa.o(i._printf_post_padding) refers (Special) to iusefp.o(.text) for __I$use$fp
    printfa.o(i._printf_pre_padding) refers (Special) to iusefp.o(.text) for __I$use$fp
    printfa.o(i._snputc) refers (Special) to iusefp.o(.text) for __I$use$fp
    printfa.o(i._sputc) refers (Special) to iusefp.o(.text) for __I$use$fp
    malloc.o(i.free) refers to mvars.o(.data) for __microlib_freelist
    malloc.o(i.malloc) refers to mvars.o(.data) for __microlib_freelist_initialised
    malloc.o(i.malloc) refers to mvars.o(.data) for __microlib_freelist
    malloc.o(i.malloc) refers to startup_stm32f40_41xxx.o(HEAP) for __heap_base
    mallocr.o(i.__free$realloc) refers to mvars.o(.data) for __microlib_freelist
    mallocr.o(i.__malloc$realloc) refers to mallocr.o(i.internal_alloc) for internal_alloc
    mallocr.o(i.__malloc$realloc) refers to mvars.o(.data) for __microlib_freelist_initialised
    mallocr.o(i.__malloc$realloc) refers to startup_stm32f40_41xxx.o(HEAP) for __heap_base
    mallocr.o(i.__malloc$realloc) refers to mvars.o(.data) for __microlib_freelist
    mallocr.o(i.internal_alloc) refers to memcpya.o(.text) for __aeabi_memcpy
    mallocr.o(i.internal_alloc) refers to mvars.o(.data) for __microlib_freelist
    mallocr.o(i.realloc) refers to mallocr.o(i.__free$realloc) for __free$realloc
    mallocr.o(i.realloc) refers to mallocr.o(i.internal_alloc) for internal_alloc
    mallocr.o(i.realloc) refers to mallocr.o(i.__malloc$realloc) for __malloc$realloc
    mallocr.o(i.realloc) refers to mvars.o(.data) for __microlib_freelist
    malloca.o(i.__aligned_malloc) refers to mvars.o(.data) for __microlib_freelist_initialised
    malloca.o(i.__aligned_malloc) refers to mvars.o(.data) for __microlib_freelist
    malloca.o(i.__aligned_malloc) refers to startup_stm32f40_41xxx.o(HEAP) for __heap_base
    malloca.o(i.__free$memalign) refers to mvars.o(.data) for __microlib_freelist
    malloca.o(i.__malloc$memalign) refers to malloca.o(i.__aligned_malloc) for __aligned_malloc
    mallocra.o(i.__aligned_malloc$realloc) refers to mallocra.o(i.internal_alloc) for internal_alloc
    mallocra.o(i.__aligned_malloc$realloc) refers to mvars.o(.data) for __microlib_freelist_initialised
    mallocra.o(i.__aligned_malloc$realloc) refers to startup_stm32f40_41xxx.o(HEAP) for __heap_base
    mallocra.o(i.__aligned_malloc$realloc) refers to mvars.o(.data) for __microlib_freelist
    mallocra.o(i.__free$realloc$memalign) refers to mvars.o(.data) for __microlib_freelist
    mallocra.o(i.__malloc$realloc$memalign) refers to mallocra.o(i.__aligned_malloc$realloc) for __aligned_malloc$realloc
    mallocra.o(i.__realloc$memalign) refers to mallocra.o(i.__free$realloc$memalign) for __free$realloc$memalign
    mallocra.o(i.__realloc$memalign) refers to mallocra.o(i.internal_alloc) for internal_alloc
    mallocra.o(i.__realloc$memalign) refers to mallocra.o(i.__malloc$realloc$memalign) for __malloc$realloc$memalign
    mallocra.o(i.__realloc$memalign) refers to mvars.o(.data) for __microlib_freelist
    mallocra.o(i.internal_alloc) refers to memcpya.o(.text) for __aeabi_memcpy
    mallocra.o(i.internal_alloc) refers to mvars.o(.data) for __microlib_freelist
    dflti.o(.text) refers (Special) to iusefp.o(.text) for __I$use$fp
    dflti.o(.text) refers to depilogue.o(.text) for _double_epilogue
    dfltui.o(.text) refers (Special) to iusefp.o(.text) for __I$use$fp
    dfltui.o(.text) refers to depilogue.o(.text) for _double_epilogue
    cdcmple.o(.text) refers (Special) to iusefp.o(.text) for __I$use$fp
    cdrcmple.o(.text) refers (Special) to iusefp.o(.text) for __I$use$fp
    entry2.o(.ARM.Collect$$$$00000001) refers to entry2.o(.ARM.Collect$$$$00002712) for __lit__00000000
    entry2.o(.ARM.Collect$$$$00002712) refers to startup_stm32f40_41xxx.o(STACK) for __initial_sp
    entry2.o(__vectab_stack_and_reset_area) refers to startup_stm32f40_41xxx.o(STACK) for __initial_sp
    entry2.o(__vectab_stack_and_reset_area) refers to entry.o(.ARM.Collect$$$$00000000) for __main
    entry5.o(.ARM.Collect$$$$00000004) refers to init.o(.text) for __scatterload
    entry9a.o(.ARM.Collect$$$$0000000B) refers to main.o(i.main) for main
    entry9b.o(.ARM.Collect$$$$0000000C) refers to main.o(i.main) for main
    uldiv.o(.text) refers to llushr.o(.text) for __aeabi_llsr
    uldiv.o(.text) refers to llshl.o(.text) for __aeabi_llsl
    depilogue.o(.text) refers to llshl.o(.text) for __aeabi_llsl
    depilogue.o(.text) refers to llushr.o(.text) for __aeabi_llsr
    dadd.o(.text) refers to llshl.o(.text) for __aeabi_llsl
    dadd.o(.text) refers to llsshr.o(.text) for __aeabi_lasr
    dadd.o(.text) refers to depilogue.o(.text) for _double_epilogue
    dmul.o(.text) refers to depilogue.o(.text) for _double_epilogue
    ddiv.o(.text) refers to depilogue.o(.text) for _double_round
    dfixul.o(.text) refers to llushr.o(.text) for __aeabi_llsr
    dfixul.o(.text) refers to llshl.o(.text) for __aeabi_llsl
    init.o(.text) refers to entry5.o(.ARM.Collect$$$$00000004) for __main_after_scatterload


==============================================================================

Removing Unused input sections from the image.

    Removing bsp.o(.rev16_text), (4 bytes).
    Removing bsp.o(.revsh_text), (4 bytes).
    Removing bsp.o(.rrx_text), (6 bytes).
    Removing bsp.o(i.BSP_Init), (108 bytes).
    Removing system_stm32f4xx.o(.rev16_text), (4 bytes).
    Removing system_stm32f4xx.o(.revsh_text), (4 bytes).
    Removing system_stm32f4xx.o(.rrx_text), (6 bytes).
    Removing system_stm32f4xx.o(i.SystemCoreClockUpdate), (124 bytes).
    Removing stm324xg_eval.o(.rev16_text), (4 bytes).
    Removing stm324xg_eval.o(.revsh_text), (4 bytes).
    Removing stm324xg_eval.o(.rrx_text), (6 bytes).
    Removing stm324xg_eval.o(i.SD_LowLevel_DMA_RxConfig), (136 bytes).
    Removing stm324xg_eval.o(i.SD_LowLevel_DMA_TxConfig), (136 bytes).
    Removing stm324xg_eval.o(i.SD_LowLevel_DeInit), (152 bytes).
    Removing stm324xg_eval.o(i.STM_EVAL_COMInit), (192 bytes).
    Removing stm324xg_eval.o(i.STM_EVAL_LEDInit), (72 bytes).
    Removing stm324xg_eval.o(i.STM_EVAL_LEDOff), (24 bytes).
    Removing stm324xg_eval.o(i.STM_EVAL_LEDOn), (24 bytes).
    Removing stm324xg_eval.o(i.STM_EVAL_LEDToggle), (28 bytes).
    Removing stm324xg_eval.o(i.sEE_LowLevel_DMAConfig), (44 bytes).
    Removing stm324xg_eval.o(i.sEE_LowLevel_DeInit), (148 bytes).
    Removing stm324xg_eval.o(i.sEE_LowLevel_Init), (320 bytes).
    Removing stm324xg_eval.o(.bss), (60 bytes).
    Removing stm324xg_eval_lcd.o(.rev16_text), (4 bytes).
    Removing stm324xg_eval_lcd.o(.revsh_text), (4 bytes).
    Removing stm324xg_eval_lcd.o(.rrx_text), (6 bytes).
    Removing stm324xg_eval_lcd.o(i.LCD_ClearLine), (48 bytes).
    Removing stm324xg_eval_lcd.o(i.LCD_ClosedPolyLine), (34 bytes).
    Removing stm324xg_eval_lcd.o(i.LCD_ClosedPolyLineRelative), (6 bytes).
    Removing stm324xg_eval_lcd.o(i.LCD_CtrlLinesConfig), (308 bytes).
    Removing stm324xg_eval_lcd.o(i.LCD_DeInit), (560 bytes).
    Removing stm324xg_eval_lcd.o(i.LCD_DisplayOff), (8 bytes).
    Removing stm324xg_eval_lcd.o(i.LCD_DrawCircle), (264 bytes).
    Removing stm324xg_eval_lcd.o(i.LCD_DrawFullCircle), (196 bytes).
    Removing stm324xg_eval_lcd.o(i.LCD_DrawFullRect), (152 bytes).
    Removing stm324xg_eval_lcd.o(i.LCD_DrawLine), (92 bytes).
    Removing stm324xg_eval_lcd.o(i.LCD_DrawMonoPict), (76 bytes).
    Removing stm324xg_eval_lcd.o(i.LCD_DrawRect), (64 bytes).
    Removing stm324xg_eval_lcd.o(i.LCD_DrawUniLine), (188 bytes).
    Removing stm324xg_eval_lcd.o(i.LCD_FSMCConfig), (88 bytes).
    Removing stm324xg_eval_lcd.o(i.LCD_FillPolyLine), (488 bytes).
    Removing stm324xg_eval_lcd.o(i.LCD_GetColors), (16 bytes).
    Removing stm324xg_eval_lcd.o(i.LCD_PolyLine), (42 bytes).
    Removing stm324xg_eval_lcd.o(i.LCD_PolyLineRelative), (6 bytes).
    Removing stm324xg_eval_lcd.o(i.LCD_PolyLineRelativeClosed), (98 bytes).
    Removing stm324xg_eval_lcd.o(i.LCD_PowerOn), (120 bytes).
    Removing stm324xg_eval_lcd.o(i.LCD_ReadRAM), (12 bytes).
    Removing stm324xg_eval_lcd.o(i.LCD_ReadReg), (10 bytes).
    Removing stm324xg_eval_lcd.o(i.LCD_SetBackColor), (16 bytes).
    Removing stm324xg_eval_lcd.o(i.LCD_SetColors), (24 bytes).
    Removing stm324xg_eval_lcd.o(i.LCD_SetDisplayWindow), (74 bytes).
    Removing stm324xg_eval_lcd.o(i.LCD_SetFont), (12 bytes).
    Removing stm324xg_eval_lcd.o(i.LCD_WindowModeDisable), (30 bytes).
    Removing stm324xg_eval_lcd.o(i.LCD_WriteRAM), (8 bytes).
    Removing stm324xg_eval_lcd.o(i.LCD_WriteRAM_Prepare), (10 bytes).
    Removing stm324xg_eval_lcd.o(i.PutPixel), (28 bytes).
    Removing stm324xg_eval_lcd.o(i.STM324xG_LCD_Init), (1036 bytes).
    Removing stm324xg_eval_lcd.o(i.delay), (28 bytes).
    Removing stm324xg_eval_lcd.o(.constdata), (2304 bytes).
    Removing stm324xg_eval_lcd.o(.constdata), (2304 bytes).
    Removing stm324xg_eval_lcd.o(.constdata), (1536 bytes).
    Removing stm324xg_eval_lcd.o(.data), (8 bytes).
    Removing stm324xg_eval_lcd.o(.data), (8 bytes).
    Removing stm324xg_eval_lcd.o(.data), (8 bytes).
    Removing stm324xg_eval_sdio_sd.o(.rev16_text), (4 bytes).
    Removing stm324xg_eval_sdio_sd.o(.revsh_text), (4 bytes).
    Removing stm324xg_eval_sdio_sd.o(.rrx_text), (6 bytes).
    Removing stm324xg_eval_sdio_sd.o(i.IsCardProgramming), (332 bytes).
    Removing stm324xg_eval_sdio_sd.o(i.SD_DeInit), (4 bytes).
    Removing stm324xg_eval_sdio_sd.o(i.SD_Erase), (284 bytes).
    Removing stm324xg_eval_sdio_sd.o(i.SD_GetCardStatus), (128 bytes).
    Removing stm324xg_eval_sdio_sd.o(i.SD_GetState), (34 bytes).
    Removing stm324xg_eval_sdio_sd.o(i.SD_GetStatus), (26 bytes).
    Removing stm324xg_eval_sdio_sd.o(i.SD_GetTransferState), (20 bytes).
    Removing stm324xg_eval_sdio_sd.o(i.SD_HighSpeed), (352 bytes).
    Removing stm324xg_eval_sdio_sd.o(i.SD_PowerOFF), (14 bytes).
    Removing stm324xg_eval_sdio_sd.o(i.SD_ReadBlock), (180 bytes).
    Removing stm324xg_eval_sdio_sd.o(i.SD_ReadMultiBlocks), (200 bytes).
    Removing stm324xg_eval_sdio_sd.o(i.SD_SendSDStatus), (340 bytes).
    Removing stm324xg_eval_sdio_sd.o(i.SD_SendStatus), (72 bytes).
    Removing stm324xg_eval_sdio_sd.o(i.SD_StopTransfer), (40 bytes).
    Removing stm324xg_eval_sdio_sd.o(i.SD_WaitReadOperation), (104 bytes).
    Removing stm324xg_eval_sdio_sd.o(i.SD_WaitWriteOperation), (104 bytes).
    Removing stm324xg_eval_sdio_sd.o(i.SD_WriteBlock), (180 bytes).
    Removing stm324xg_eval_sdio_sd.o(i.SD_WriteMultiBlocks), (272 bytes).
    Removing stm324xg_eval_sdio_sd.o(i.convert_from_bytes_to_power_of_two), (18 bytes).
    Removing misc.o(.rev16_text), (4 bytes).
    Removing misc.o(.revsh_text), (4 bytes).
    Removing misc.o(.rrx_text), (6 bytes).
    Removing misc.o(i.NVIC_PriorityGroupConfig), (20 bytes).
    Removing misc.o(i.NVIC_SetVectorTable), (20 bytes).
    Removing misc.o(i.NVIC_SystemLPConfig), (24 bytes).
    Removing misc.o(i.SysTick_CLKSourceConfig), (24 bytes).
    Removing stm32f4xx_dma.o(.rev16_text), (4 bytes).
    Removing stm32f4xx_dma.o(.revsh_text), (4 bytes).
    Removing stm32f4xx_dma.o(.rrx_text), (6 bytes).
    Removing stm32f4xx_dma.o(i.DMA_ClearITPendingBit), (44 bytes).
    Removing stm32f4xx_dma.o(i.DMA_Cmd), (20 bytes).
    Removing stm32f4xx_dma.o(i.DMA_DeInit), (292 bytes).
    Removing stm32f4xx_dma.o(i.DMA_DoubleBufferModeCmd), (20 bytes).
    Removing stm32f4xx_dma.o(i.DMA_DoubleBufferModeConfig), (22 bytes).
    Removing stm32f4xx_dma.o(i.DMA_FlowControllerConfig), (20 bytes).
    Removing stm32f4xx_dma.o(i.DMA_GetCmdStatus), (14 bytes).
    Removing stm32f4xx_dma.o(i.DMA_GetCurrDataCounter), (6 bytes).
    Removing stm32f4xx_dma.o(i.DMA_GetCurrentMemoryTarget), (14 bytes).
    Removing stm32f4xx_dma.o(i.DMA_GetFIFOStatus), (8 bytes).
    Removing stm32f4xx_dma.o(i.DMA_GetFlagStatus), (52 bytes).
    Removing stm32f4xx_dma.o(i.DMA_GetITStatus), (84 bytes).
    Removing stm32f4xx_dma.o(i.DMA_ITConfig), (44 bytes).
    Removing stm32f4xx_dma.o(i.DMA_Init), (84 bytes).
    Removing stm32f4xx_dma.o(i.DMA_MemoryTargetConfig), (10 bytes).
    Removing stm32f4xx_dma.o(i.DMA_PeriphIncOffsetSizeConfig), (20 bytes).
    Removing stm32f4xx_dma.o(i.DMA_SetCurrDataCounter), (4 bytes).
    Removing stm32f4xx_dma.o(i.DMA_StructInit), (34 bytes).
    Removing stm32f4xx_flash.o(.rev16_text), (4 bytes).
    Removing stm32f4xx_flash.o(.revsh_text), (4 bytes).
    Removing stm32f4xx_flash.o(.rrx_text), (6 bytes).
    Removing stm32f4xx_flash.o(i.FLASH_ClearFlag), (12 bytes).
    Removing stm32f4xx_flash.o(i.FLASH_DataCacheCmd), (28 bytes).
    Removing stm32f4xx_flash.o(i.FLASH_DataCacheReset), (16 bytes).
    Removing stm32f4xx_flash.o(i.FLASH_EraseAllSectors), (92 bytes).
    Removing stm32f4xx_flash.o(i.FLASH_EraseSector), (108 bytes).
    Removing stm32f4xx_flash.o(i.FLASH_GetFlagStatus), (20 bytes).
    Removing stm32f4xx_flash.o(i.FLASH_GetStatus), (52 bytes).
    Removing stm32f4xx_flash.o(i.FLASH_ITConfig), (24 bytes).
    Removing stm32f4xx_flash.o(i.FLASH_InstructionCacheCmd), (28 bytes).
    Removing stm32f4xx_flash.o(i.FLASH_InstructionCacheReset), (16 bytes).
    Removing stm32f4xx_flash.o(i.FLASH_Lock), (16 bytes).
    Removing stm32f4xx_flash.o(i.FLASH_OB_BORConfig), (24 bytes).
    Removing stm32f4xx_flash.o(i.FLASH_OB_GetBOR), (16 bytes).
    Removing stm32f4xx_flash.o(i.FLASH_OB_GetRDP), (20 bytes).
    Removing stm32f4xx_flash.o(i.FLASH_OB_GetUser), (16 bytes).
    Removing stm32f4xx_flash.o(i.FLASH_OB_GetWRP), (12 bytes).
    Removing stm32f4xx_flash.o(i.FLASH_OB_Launch), (20 bytes).
    Removing stm32f4xx_flash.o(i.FLASH_OB_Lock), (16 bytes).
    Removing stm32f4xx_flash.o(i.FLASH_OB_RDPConfig), (24 bytes).
    Removing stm32f4xx_flash.o(i.FLASH_OB_Unlock), (36 bytes).
    Removing stm32f4xx_flash.o(i.FLASH_OB_UserConfig), (40 bytes).
    Removing stm32f4xx_flash.o(i.FLASH_OB_WRPConfig), (36 bytes).
    Removing stm32f4xx_flash.o(i.FLASH_PrefetchBufferCmd), (28 bytes).
    Removing stm32f4xx_flash.o(i.FLASH_ProgramByte), (56 bytes).
    Removing stm32f4xx_flash.o(i.FLASH_ProgramDoubleWord), (64 bytes).
    Removing stm32f4xx_flash.o(i.FLASH_ProgramHalfWord), (60 bytes).
    Removing stm32f4xx_flash.o(i.FLASH_ProgramWord), (60 bytes).
    Removing stm32f4xx_flash.o(i.FLASH_SetLatency), (12 bytes).
    Removing stm32f4xx_flash.o(i.FLASH_Unlock), (36 bytes).
    Removing stm32f4xx_flash.o(i.FLASH_WaitForLastOperation), (30 bytes).
    Removing stm32f4xx_fsmc.o(.rev16_text), (4 bytes).
    Removing stm32f4xx_fsmc.o(.revsh_text), (4 bytes).
    Removing stm32f4xx_fsmc.o(.rrx_text), (6 bytes).
    Removing stm32f4xx_fsmc.o(i.FSMC_ClearFlag), (38 bytes).
    Removing stm32f4xx_fsmc.o(i.FSMC_ClearITPendingBit), (44 bytes).
    Removing stm32f4xx_fsmc.o(i.FSMC_GetECC), (18 bytes).
    Removing stm32f4xx_fsmc.o(i.FSMC_GetFlagStatus), (40 bytes).
    Removing stm32f4xx_fsmc.o(i.FSMC_GetITStatus), (48 bytes).
    Removing stm32f4xx_fsmc.o(i.FSMC_ITConfig), (72 bytes).
    Removing stm32f4xx_fsmc.o(i.FSMC_NANDCmd), (56 bytes).
    Removing stm32f4xx_fsmc.o(i.FSMC_NANDDeInit), (40 bytes).
    Removing stm32f4xx_fsmc.o(i.FSMC_NANDECCCmd), (56 bytes).
    Removing stm32f4xx_fsmc.o(i.FSMC_NANDInit), (104 bytes).
    Removing stm32f4xx_fsmc.o(i.FSMC_NANDStructInit), (54 bytes).
    Removing stm32f4xx_fsmc.o(i.FSMC_NORSRAMCmd), (32 bytes).
    Removing stm32f4xx_fsmc.o(i.FSMC_NORSRAMDeInit), (40 bytes).
    Removing stm32f4xx_fsmc.o(i.FSMC_NORSRAMInit), (200 bytes).
    Removing stm32f4xx_fsmc.o(i.FSMC_NORSRAMStructInit), (98 bytes).
    Removing stm32f4xx_fsmc.o(i.FSMC_PCCARDCmd), (32 bytes).
    Removing stm32f4xx_fsmc.o(i.FSMC_PCCARDDeInit), (26 bytes).
    Removing stm32f4xx_fsmc.o(i.FSMC_PCCARDInit), (102 bytes).
    Removing stm32f4xx_fsmc.o(i.FSMC_PCCARDStructInit), (60 bytes).
    Removing stm32f4xx_gpio.o(.rev16_text), (4 bytes).
    Removing stm32f4xx_gpio.o(.revsh_text), (4 bytes).
    Removing stm32f4xx_gpio.o(.rrx_text), (6 bytes).
    Removing stm32f4xx_gpio.o(i.GPIO_DeInit), (228 bytes).
    Removing stm32f4xx_gpio.o(i.GPIO_PinLockConfig), (24 bytes).
    Removing stm32f4xx_gpio.o(i.GPIO_ReadInputData), (6 bytes).
    Removing stm32f4xx_gpio.o(i.GPIO_ReadOutputData), (6 bytes).
    Removing stm32f4xx_gpio.o(i.GPIO_ReadOutputDataBit), (14 bytes).
    Removing stm32f4xx_gpio.o(i.GPIO_ResetBits), (4 bytes).
    Removing stm32f4xx_gpio.o(i.GPIO_SetBits), (4 bytes).
    Removing stm32f4xx_gpio.o(i.GPIO_StructInit), (18 bytes).
    Removing stm32f4xx_gpio.o(i.GPIO_ToggleBits), (8 bytes).
    Removing stm32f4xx_gpio.o(i.GPIO_Write), (4 bytes).
    Removing stm32f4xx_gpio.o(i.GPIO_WriteBit), (10 bytes).
    Removing stm32f4xx_rcc.o(.rev16_text), (4 bytes).
    Removing stm32f4xx_rcc.o(.revsh_text), (4 bytes).
    Removing stm32f4xx_rcc.o(.rrx_text), (6 bytes).
    Removing stm32f4xx_rcc.o(i.RCC_AHB1PeriphClockLPModeCmd), (24 bytes).
    Removing stm32f4xx_rcc.o(i.RCC_AHB1PeriphResetCmd), (24 bytes).
    Removing stm32f4xx_rcc.o(i.RCC_AHB2PeriphClockCmd), (24 bytes).
    Removing stm32f4xx_rcc.o(i.RCC_AHB2PeriphClockLPModeCmd), (24 bytes).
    Removing stm32f4xx_rcc.o(i.RCC_AHB2PeriphResetCmd), (24 bytes).
    Removing stm32f4xx_rcc.o(i.RCC_AHB3PeriphClockCmd), (24 bytes).
    Removing stm32f4xx_rcc.o(i.RCC_AHB3PeriphClockLPModeCmd), (24 bytes).
    Removing stm32f4xx_rcc.o(i.RCC_AHB3PeriphResetCmd), (24 bytes).
    Removing stm32f4xx_rcc.o(i.RCC_APB1PeriphClockCmd), (24 bytes).
    Removing stm32f4xx_rcc.o(i.RCC_APB1PeriphClockLPModeCmd), (24 bytes).
    Removing stm32f4xx_rcc.o(i.RCC_APB1PeriphResetCmd), (24 bytes).
    Removing stm32f4xx_rcc.o(i.RCC_APB2PeriphClockLPModeCmd), (24 bytes).
    Removing stm32f4xx_rcc.o(i.RCC_AdjustHSICalibrationValue), (20 bytes).
    Removing stm32f4xx_rcc.o(i.RCC_BackupResetCmd), (12 bytes).
    Removing stm32f4xx_rcc.o(i.RCC_ClearFlag), (16 bytes).
    Removing stm32f4xx_rcc.o(i.RCC_ClearITPendingBit), (12 bytes).
    Removing stm32f4xx_rcc.o(i.RCC_ClockSecuritySystemCmd), (12 bytes).
    Removing stm32f4xx_rcc.o(i.RCC_DeInit), (60 bytes).
    Removing stm32f4xx_rcc.o(i.RCC_GetClocksFreq), (148 bytes).
    Removing stm32f4xx_rcc.o(i.RCC_GetFlagStatus), (52 bytes).
    Removing stm32f4xx_rcc.o(i.RCC_GetITStatus), (20 bytes).
    Removing stm32f4xx_rcc.o(i.RCC_GetSYSCLKSource), (16 bytes).
    Removing stm32f4xx_rcc.o(i.RCC_HCLKConfig), (20 bytes).
    Removing stm32f4xx_rcc.o(i.RCC_HSEConfig), (16 bytes).
    Removing stm32f4xx_rcc.o(i.RCC_HSICmd), (12 bytes).
    Removing stm32f4xx_rcc.o(i.RCC_I2SCLKConfig), (12 bytes).
    Removing stm32f4xx_rcc.o(i.RCC_ITConfig), (24 bytes).
    Removing stm32f4xx_rcc.o(i.RCC_LSEConfig), (28 bytes).
    Removing stm32f4xx_rcc.o(i.RCC_LSICmd), (12 bytes).
    Removing stm32f4xx_rcc.o(i.RCC_MCO1Config), (20 bytes).
    Removing stm32f4xx_rcc.o(i.RCC_MCO2Config), (20 bytes).
    Removing stm32f4xx_rcc.o(i.RCC_PCLK1Config), (20 bytes).
    Removing stm32f4xx_rcc.o(i.RCC_PCLK2Config), (20 bytes).
    Removing stm32f4xx_rcc.o(i.RCC_PLLCmd), (12 bytes).
    Removing stm32f4xx_rcc.o(i.RCC_PLLConfig), (40 bytes).
    Removing stm32f4xx_rcc.o(i.RCC_PLLI2SCmd), (12 bytes).
    Removing stm32f4xx_rcc.o(i.RCC_PLLI2SConfig), (16 bytes).
    Removing stm32f4xx_rcc.o(i.RCC_RTCCLKCmd), (12 bytes).
    Removing stm32f4xx_rcc.o(i.RCC_RTCCLKConfig), (48 bytes).
    Removing stm32f4xx_rcc.o(i.RCC_SYSCLKConfig), (20 bytes).
    Removing stm32f4xx_rcc.o(i.RCC_WaitForHSEStartUp), (44 bytes).
    Removing stm32f4xx_rcc.o(.data), (16 bytes).
    Removing stm32f4xx_sdio.o(.rev16_text), (4 bytes).
    Removing stm32f4xx_sdio.o(.revsh_text), (4 bytes).
    Removing stm32f4xx_sdio.o(.rrx_text), (6 bytes).
    Removing stm32f4xx_sdio.o(i.SDIO_CEATAITCmd), (16 bytes).
    Removing stm32f4xx_sdio.o(i.SDIO_CmdStructInit), (14 bytes).
    Removing stm32f4xx_sdio.o(i.SDIO_CommandCompletionCmd), (12 bytes).
    Removing stm32f4xx_sdio.o(i.SDIO_DMACmd), (12 bytes).
    Removing stm32f4xx_sdio.o(i.SDIO_DataStructInit), (20 bytes).
    Removing stm32f4xx_sdio.o(i.SDIO_GetDataCounter), (12 bytes).
    Removing stm32f4xx_sdio.o(i.SDIO_GetFIFOCount), (12 bytes).
    Removing stm32f4xx_sdio.o(i.SDIO_SendCEATACmd), (12 bytes).
    Removing stm32f4xx_sdio.o(i.SDIO_SendSDIOSuspendCmd), (12 bytes).
    Removing stm32f4xx_sdio.o(i.SDIO_SetSDIOOperation), (12 bytes).
    Removing stm32f4xx_sdio.o(i.SDIO_SetSDIOReadWaitMode), (12 bytes).
    Removing stm32f4xx_sdio.o(i.SDIO_StartSDIOReadWait), (12 bytes).
    Removing stm32f4xx_sdio.o(i.SDIO_StopSDIOReadWait), (12 bytes).
    Removing stm32f4xx_sdio.o(i.SDIO_StructInit), (16 bytes).
    Removing stm32f4xx_sdio.o(i.SDIO_WriteData), (12 bytes).
    Removing stm32f4xx_tim.o(.rev16_text), (4 bytes).
    Removing stm32f4xx_tim.o(.revsh_text), (4 bytes).
    Removing stm32f4xx_tim.o(.rrx_text), (6 bytes).
    Removing stm32f4xx_tim.o(i.TI1_Config), (46 bytes).
    Removing stm32f4xx_tim.o(i.TI2_Config), (54 bytes).
    Removing stm32f4xx_tim.o(i.TIM_ARRPreloadConfig), (20 bytes).
    Removing stm32f4xx_tim.o(i.TIM_BDTRConfig), (34 bytes).
    Removing stm32f4xx_tim.o(i.TIM_BDTRStructInit), (18 bytes).
    Removing stm32f4xx_tim.o(i.TIM_CCPreloadControl), (20 bytes).
    Removing stm32f4xx_tim.o(i.TIM_CCxCmd), (22 bytes).
    Removing stm32f4xx_tim.o(i.TIM_CCxNCmd), (22 bytes).
    Removing stm32f4xx_tim.o(i.TIM_ClearFlag), (6 bytes).
    Removing stm32f4xx_tim.o(i.TIM_ClearITPendingBit), (6 bytes).
    Removing stm32f4xx_tim.o(i.TIM_ClearOC1Ref), (12 bytes).
    Removing stm32f4xx_tim.o(i.TIM_ClearOC2Ref), (20 bytes).
    Removing stm32f4xx_tim.o(i.TIM_ClearOC3Ref), (12 bytes).
    Removing stm32f4xx_tim.o(i.TIM_ClearOC4Ref), (20 bytes).
    Removing stm32f4xx_tim.o(i.TIM_Cmd), (20 bytes).
    Removing stm32f4xx_tim.o(i.TIM_CounterModeConfig), (12 bytes).
    Removing stm32f4xx_tim.o(i.TIM_CtrlPWMOutputs), (22 bytes).
    Removing stm32f4xx_tim.o(i.TIM_DMACmd), (16 bytes).
    Removing stm32f4xx_tim.o(i.TIM_DMAConfig), (8 bytes).
    Removing stm32f4xx_tim.o(i.TIM_DeInit), (336 bytes).
    Removing stm32f4xx_tim.o(i.TIM_ETRClockMode1Config), (18 bytes).
    Removing stm32f4xx_tim.o(i.TIM_ETRClockMode2Config), (18 bytes).
    Removing stm32f4xx_tim.o(i.TIM_ETRConfig), (24 bytes).
    Removing stm32f4xx_tim.o(i.TIM_EncoderInterfaceConfig), (50 bytes).
    Removing stm32f4xx_tim.o(i.TIM_ForcedOC1Config), (12 bytes).
    Removing stm32f4xx_tim.o(i.TIM_ForcedOC2Config), (20 bytes).
    Removing stm32f4xx_tim.o(i.TIM_ForcedOC3Config), (12 bytes).
    Removing stm32f4xx_tim.o(i.TIM_ForcedOC4Config), (20 bytes).
    Removing stm32f4xx_tim.o(i.TIM_GenerateEvent), (4 bytes).
    Removing stm32f4xx_tim.o(i.TIM_GetCapture1), (4 bytes).
    Removing stm32f4xx_tim.o(i.TIM_GetCapture2), (4 bytes).
    Removing stm32f4xx_tim.o(i.TIM_GetCapture3), (4 bytes).
    Removing stm32f4xx_tim.o(i.TIM_GetCapture4), (4 bytes).
    Removing stm32f4xx_tim.o(i.TIM_GetCounter), (4 bytes).
    Removing stm32f4xx_tim.o(i.TIM_GetFlagStatus), (14 bytes).
    Removing stm32f4xx_tim.o(i.TIM_GetITStatus), (24 bytes).
    Removing stm32f4xx_tim.o(i.TIM_GetPrescaler), (4 bytes).
    Removing stm32f4xx_tim.o(i.TIM_ICInit), (172 bytes).
    Removing stm32f4xx_tim.o(i.TIM_ICStructInit), (16 bytes).
    Removing stm32f4xx_tim.o(i.TIM_ITConfig), (16 bytes).
    Removing stm32f4xx_tim.o(i.TIM_ITRxExternalClockConfig), (18 bytes).
    Removing stm32f4xx_tim.o(i.TIM_InternalClockConfig), (10 bytes).
    Removing stm32f4xx_tim.o(i.TIM_OC1FastConfig), (12 bytes).
    Removing stm32f4xx_tim.o(i.TIM_OC1Init), (96 bytes).
    Removing stm32f4xx_tim.o(i.TIM_OC1NPolarityConfig), (12 bytes).
    Removing stm32f4xx_tim.o(i.TIM_OC1PolarityConfig), (12 bytes).
    Removing stm32f4xx_tim.o(i.TIM_OC1PreloadConfig), (12 bytes).
    Removing stm32f4xx_tim.o(i.TIM_OC2FastConfig), (20 bytes).
    Removing stm32f4xx_tim.o(i.TIM_OC2Init), (128 bytes).
    Removing stm32f4xx_tim.o(i.TIM_OC2NPolarityConfig), (20 bytes).
    Removing stm32f4xx_tim.o(i.TIM_OC2PolarityConfig), (20 bytes).
    Removing stm32f4xx_tim.o(i.TIM_OC2PreloadConfig), (20 bytes).
    Removing stm32f4xx_tim.o(i.TIM_OC3FastConfig), (12 bytes).
    Removing stm32f4xx_tim.o(i.TIM_OC3Init), (124 bytes).
    Removing stm32f4xx_tim.o(i.TIM_OC3NPolarityConfig), (20 bytes).
    Removing stm32f4xx_tim.o(i.TIM_OC3PolarityConfig), (20 bytes).
    Removing stm32f4xx_tim.o(i.TIM_OC3PreloadConfig), (12 bytes).
    Removing stm32f4xx_tim.o(i.TIM_OC4FastConfig), (20 bytes).
    Removing stm32f4xx_tim.o(i.TIM_OC4Init), (96 bytes).
    Removing stm32f4xx_tim.o(i.TIM_OC4PolarityConfig), (20 bytes).
    Removing stm32f4xx_tim.o(i.TIM_OC4PreloadConfig), (20 bytes).
    Removing stm32f4xx_tim.o(i.TIM_OCStructInit), (20 bytes).
    Removing stm32f4xx_tim.o(i.TIM_PWMIConfig), (108 bytes).
    Removing stm32f4xx_tim.o(i.TIM_PrescalerConfig), (6 bytes).
    Removing stm32f4xx_tim.o(i.TIM_RemapConfig), (6 bytes).
    Removing stm32f4xx_tim.o(i.TIM_SelectCCDMA), (20 bytes).
    Removing stm32f4xx_tim.o(i.TIM_SelectCOM), (20 bytes).
    Removing stm32f4xx_tim.o(i.TIM_SelectHallSensor), (20 bytes).
    Removing stm32f4xx_tim.o(i.TIM_SelectInputTrigger), (12 bytes).
    Removing stm32f4xx_tim.o(i.TIM_SelectMasterSlaveMode), (16 bytes).
    Removing stm32f4xx_tim.o(i.TIM_SelectOCxM), (74 bytes).
    Removing stm32f4xx_tim.o(i.TIM_SelectOnePulseMode), (16 bytes).
    Removing stm32f4xx_tim.o(i.TIM_SelectOutputTrigger), (16 bytes).
    Removing stm32f4xx_tim.o(i.TIM_SelectSlaveMode), (16 bytes).
    Removing stm32f4xx_tim.o(i.TIM_SetAutoreload), (4 bytes).
    Removing stm32f4xx_tim.o(i.TIM_SetClockDivision), (16 bytes).
    Removing stm32f4xx_tim.o(i.TIM_SetCompare1), (4 bytes).
    Removing stm32f4xx_tim.o(i.TIM_SetCompare2), (4 bytes).
    Removing stm32f4xx_tim.o(i.TIM_SetCompare3), (4 bytes).
    Removing stm32f4xx_tim.o(i.TIM_SetCompare4), (4 bytes).
    Removing stm32f4xx_tim.o(i.TIM_SetCounter), (4 bytes).
    Removing stm32f4xx_tim.o(i.TIM_SetIC1Prescaler), (16 bytes).
    Removing stm32f4xx_tim.o(i.TIM_SetIC2Prescaler), (24 bytes).
    Removing stm32f4xx_tim.o(i.TIM_SetIC3Prescaler), (16 bytes).
    Removing stm32f4xx_tim.o(i.TIM_SetIC4Prescaler), (24 bytes).
    Removing stm32f4xx_tim.o(i.TIM_TIxExternalClockConfig), (46 bytes).
    Removing stm32f4xx_tim.o(i.TIM_TimeBaseInit), (124 bytes).
    Removing stm32f4xx_tim.o(i.TIM_TimeBaseStructInit), (18 bytes).
    Removing stm32f4xx_tim.o(i.TIM_UpdateDisableConfig), (20 bytes).
    Removing stm32f4xx_tim.o(i.TIM_UpdateRequestConfig), (20 bytes).
    Removing stm32f4xx_exti.o(.rev16_text), (4 bytes).
    Removing stm32f4xx_exti.o(.revsh_text), (4 bytes).
    Removing stm32f4xx_exti.o(.rrx_text), (6 bytes).
    Removing stm32f4xx_exti.o(i.EXTI_ClearFlag), (12 bytes).
    Removing stm32f4xx_exti.o(i.EXTI_ClearITPendingBit), (12 bytes).
    Removing stm32f4xx_exti.o(i.EXTI_DeInit), (36 bytes).
    Removing stm32f4xx_exti.o(i.EXTI_GenerateSWInterrupt), (16 bytes).
    Removing stm32f4xx_exti.o(i.EXTI_GetFlagStatus), (20 bytes).
    Removing stm32f4xx_exti.o(i.EXTI_GetITStatus), (32 bytes).
    Removing stm32f4xx_exti.o(i.EXTI_StructInit), (14 bytes).
    Removing stm32f4xx_i2c.o(.rev16_text), (4 bytes).
    Removing stm32f4xx_i2c.o(.revsh_text), (4 bytes).
    Removing stm32f4xx_i2c.o(.rrx_text), (6 bytes).
    Removing stm32f4xx_i2c.o(i.I2C_ARPCmd), (20 bytes).
    Removing stm32f4xx_i2c.o(i.I2C_AcknowledgeConfig), (20 bytes).
    Removing stm32f4xx_i2c.o(i.I2C_CalculatePEC), (20 bytes).
    Removing stm32f4xx_i2c.o(i.I2C_CheckEvent), (24 bytes).
    Removing stm32f4xx_i2c.o(i.I2C_ClearFlag), (6 bytes).
    Removing stm32f4xx_i2c.o(i.I2C_ClearITPendingBit), (6 bytes).
    Removing stm32f4xx_i2c.o(i.I2C_Cmd), (20 bytes).
    Removing stm32f4xx_i2c.o(i.I2C_DMACmd), (20 bytes).
    Removing stm32f4xx_i2c.o(i.I2C_DMALastTransferCmd), (20 bytes).
    Removing stm32f4xx_i2c.o(i.I2C_DeInit), (68 bytes).
    Removing stm32f4xx_i2c.o(i.I2C_DualAddressCmd), (20 bytes).
    Removing stm32f4xx_i2c.o(i.I2C_FastModeDutyCycleConfig), (22 bytes).
    Removing stm32f4xx_i2c.o(i.I2C_GeneralCallCmd), (20 bytes).
    Removing stm32f4xx_i2c.o(i.I2C_GenerateSTART), (20 bytes).
    Removing stm32f4xx_i2c.o(i.I2C_GenerateSTOP), (20 bytes).
    Removing stm32f4xx_i2c.o(i.I2C_GetFlagStatus), (42 bytes).
    Removing stm32f4xx_i2c.o(i.I2C_GetITStatus), (36 bytes).
    Removing stm32f4xx_i2c.o(i.I2C_GetLastEvent), (14 bytes).
    Removing stm32f4xx_i2c.o(i.I2C_GetPEC), (6 bytes).
    Removing stm32f4xx_i2c.o(i.I2C_ITConfig), (16 bytes).
    Removing stm32f4xx_i2c.o(i.I2C_Init), (184 bytes).
    Removing stm32f4xx_i2c.o(i.I2C_NACKPositionConfig), (22 bytes).
    Removing stm32f4xx_i2c.o(i.I2C_OwnAddress2Config), (16 bytes).
    Removing stm32f4xx_i2c.o(i.I2C_PECPositionConfig), (22 bytes).
    Removing stm32f4xx_i2c.o(i.I2C_ReadRegister), (10 bytes).
    Removing stm32f4xx_i2c.o(i.I2C_ReceiveData), (6 bytes).
    Removing stm32f4xx_i2c.o(i.I2C_SMBusAlertConfig), (22 bytes).
    Removing stm32f4xx_i2c.o(i.I2C_Send7bitAddress), (16 bytes).
    Removing stm32f4xx_i2c.o(i.I2C_SendData), (4 bytes).
    Removing stm32f4xx_i2c.o(i.I2C_SoftwareResetCmd), (20 bytes).
    Removing stm32f4xx_i2c.o(i.I2C_StretchClockCmd), (20 bytes).
    Removing stm32f4xx_i2c.o(i.I2C_StructInit), (28 bytes).
    Removing stm32f4xx_i2c.o(i.I2C_TransmitPEC), (20 bytes).
    Removing stm32f4xx_usart.o(.rev16_text), (4 bytes).
    Removing stm32f4xx_usart.o(.revsh_text), (4 bytes).
    Removing stm32f4xx_usart.o(.rrx_text), (6 bytes).
    Removing stm32f4xx_usart.o(i.USART_ClearFlag), (6 bytes).
    Removing stm32f4xx_usart.o(i.USART_ClearITPendingBit), (12 bytes).
    Removing stm32f4xx_usart.o(i.USART_ClockInit), (28 bytes).
    Removing stm32f4xx_usart.o(i.USART_ClockStructInit), (12 bytes).
    Removing stm32f4xx_usart.o(i.USART_Cmd), (20 bytes).
    Removing stm32f4xx_usart.o(i.USART_DMACmd), (16 bytes).
    Removing stm32f4xx_usart.o(i.USART_DeInit), (140 bytes).
    Removing stm32f4xx_usart.o(i.USART_GetFlagStatus), (14 bytes).
    Removing stm32f4xx_usart.o(i.USART_GetITStatus), (62 bytes).
    Removing stm32f4xx_usart.o(i.USART_HalfDuplexCmd), (20 bytes).
    Removing stm32f4xx_usart.o(i.USART_ITConfig), (48 bytes).
    Removing stm32f4xx_usart.o(i.USART_Init), (172 bytes).
    Removing stm32f4xx_usart.o(i.USART_IrDACmd), (20 bytes).
    Removing stm32f4xx_usart.o(i.USART_IrDAConfig), (16 bytes).
    Removing stm32f4xx_usart.o(i.USART_LINBreakDetectLengthConfig), (16 bytes).
    Removing stm32f4xx_usart.o(i.USART_LINCmd), (20 bytes).
    Removing stm32f4xx_usart.o(i.USART_OneBitMethodCmd), (20 bytes).
    Removing stm32f4xx_usart.o(i.USART_OverSampling8Cmd), (20 bytes).
    Removing stm32f4xx_usart.o(i.USART_ReceiveData), (8 bytes).
    Removing stm32f4xx_usart.o(i.USART_ReceiverWakeUpCmd), (20 bytes).
    Removing stm32f4xx_usart.o(i.USART_SendBreak), (10 bytes).
    Removing stm32f4xx_usart.o(i.USART_SendData), (8 bytes).
    Removing stm32f4xx_usart.o(i.USART_SetAddress), (16 bytes).
    Removing stm32f4xx_usart.o(i.USART_SetGuardTime), (16 bytes).
    Removing stm32f4xx_usart.o(i.USART_SetPrescaler), (16 bytes).
    Removing stm32f4xx_usart.o(i.USART_SmartCardCmd), (20 bytes).
    Removing stm32f4xx_usart.o(i.USART_SmartCardNACKCmd), (20 bytes).
    Removing stm32f4xx_usart.o(i.USART_StructInit), (22 bytes).
    Removing stm32f4xx_usart.o(i.USART_WakeUpConfig), (16 bytes).
    Removing stm32f4xx_syscfg.o(.rev16_text), (4 bytes).
    Removing stm32f4xx_syscfg.o(.revsh_text), (4 bytes).
    Removing stm32f4xx_syscfg.o(.rrx_text), (6 bytes).
    Removing stm32f4xx_syscfg.o(i.SYSCFG_CompensationCellCmd), (12 bytes).
    Removing stm32f4xx_syscfg.o(i.SYSCFG_DeInit), (24 bytes).
    Removing stm32f4xx_syscfg.o(i.SYSCFG_ETH_MediaInterfaceConfig), (12 bytes).
    Removing stm32f4xx_syscfg.o(i.SYSCFG_GetCompensationCellStatus), (20 bytes).
    Removing stm32f4xx_syscfg.o(i.SYSCFG_MemoryRemapConfig), (12 bytes).
    Removing fatfs_drv.o(.rev16_text), (4 bytes).
    Removing fatfs_drv.o(.revsh_text), (4 bytes).
    Removing fatfs_drv.o(.rrx_text), (6 bytes).
    Removing fatfs_drv.o(i.disk_initialize), (76 bytes).
    Removing fatfs_drv.o(i.disk_ioctl), (84 bytes).
    Removing fatfs_drv.o(i.disk_read), (156 bytes).
    Removing fatfs_drv.o(i.disk_status), (48 bytes).
    Removing fatfs_drv.o(i.disk_write), (160 bytes).
    Removing fatfs_drv.o(i.get_fattime), (4 bytes).
    Removing fatfs_drv.o(.data), (1 bytes).
    Removing main.o(.rev16_text), (4 bytes).
    Removing main.o(.revsh_text), (4 bytes).
    Removing main.o(.rrx_text), (6 bytes).
    Removing main.o(i.TimingDelay_Decrement), (20 bytes).
    Removing stm32xxx_it.o(.rev16_text), (4 bytes).
    Removing stm32xxx_it.o(.revsh_text), (4 bytes).
    Removing stm32xxx_it.o(.rrx_text), (6 bytes).
    Removing lcd_log.o(.rev16_text), (4 bytes).
    Removing lcd_log.o(.revsh_text), (4 bytes).
    Removing lcd_log.o(.rrx_text), (6 bytes).
    Removing lcd_log.o(i.LCD_LOG_ClearTextZone), (38 bytes).
    Removing lcd_log.o(i.LCD_LOG_DeInit), (40 bytes).
    Removing lcd_log.o(i.LCD_LOG_Init), (16 bytes).
    Removing lcd_log.o(i.LCD_LOG_SetFooter), (100 bytes).
    Removing lcd_log.o(i.LCD_LOG_SetHeader), (144 bytes).
    Removing lcd_log.o(i.LCD_LOG_UpdateDisplay), (160 bytes).
    Removing lcd_log.o(i.fputc), (252 bytes).
    Removing lcd_log.o(.bss), (624 bytes).
    Removing lcd_log.o(.data), (18 bytes).
    Removing ff.o(i.check_fs), (92 bytes).
    Removing ff.o(i.chk_mounted), (532 bytes).
    Removing ff.o(i.clust2sect), (24 bytes).
    Removing ff.o(i.create_chain), (150 bytes).
    Removing ff.o(i.create_name), (252 bytes).
    Removing ff.o(i.dir_next), (238 bytes).
    Removing ff.o(i.dir_read), (68 bytes).
    Removing ff.o(i.dir_register), (92 bytes).
    Removing ff.o(i.dir_remove), (40 bytes).
    Removing ff.o(i.dir_sdi), (126 bytes).
    Removing ff.o(i.f_chmod), (76 bytes).
    Removing ff.o(i.f_close), (18 bytes).
    Removing ff.o(i.f_getfree), (200 bytes).
    Removing ff.o(i.f_lseek), (306 bytes).
    Removing ff.o(i.f_mkdir), (392 bytes).
    Removing ff.o(i.f_open), (310 bytes).
    Removing ff.o(i.f_opendir), (78 bytes).
    Removing ff.o(i.f_read), (338 bytes).
    Removing ff.o(i.f_readdir), (80 bytes).
    Removing ff.o(i.f_rename), (256 bytes).
    Removing ff.o(i.f_stat), (58 bytes).
    Removing ff.o(i.f_sync), (164 bytes).
    Removing ff.o(i.f_truncate), (144 bytes).
    Removing ff.o(i.f_unlink), (150 bytes).
    Removing ff.o(i.f_utime), (80 bytes).
    Removing ff.o(i.f_write), (400 bytes).
    Removing ff.o(i.follow_path), (172 bytes).
    Removing ff.o(i.get_fat), (184 bytes).
    Removing ff.o(i.get_fileinfo), (96 bytes).
    Removing ff.o(i.mem_cpy), (18 bytes).
    Removing ff.o(i.mem_set), (14 bytes).
    Removing ff.o(i.move_window), (106 bytes).
    Removing ff.o(i.put_fat), (250 bytes).
    Removing ff.o(i.remove_chain), (98 bytes).
    Removing ff.o(i.sync), (184 bytes).
    Removing ff.o(i.validate), (32 bytes).
    Removing ff.o(.constdata), (128 bytes).
    Removing dflti.o(.text), (34 bytes).
    Removing dfltui.o(.text), (26 bytes).
    Removing cdcmple.o(.text), (48 bytes).
    Removing cdrcmple.o(.text), (48 bytes).
    Removing depilogue.o(.text), (186 bytes).
    Removing dadd.o(.text), (334 bytes).
    Removing dmul.o(.text), (228 bytes).
    Removing ddiv.o(.text), (222 bytes).
    Removing dfixul.o(.text), (48 bytes).

500 unused section(s) (total 33077 bytes) removed from the image.

==============================================================================

Memory Map of the image

  Image Entry point : 0x00000000

  Load Region LR_IROM1 (Base: 0x08000000, Size: 0x00002ff4, Max: 0x00100000, ABSOLUTE)

    Execution Region ER_IROM1 (Base: 0x08000000, Size: 0x00002f68, Max: 0x00100000, ABSOLUTE)

    Base Addr    Size         Type   Attr      Idx    E Section Name        Object

    0x08000000   0x00000188   Data   RO          242    RESET               startup_stm32f40_41xxx.o
    0x08000188   0x00000000   Code   RO         3533  * .ARM.Collect$$$$00000000  mc_w.l(entry.o)
    0x08000188   0x00000004   Code   RO         3839    .ARM.Collect$$$$00000001  mc_w.l(entry2.o)
    0x0800018c   0x00000004   Code   RO         3842    .ARM.Collect$$$$00000004  mc_w.l(entry5.o)
    0x08000190   0x00000000   Code   RO         3844    .ARM.Collect$$$$00000008  mc_w.l(entry7b.o)
    0x08000190   0x00000000   Code   RO         3846    .ARM.Collect$$$$0000000A  mc_w.l(entry8b.o)
    0x08000190   0x00000008   Code   RO         3847    .ARM.Collect$$$$0000000B  mc_w.l(entry9a.o)
    0x08000198   0x00000000   Code   RO         3849    .ARM.Collect$$$$0000000D  mc_w.l(entry10a.o)
    0x08000198   0x00000000   Code   RO         3851    .ARM.Collect$$$$0000000F  mc_w.l(entry11a.o)
    0x08000198   0x00000004   Code   RO         3840    .ARM.Collect$$$$00002712  mc_w.l(entry2.o)
    0x0800019c   0x00000024   Code   RO          243    .text               startup_stm32f40_41xxx.o
    0x080001c0   0x0000002c   Code   RO         3854    .text               mc_w.l(uidiv.o)
    0x080001ec   0x00000024   Code   RO         3871    .text               mc_w.l(init.o)
    0x08000210   0x00000002   Code   RO         3160    i.BusFault_Handler  stm32xxx_it.o
    0x08000212   0x00000002   PAD
    0x08000214   0x000000e8   Code   RO          632    i.CmdResp1Error     stm324xg_eval_sdio_sd.o
    0x080002fc   0x00000034   Code   RO          633    i.CmdResp2Error     stm324xg_eval_sdio_sd.o
    0x08000330   0x00000070   Code   RO          634    i.CmdResp6Error     stm324xg_eval_sdio_sd.o
    0x080003a0   0x00000004   Code   RO         3161    i.DMA2_Stream3_IRQHandler  stm32xxx_it.o
    0x080003a4   0x0000002c   Code   RO          893    i.DMA_ClearFlag     stm32f4xx_dma.o
    0x080003d0   0x00000002   Code   RO         3162    i.DebugMon_Handler  stm32xxx_it.o
    0x080003d2   0x00000002   PAD
    0x080003d4   0x00000014   Code   RO         3083    i.Delay             main.o
    0x080003e8   0x00000070   Code   RO         2496    i.EXTI_Init         stm32f4xx_exti.o
    0x08000458   0x00000134   Code   RO          635    i.FindSCR           stm324xg_eval_sdio_sd.o
    0x0800058c   0x000000a2   Code   RO         1356    i.GPIO_Init         stm32f4xx_gpio.o
    0x0800062e   0x00000020   Code   RO         1357    i.GPIO_PinAFConfig  stm32f4xx_gpio.o
    0x0800064e   0x0000000e   Code   RO         1360    i.GPIO_ReadInputDataBit  stm32f4xx_gpio.o
    0x0800065c   0x00000002   Code   RO         3163    i.HardFault_Handler  stm32xxx_it.o
    0x0800065e   0x00000026   Code   RO          357    i.LCD_Clear         stm324xg_eval_lcd.o
    0x08000684   0x00000020   Code   RO          363    i.LCD_DisplayChar   stm324xg_eval_lcd.o
    0x080006a4   0x0000000a   Code   RO          365    i.LCD_DisplayOn     stm324xg_eval_lcd.o
    0x080006ae   0x00000002   PAD
    0x080006b0   0x00000038   Code   RO          366    i.LCD_DisplayStringLine  stm324xg_eval_lcd.o
    0x080006e8   0x0000007c   Code   RO          367    i.LCD_DrawChar      stm324xg_eval_lcd.o
    0x08000764   0x0000000c   Code   RO          378    i.LCD_GetFont       stm324xg_eval_lcd.o
    0x08000770   0x00000018   Code   RO          387    i.LCD_SetCursor     stm324xg_eval_lcd.o
    0x08000788   0x00000010   Code   RO          390    i.LCD_SetTextColor  stm324xg_eval_lcd.o
    0x08000798   0x0000004a   Code   RO          392    i.LCD_WriteBMP      stm324xg_eval_lcd.o
    0x080007e2   0x0000000a   Code   RO          395    i.LCD_WriteReg      stm324xg_eval_lcd.o
    0x080007ec   0x00000002   Code   RO         3164    i.MemManage_Handler  stm32xxx_it.o
    0x080007ee   0x00000002   Code   RO         3165    i.NMI_Handler       stm32xxx_it.o
    0x080007f0   0x00000064   Code   RO          845    i.NVIC_Init         misc.o
    0x08000854   0x00000002   Code   RO         3166    i.PendSV_Handler    stm32xxx_it.o
    0x08000856   0x00000002   PAD
    0x08000858   0x00000018   Code   RO         1457    i.RCC_AHB1PeriphClockCmd  stm32f4xx_rcc.o
    0x08000870   0x00000018   Code   RO         1469    i.RCC_APB2PeriphClockCmd  stm32f4xx_rcc.o
    0x08000888   0x00000018   Code   RO         1471    i.RCC_APB2PeriphResetCmd  stm32f4xx_rcc.o
    0x080008a0   0x00000184   Code   RO         3084    i.SDCard_Config     main.o
    0x08000a24   0x000000c0   Code   RO          637    i.SDEnWideBus       stm324xg_eval_sdio_sd.o
    0x08000ae4   0x0000000c   Code   RO         1742    i.SDIO_ClearFlag    stm32f4xx_sdio.o
    0x08000af0   0x0000000c   Code   RO         1743    i.SDIO_ClearITPendingBit  stm32f4xx_sdio.o
    0x08000afc   0x0000000c   Code   RO         1744    i.SDIO_ClockCmd     stm32f4xx_sdio.o
    0x08000b08   0x00000030   Code   RO         1748    i.SDIO_DataConfig   stm32f4xx_sdio.o
    0x08000b38   0x00000018   Code   RO         1750    i.SDIO_DeInit       stm32f4xx_sdio.o
    0x08000b50   0x0000000c   Code   RO         1751    i.SDIO_GetCommandResponse  stm32f4xx_sdio.o
    0x08000b5c   0x00000014   Code   RO         1754    i.SDIO_GetFlagStatus  stm32f4xx_sdio.o
    0x08000b70   0x00000014   Code   RO         1755    i.SDIO_GetITStatus  stm32f4xx_sdio.o
    0x08000b84   0x00000010   Code   RO         1756    i.SDIO_GetPowerState  stm32f4xx_sdio.o
    0x08000b94   0x00000010   Code   RO         1757    i.SDIO_GetResponse  stm32f4xx_sdio.o
    0x08000ba4   0x00000004   Code   RO         3167    i.SDIO_IRQHandler   stm32xxx_it.o
    0x08000ba8   0x00000018   Code   RO         1758    i.SDIO_ITConfig     stm32f4xx_sdio.o
    0x08000bc0   0x0000002c   Code   RO         1759    i.SDIO_Init         stm32f4xx_sdio.o
    0x08000bec   0x0000000c   Code   RO         1760    i.SDIO_ReadData     stm32f4xx_sdio.o
    0x08000bf8   0x00000028   Code   RO         1762    i.SDIO_SendCommand  stm32f4xx_sdio.o
    0x08000c20   0x0000000c   Code   RO         1764    i.SDIO_SetPowerState  stm32f4xx_sdio.o
    0x08000c2c   0x00000024   Code   RO          639    i.SD_Detect         stm324xg_eval_sdio_sd.o
    0x08000c50   0x00000074   Code   RO          640    i.SD_EnableWideBusOperation  stm324xg_eval_sdio_sd.o
    0x08000cc4   0x00000270   Code   RO          642    i.SD_GetCardInfo    stm324xg_eval_sdio_sd.o
    0x08000f34   0x00000080   Code   RO          648    i.SD_Init           stm324xg_eval_sdio_sd.o
    0x08000fb4   0x000000fc   Code   RO          649    i.SD_InitializeCards  stm324xg_eval_sdio_sd.o
    0x080010b0   0x000000c0   Code   RO          253    i.SD_LowLevel_Init  stm324xg_eval.o
    0x08001170   0x000001e4   Code   RO          651    i.SD_PowerON        stm324xg_eval_sdio_sd.o
    0x08001354   0x00000028   Code   RO          652    i.SD_ProcessDMAIRQ  stm324xg_eval_sdio_sd.o
    0x0800137c   0x00000090   Code   RO          653    i.SD_ProcessIRQSrc  stm324xg_eval_sdio_sd.o
    0x0800140c   0x0000002c   Code   RO          656    i.SD_SelectDeselect  stm324xg_eval_sdio_sd.o
    0x08001438   0x00000018   Code   RO          259    i.STM_EVAL_PBGetState  stm324xg_eval.o
    0x08001450   0x000000a4   Code   RO          260    i.STM_EVAL_PBInit   stm324xg_eval.o
    0x080014f4   0x00000002   Code   RO         3168    i.SVC_Handler       stm32xxx_it.o
    0x080014f6   0x00000002   PAD
    0x080014f8   0x00000030   Code   RO         2967    i.SYSCFG_EXTILineConfig  stm32f4xx_syscfg.o
    0x08001528   0x000000d8   Code   RO          162    i.SetSysClock       system_stm32f4xx.o
    0x08001600   0x00000002   Code   RO         3169    i.SysTick_Handler   stm32xxx_it.o
    0x08001602   0x00000002   PAD
    0x08001604   0x0000005c   Code   RO          164    i.SystemInit        system_stm32f4xx.o
    0x08001660   0x00000002   Code   RO         3170    i.UsageFault_Handler  stm32xxx_it.o
    0x08001662   0x00000002   PAD
    0x08001664   0x00000028   Code   RO         3699    i.__0sprintf$6      mc_w.l(printf6.o)
    0x0800168c   0x000002f0   Code   RO         3704    i._printf_core      mc_w.l(printf6.o)
    0x0800197c   0x00000024   Code   RO         3705    i._printf_post_padding  mc_w.l(printf6.o)
    0x080019a0   0x0000002e   Code   RO         3706    i._printf_pre_padding  mc_w.l(printf6.o)
    0x080019ce   0x0000000a   Code   RO         3708    i._sputc            mc_w.l(printf6.o)
    0x080019d8   0x00000028   Code   RO         3325    i.f_mount           ff.o
    0x08001a00   0x00000050   Code   RO         3803    i.free              mc_w.l(malloc.o)
    0x08001a50   0x00000280   Code   RO         3086    i.main              main.o
    0x08001cd0   0x0000006c   Code   RO         3804    i.malloc            mc_w.l(malloc.o)
    0x08001d3c   0x0000005c   Data   RO          265    .constdata          stm324xg_eval.o
    0x08001d98   0x000011d0   Data   RO          399    .constdata          stm324xg_eval_lcd.o
    0x08002f68   0x00000000   Data   RO         3879    Region$$Table       anon$$obj.o


    Execution Region RW_IRAM1 (Base: 0x20000000, Size: 0x000009f0, Max: 0x00020000, ABSOLUTE)

    Base Addr    Size         Type   Attr      Idx    E Section Name        Object

    0x20000000   0x00000014   Data   RW          165    .data               system_stm32f4xx.o
    0x20000014   0x0000002c   Data   RW          266    .data               stm324xg_eval.o
    0x20000040   0x00000010   Data   RW          403    .data               stm324xg_eval_lcd.o
    0x20000050   0x00000018   Data   RW          666    .data               stm324xg_eval_sdio_sd.o
    0x20000068   0x00000010   Data   RW         3088    .data               main.o
    0x20000078   0x0000000c   Data   RW         3348    .data               ff.o
    0x20000084   0x00000004   Data   RW         3858    .data               mc_w.l(mvars.o)
    0x20000088   0x00000004   Data   RW         3859    .data               mc_w.l(mvars.o)
    0x2000008c   0x00000004   PAD
    0x20000090   0x000000cc   Zero   RW          665    .bss                stm324xg_eval_sdio_sd.o
    0x2000015c   0x00000294   Zero   RW         3087    .bss                main.o
    0x200003f0   0x00000200   Zero   RW          241    HEAP                startup_stm32f40_41xxx.o
    0x200005f0   0x00000400   Zero   RW          240    STACK               startup_stm32f40_41xxx.o

