Component: ARM Compiler 5.06 update 2 (build 183) Tool: armlink [4d35b7]

==============================================================================

Section Cross References

    main.o(i.Codec_TIMEOUT_UserCallback) refers to stm324xg_eval_lcd.o(i.LCD_GetFont) for LCD_GetFont
    main.o(i.Codec_TIMEOUT_UserCallback) refers to stm324xg_eval_lcd.o(i.LCD_DisplayStringLine) for LCD_DisplayStringLine
    main.o(i.Delay) refers to main.o(.data) for uwTimingDelay
    main.o(i.EVAL_AUDIO_Error_CallBack) refers to stm324xg_eval_lcd.o(i.LCD_SetBackColor) for LCD_SetBackColor
    main.o(i.EVAL_AUDIO_Error_CallBack) refers to stm324xg_eval_lcd.o(i.LCD_GetFont) for LCD_GetFont
    main.o(i.EVAL_AUDIO_Error_CallBack) refers to stm324xg_eval_lcd.o(i.LCD_DisplayStringLine) for LCD_DisplayStringLine
    main.o(i.EVAL_AUDIO_TransferComplete_CallBack) refers to stm32f4_evb_audio_codec.o(i.EVAL_AUDIO_Play) for EVAL_AUDIO_Play
    main.o(i.EVAL_AUDIO_TransferComplete_CallBack) refers to audio_sample.o(.constdata) for AUDIO_SAMPLE
    main.o(i.Time_Update) refers to main.o(.data) for LocalTime
    main.o(i.TimingDelay_Decrement) refers to main.o(.data) for uwTimingDelay
    main.o(i.main) refers to stm32f4xx_rcc.o(i.RCC_GetClocksFreq) for RCC_GetClocksFreq
    main.o(i.main) refers to stm32f4xx_rcc.o(i.RCC_AHB2PeriphClockCmd) for RCC_AHB2PeriphClockCmd
    main.o(i.main) refers to stm32f4xx_rng.o(i.RNG_Cmd) for RNG_Cmd
    main.o(i.main) refers to stm32f4_evb.o(i.STM_EVAL_LEDInit) for STM_EVAL_LEDInit
    main.o(i.main) refers to stm32f4_evb.o(i.STM_EVAL_PBInit) for STM_EVAL_PBInit
    main.o(i.main) refers to stm324xg_eval_lcd.o(i.STM324xG_LCD_Init) for STM324xG_LCD_Init
    main.o(i.main) refers to stm324xg_eval_lcd.o(i.LCD_Clear) for LCD_Clear
    main.o(i.main) refers to stm324xg_eval_lcd.o(i.LCD_SetBackColor) for LCD_SetBackColor
    main.o(i.main) refers to stm324xg_eval_lcd.o(i.LCD_SetTextColor) for LCD_SetTextColor
    main.o(i.main) refers to stm324xg_eval_lcd.o(i.LCD_GetFont) for LCD_GetFont
    main.o(i.main) refers to stm324xg_eval_lcd.o(i.LCD_DisplayStringLine) for LCD_DisplayStringLine
    main.o(i.main) refers to stm32f4_evb.o(i.STM_EVAL_LEDOn) for STM_EVAL_LEDOn
    main.o(i.main) refers to stm32f4x7_eth_bsp.o(i.ETH_BSP_Config) for ETH_BSP_Config
    main.o(i.main) refers to netconf.o(i.LwIP_Init) for LwIP_Init
    main.o(i.main) refers to stm32f4x7_eth.o(i.ETH_CheckFrameReceived) for ETH_CheckFrameReceived
    main.o(i.main) refers to netconf.o(i.LwIP_Pkt_Handle) for LwIP_Pkt_Handle
    main.o(i.main) refers to netconf.o(i.LwIP_Periodic_Handle) for LwIP_Periodic_Handle
    main.o(i.main) refers to stm32f4_evb.o(i.STM_EVAL_LEDToggle) for STM_EVAL_LEDToggle
    main.o(i.main) refers to main.o(i.Delay) for Delay
    main.o(i.main) refers to main.o(.data) for LocalTime
    stm32f4xx_it.o(i.EXTI15_10_IRQHandler) refers to stm32f4xx_exti.o(i.EXTI_GetITStatus) for EXTI_GetITStatus
    stm32f4xx_it.o(i.EXTI15_10_IRQHandler) refers to tcp_echoclient.o(i.tcp_echoclient_connect) for tcp_echoclient_connect
    stm32f4xx_it.o(i.EXTI15_10_IRQHandler) refers to stm32f4xx_exti.o(i.EXTI_ClearITPendingBit) for EXTI_ClearITPendingBit
    stm32f4xx_it.o(i.EXTI15_10_IRQHandler) refers to stm32f4x7_eth_bsp.o(i.Eth_Link_ITHandler) for Eth_Link_ITHandler
    stm32f4xx_it.o(i.EXTI15_10_IRQHandler) refers to stm32f4x7_eth_bsp.o(.data) for EthLinkStatus
    stm32f4xx_it.o(i.EXTI2_IRQHandler) refers to stm32f4xx_exti.o(i.EXTI_ClearITPendingBit) for EXTI_ClearITPendingBit
    stm32f4xx_it.o(i.EXTI2_IRQHandler) refers to stm32f4_evb.o(i.STM_EVAL_LEDToggle) for STM_EVAL_LEDToggle
    stm32f4xx_it.o(i.OTG_HS_EP1_IN_IRQHandler) refers to usb_dcd_int.o(i.USBD_OTG_EP1IN_ISR_Handler) for USBD_OTG_EP1IN_ISR_Handler
    stm32f4xx_it.o(i.OTG_HS_EP1_IN_IRQHandler) refers to main.o(.bss) for USB_OTG_dev
    stm32f4xx_it.o(i.OTG_HS_EP1_OUT_IRQHandler) refers to usb_dcd_int.o(i.USBD_OTG_EP1OUT_ISR_Handler) for USBD_OTG_EP1OUT_ISR_Handler
    stm32f4xx_it.o(i.OTG_HS_EP1_OUT_IRQHandler) refers to main.o(.bss) for USB_OTG_dev
    stm32f4xx_it.o(i.OTG_HS_IRQHandler) refers to usb_dcd_int.o(i.USBD_OTG_ISR_Handler) for USBD_OTG_ISR_Handler
    stm32f4xx_it.o(i.OTG_HS_IRQHandler) refers to main.o(.bss) for USB_OTG_dev
    stm32f4xx_it.o(i.OTG_HS_WKUP_IRQHandler) refers to system_stm32f4xx.o(i.SystemInit) for SystemInit
    stm32f4xx_it.o(i.OTG_HS_WKUP_IRQHandler) refers to usb_core.o(i.USB_OTG_UngateClock) for USB_OTG_UngateClock
    stm32f4xx_it.o(i.OTG_HS_WKUP_IRQHandler) refers to stm32f4xx_exti.o(i.EXTI_ClearITPendingBit) for EXTI_ClearITPendingBit
    stm32f4xx_it.o(i.OTG_HS_WKUP_IRQHandler) refers to main.o(.bss) for USB_OTG_dev
    stm32f4xx_it.o(i.SysTick_Handler) refers to main.o(i.TimingDelay_Decrement) for TimingDelay_Decrement
    stm32f4xx_it.o(i.SysTick_Handler) refers to main.o(i.Time_Update) for Time_Update
    stm32f4xx_it.o(i.USART1_IRQHandler) refers to stm32f4xx_usart.o(i.USART_ReceiveData) for USART_ReceiveData
[...]
    OTG_FS_WKUP_IRQHandler                   0x080001b7   Thumb Code     0  startup_stm32f40xx.o(.text)
    PVD_IRQHandler                           0x080001b7   Thumb Code     0  startup_stm32f40xx.o(.text)
    RCC_IRQHandler                           0x080001b7   Thumb Code     0  startup_stm32f40xx.o(.text)
    RTC_Alarm_IRQHandler                     0x080001b7   Thumb Code     0  startup_stm32f40xx.o(.text)
    RTC_WKUP_IRQHandler                      0x080001b7   Thumb Code     0  startup_stm32f40xx.o(.text)
    SDIO_IRQHandler                          0x080001b7   Thumb Code     0  startup_stm32f40xx.o(.text)
    SPI1_IRQHandler                          0x080001b7   Thumb Code     0  startup_stm32f40xx.o(.text)
    SPI2_IRQHandler                          0x080001b7   Thumb Code     0  startup_stm32f40xx.o(.text)
    SPI3_IRQHandler                          0x080001b7   Thumb Code     0  startup_stm32f40xx.o(.text)
    TAMP_STAMP_IRQHandler                    0x080001b7   Thumb Code     0  startup_stm32f40xx.o(.text)
    TIM1_BRK_TIM9_IRQHandler                 0x080001b7   Thumb Code     0  startup_stm32f40xx.o(.text)
    TIM1_CC_IRQHandler                       0x080001b7   Thumb Code     0  startup_stm32f40xx.o(.text)
    TIM1_TRG_COM_TIM11_IRQHandler            0x080001b7   Thumb Code     0  startup_stm32f40xx.o(.text)
    TIM1_UP_TIM10_IRQHandler                 0x080001b7   Thumb Code     0  startup_stm32f40xx.o(.text)
    TIM2_IRQHandler                          0x080001b7   Thumb Code     0  startup_stm32f40xx.o(.text)
    TIM3_IRQHandler                          0x080001b7   Thumb Code     0  startup_stm32f40xx.o(.text)
    TIM4_IRQHandler                          0x080001b7   Thumb Code     0  startup_stm32f40xx.o(.text)
    TIM5_IRQHandler                          0x080001b7   Thumb Code     0  startup_stm32f40xx.o(.text)
    TIM6_DAC_IRQHandler                      0x080001b7   Thumb Code     0  startup_stm32f40xx.o(.text)
    TIM7_IRQHandler                          0x080001b7   Thumb Code     0  startup_stm32f40xx.o(.text)
    TIM8_BRK_TIM12_IRQHandler                0x080001b7   Thumb Code     0  startup_stm32f40xx.o(.text)
    TIM8_CC_IRQHandler                       0x080001b7   Thumb Code     0  startup_stm32f40xx.o(.text)
    TIM8_TRG_COM_TIM14_IRQHandler            0x080001b7   Thumb Code     0  startup_stm32f40xx.o(.text)
    TIM8_UP_TIM13_IRQHandler                 0x080001b7   Thumb Code     0  startup_stm32f40xx.o(.text)
    UART4_IRQHandler                         0x080001b7   Thumb Code     0  startup_stm32f40xx.o(.text)
    UART5_IRQHandler                         0x080001b7   Thumb Code     0  startup_stm32f40xx.o(.text)
    USART2_IRQHandler                        0x080001b7   Thumb Code     0  startup_stm32f40xx.o(.text)
    USART6_IRQHandler                        0x080001b7   Thumb Code     0  startup_stm32f40xx.o(.text)
    WWDG_IRQHandler                          0x080001b7   Thumb Code     0  startup_stm32f40xx.o(.text)
    __aeabi_memcpy                           0x080001c1   Thumb Code    36  memcpya.o(.text)
    __aeabi_memcpy4                          0x080001c1   Thumb Code     0  memcpya.o(.text)
    __aeabi_memcpy8                          0x080001c1   Thumb Code     0  memcpya.o(.text)
    __aeabi_memset                           0x080001e5   Thumb Code    14  memseta.o(.text)
    __aeabi_memset4                          0x080001e5   Thumb Code     0  memseta.o(.text)
    __aeabi_memset8                          0x080001e5   Thumb Code     0  memseta.o(.text)
    __aeabi_memclr                           0x080001f3   Thumb Code     4  memseta.o(.text)
    __aeabi_memclr4                          0x080001f3   Thumb Code     0  memseta.o(.text)
    __aeabi_memclr8                          0x080001f3   Thumb Code     0  memseta.o(.text)
    _memset$wrapper                          0x080001f7   Thumb Code    18  memseta.o(.text)
    strlen                                   0x08000209   Thumb Code    14  strlen.o(.text)
    memcmp                                   0x08000217   Thumb Code    26  memcmp.o(.text)
    __aeabi_uidiv                            0x08000231   Thumb Code     0  uidiv.o(.text)
    __aeabi_uidivmod                         0x08000231   Thumb Code    44  uidiv.o(.text)
    __scatterload                            0x0800025d   Thumb Code    28  init.o(.text)
    __scatterload_rt2                        0x0800025d   Thumb Code     0  init.o(.text)
    __decompress                             0x08000281   Thumb Code     0  __dczerorl2.o(.text)
    __decompress1                            0x08000281   Thumb Code    86  __dczerorl2.o(.text)
    BusFault_Handler                         0x08000319   Thumb Code     4  stm32f4xx_it.o(i.BusFault_Handler)
    DCD_EP_Close                             0x08000321   Thumb Code    74  usb_dcd.o(i.DCD_EP_Close)
    DCD_EP_ClrStall                          0x0800036b   Thumb Code    72  usb_dcd.o(i.DCD_EP_ClrStall)
    DCD_EP_Open                              0x080003b3   Thumb Code   104  usb_dcd.o(i.DCD_EP_Open)
    DCD_EP_PrepareRx                         0x0800041b   Thumb Code    82  usb_dcd.o(i.DCD_EP_PrepareRx)
    DCD_EP_SetAddress                        0x0800046d   Thumb Code    28  usb_dcd.o(i.DCD_EP_SetAddress)
    DCD_EP_Stall                             0x08000489   Thumb Code    72  usb_dcd.o(i.DCD_EP_Stall)
    DCD_EP_Tx                                0x080004d1   Thumb Code    78  usb_dcd.o(i.DCD_EP_Tx)
    DMA1_Stream4_IRQHandler                  0x08000c2d   Thumb Code   180  stm32f4_evb_audio_codec.o(i.DMA1_Stream4_IRQHandler)
    DMA_ClearFlag                            0x08000cf5   Thumb Code    38  stm32f4xx_dma.o(i.DMA_ClearFlag)
    DMA_Cmd                                  0x08000d29   Thumb Code    22  stm32f4xx_dma.o(i.DMA_Cmd)
    DMA_GetCmdStatus                         0x08000d3f   Thumb Code    20  stm32f4xx_dma.o(i.DMA_GetCmdStatus)
    DMA_GetFlagStatus                        0x08000d55   Thumb Code    54  stm32f4xx_dma.o(i.DMA_GetFlagStatus)
    DMA_Init                                 0x08000d99   Thumb Code    82  stm32f4xx_dma.o(i.DMA_Init)
    DebugMon_Handler                         0x08000df1   Thumb Code     2  stm32f4xx_it.o(i.DebugMon_Handler)
    Delay                                    0x08000df5   Thumb Code    20  main.o(i.Delay)
    ETH_BSP_Config                           0x08000e0d   Thumb Code    74  stm32f4x7_eth_bsp.o(i.ETH_BSP_Config)
    ETH_CheckFrameReceived                   0x08000e85   Thumb Code   190  stm32f4x7_eth.o(i.ETH_CheckFrameReceived)
    ETH_DMAReceptionCmd                      0x08000f4d   Thumb Code    30  stm32f4x7_eth.o(i.ETH_DMAReceptionCmd)
    ETH_DMARxDescChainInit                   0x08000f71   Thumb Code    82  stm32f4x7_eth.o(i.ETH_DMARxDescChainInit)
    ETH_DMATransmissionCmd                   0x08000fd5   Thumb Code    30  stm32f4x7_eth.o(i.ETH_DMATransmissionCmd)
    ETH_DMATxDescChainInit                   0x08000ff9   Thumb Code    70  stm32f4x7_eth.o(i.ETH_DMATxDescChainInit)
    ETH_DMATxDescChecksumInsertionConfig     0x08001049   Thumb Code     8  stm32f4x7_eth.o(i.ETH_DMATxDescChecksumInsertionConfig)
    ETH_DeInit                               0x08001051   Thumb Code    22  stm32f4x7_eth.o(i.ETH_DeInit)
    ETH_FlushTransmitFIFO                    0x08001085   Thumb Code    14  stm32f4x7_eth.o(i.ETH_FlushTransmitFIFO)
    ETH_GetSoftwareResetStatus               0x080011f5   Thumb Code    20  stm32f4x7_eth.o(i.ETH_GetSoftwareResetStatus)
    ETH_Get_Received_Frame                   0x0800120d   Thumb Code    82  stm32f4x7_eth.o(i.ETH_Get_Received_Frame)
    ETH_Init                                 0x08001269   Thumb Code   620  stm32f4x7_eth.o(i.ETH_Init)
    ETH_MACAddressConfig                     0x08001501   Thumb Code    46  stm32f4x7_eth.o(i.ETH_MACAddressConfig)
    ETH_MACReceptionCmd                      0x080015b5   Thumb Code    30  stm32f4x7_eth.o(i.ETH_MACReceptionCmd)
    ETH_MACTransmissionCmd                   0x080015d9   Thumb Code    30  stm32f4x7_eth.o(i.ETH_MACTransmissionCmd)
    ETH_Prepare_Transmit_Descriptors         0x080015fd   Thumb Code   222  stm32f4x7_eth.o(i.ETH_Prepare_Transmit_Descriptors)
    ETH_ReadPHYRegister                      0x080016e5   Thumb Code    98  stm32f4x7_eth.o(i.ETH_ReadPHYRegister)
    ETH_SoftwareReset                        0x08001751   Thumb Code    14  stm32f4x7_eth.o(i.ETH_SoftwareReset)
    ETH_Start                                0x08001765   Thumb Code    32  stm32f4x7_eth.o(i.ETH_Start)
    ETH_StructInit                           0x08001785   Thumb Code   178  stm32f4x7_eth.o(i.ETH_StructInit)
    ETH_WritePHYRegister                     0x08001839   Thumb Code    96  stm32f4x7_eth.o(i.ETH_WritePHYRegister)
    EVAL_AUDIO_Play                          0x080018a1   Thumb Code   110  stm32f4_evb_audio_codec.o(i.EVAL_AUDIO_Play)
    EVAL_AUDIO_TransferComplete_CallBack     0x0800191d   Thumb Code    16  main.o(i.EVAL_AUDIO_TransferComplete_CallBack)
    EXTI15_10_IRQHandler                     0x08001935   Thumb Code    56  stm32f4xx_it.o(i.EXTI15_10_IRQHandler)
    EXTI2_IRQHandler                         0x08001971   Thumb Code    16  stm32f4xx_it.o(i.EXTI2_IRQHandler)
    EXTI_ClearITPendingBit                   0x08001981   Thumb Code     6  stm32f4xx_exti.o(i.EXTI_ClearITPendingBit)
    EXTI_GetITStatus                         0x0800198d   Thumb Code    20  stm32f4xx_exti.o(i.EXTI_GetITStatus)
    EXTI_Init                                0x080019a5   Thumb Code   142  stm32f4xx_exti.o(i.EXTI_Init)
    Eth_Link_ITHandler                       0x08001a39   Thumb Code   132  stm32f4x7_eth_bsp.o(i.Eth_Link_ITHandler)
    Eth_Link_PHYITConfig                     0x08001b09   Thumb Code    70  stm32f4x7_eth_bsp.o(i.Eth_Link_PHYITConfig)
    FSMC_NORSRAMCmd                          0x08001b51   Thumb Code    46  stm32f4xx_fsmc.o(i.FSMC_NORSRAMCmd)
    FSMC_NORSRAMInit                         0x08001b85   Thumb Code   230  stm32f4xx_fsmc.o(i.FSMC_NORSRAMInit)
    GPIO_Init                                0x08001c6b   Thumb Code   144  stm32f4xx_gpio.o(i.GPIO_Init)
    GPIO_PinAFConfig                         0x08001cfb   Thumb Code    70  stm32f4xx_gpio.o(i.GPIO_PinAFConfig)
    HardFault_Handler                        0x08001e15   Thumb Code     4  stm32f4xx_it.o(i.HardFault_Handler)
    I2S_Cmd                                  0x08001e19   Thumb Code    24  stm32f4xx_spi.o(i.I2S_Cmd)
    LCD_Clear                                0x08001e31   Thumb Code    40  stm324xg_eval_lcd.o(i.LCD_Clear)
    LCD_ClearLine                            0x08001e59   Thumb Code    46  stm324xg_eval_lcd.o(i.LCD_ClearLine)
    LCD_CtrlLinesConfig                      0x08001e8d   Thumb Code   286  stm324xg_eval_lcd.o(i.LCD_CtrlLinesConfig)
    LCD_DisplayChar                          0x08001fbd   Thumb Code    42  stm324xg_eval_lcd.o(i.LCD_DisplayChar)
    LCD_DisplayStringLine                    0x08001fed   Thumb Code    72  stm324xg_eval_lcd.o(i.LCD_DisplayStringLine)
    LCD_DrawChar                             0x08002039   Thumb Code   160  stm324xg_eval_lcd.o(i.LCD_DrawChar)
    LCD_FSMCConfig                           0x080020e5   Thumb Code    98  stm324xg_eval_lcd.o(i.LCD_FSMCConfig)
    LCD_GetFont                              0x08002149   Thumb Code     6  stm324xg_eval_lcd.o(i.LCD_GetFont)
    LCD_ReadReg                              0x08002155   Thumb Code    12  stm324xg_eval_lcd.o(i.LCD_ReadReg)
    LCD_SetBackColor                         0x08002161   Thumb Code    12  stm324xg_eval_lcd.o(i.LCD_SetBackColor)
    LCD_SetCursor                            0x08002171   Thumb Code    24  stm324xg_eval_lcd.o(i.LCD_SetCursor)
    LCD_SetFont                              0x08002189   Thumb Code     6  stm324xg_eval_lcd.o(i.LCD_SetFont)
    LCD_SetTextColor                         0x08002195   Thumb Code    12  stm324xg_eval_lcd.o(i.LCD_SetTextColor)
    LCD_WriteRAM                             0x080021a5   Thumb Code     8  stm324xg_eval_lcd.o(i.LCD_WriteRAM)
    LCD_WriteRAM_Prepare                     0x080021ad   Thumb Code    10  stm324xg_eval_lcd.o(i.LCD_WriteRAM_Prepare)
    LCD_WriteReg                             0x080021b7   Thumb Code    10  stm324xg_eval_lcd.o(i.LCD_WriteReg)
    LwIP_DHCP_Process_Handle                 0x080021c1   Thumb Code   556  netconf.o(i.LwIP_DHCP_Process_Handle)
    LwIP_Init                                0x080024c5   Thumb Code    60  netconf.o(i.LwIP_Init)
    LwIP_Periodic_Handle                     0x0800250d   Thumb Code   128  netconf.o(i.LwIP_Periodic_Handle)
    LwIP_Pkt_Handle                          0x080025a1   Thumb Code    10  netconf.o(i.LwIP_Pkt_Handle)
    MemManage_Handler                        0x080025b1   Thumb Code     4  stm32f4xx_it.o(i.MemManage_Handler)
    NMI_Handler                              0x080025b5   Thumb Code     2  stm32f4xx_it.o(i.NMI_Handler)
    NVIC_Init                                0x080025b9   Thumb Code   106  misc.o(i.NVIC_Init)
    OTG_HS_EP1_IN_IRQHandler                 0x08002631   Thumb Code    10  stm32f4xx_it.o(i.OTG_HS_EP1_IN_IRQHandler)
    OTG_HS_EP1_OUT_IRQHandler                0x08002641   Thumb Code    10  stm32f4xx_it.o(i.OTG_HS_EP1_OUT_IRQHandler)
    OTG_HS_IRQHandler                        0x08002651   Thumb Code    10  stm32f4xx_it.o(i.OTG_HS_IRQHandler)
    OTG_HS_WKUP_IRQHandler                   0x08002661   Thumb Code    40  stm32f4xx_it.o(i.OTG_HS_WKUP_IRQHandler)
    PendSV_Handler                           0x08002691   Thumb Code     2  stm32f4xx_it.o(i.PendSV_Handler)
    RCC_AHB1PeriphClockCmd                   0x08002695   Thumb Code    26  stm32f4xx_rcc.o(i.RCC_AHB1PeriphClockCmd)
    RCC_AHB1PeriphResetCmd                   0x080026b5   Thumb Code    26  stm32f4xx_rcc.o(i.RCC_AHB1PeriphResetCmd)
    RCC_AHB2PeriphClockCmd                   0x080026d5   Thumb Code    26  stm32f4xx_rcc.o(i.RCC_AHB2PeriphClockCmd)
    RCC_AHB3PeriphClockCmd                   0x080026f5   Thumb Code    26  stm32f4xx_rcc.o(i.RCC_AHB3PeriphClockCmd)
    RCC_APB2PeriphClockCmd                   0x08002715   Thumb Code    26  stm32f4xx_rcc.o(i.RCC_APB2PeriphClockCmd)
    RCC_GetClocksFreq                        0x08002735   Thumb Code   214  stm32f4xx_rcc.o(i.RCC_GetClocksFreq)
    RCC_MCO1Config                           0x0800281d   Thumb Code    24  stm32f4xx_rcc.o(i.RCC_MCO1Config)
    RNG_Cmd                                  0x08002839   Thumb Code    30  stm32f4xx_rng.o(i.RNG_Cmd)
    STM324xG_LCD_Init                        0x0800285d   Thumb Code  1050  stm324xg_eval_lcd.o(i.STM324xG_LCD_Init)
    STM_EVAL_COMInit                         0x08002c7d   Thumb Code   220  stm32f4_evb.o(i.STM_EVAL_COMInit)
    STM_EVAL_LEDInit                         0x08002d8d   Thumb Code    62  stm32f4_evb.o(i.STM_EVAL_LEDInit)
    STM_EVAL_LEDOn                           0x08002dd9   Thumb Code    16  stm32f4_evb.o(i.STM_EVAL_LEDOn)
    STM_EVAL_LEDToggle                       0x08002df1   Thumb Code    26  stm32f4_evb.o(i.STM_EVAL_LEDToggle)
    STM_EVAL_PBInit                          0x08002e15   Thumb Code   156  stm32f4_evb.o(i.STM_EVAL_PBInit)
    SVC_Handler                              0x08002ecd   Thumb Code     2  stm32f4xx_it.o(i.SVC_Handler)
    SYSCFG_ETH_MediaInterfaceConfig          0x08002ed1   Thumb Code     6  stm32f4xx_syscfg.o(i.SYSCFG_ETH_MediaInterfaceConfig)
    SYSCFG_EXTILineConfig                    0x08002edd   Thumb Code    60  stm32f4xx_syscfg.o(i.SYSCFG_EXTILineConfig)
    SysTick_Handler                          0x08003041   Thumb Code    12  stm32f4xx_it.o(i.SysTick_Handler)
    SystemInit                               0x0800304d   Thumb Code    88  system_stm32f4xx.o(i.SystemInit)
    Time_Update                              0x080030b5   Thumb Code    12  main.o(i.Time_Update)
    TimingDelay_Decrement                    0x080030c5   Thumb Code    18  main.o(i.TimingDelay_Decrement)
    USART1_IRQHandler                        0x080030dd   Thumb Code    22  stm32f4xx_it.o(i.USART1_IRQHandler)
    USART3_IRQHandler                        0x080030f9   Thumb Code    40  usbd_cdc_vcp.o(i.USART3_IRQHandler)
    USART_Cmd                                0x08003125   Thumb Code    24  stm32f4xx_usart.o(i.USART_Cmd)
    USART_GetFlagStatus                      0x0800313d   Thumb Code    26  stm32f4xx_usart.o(i.USART_GetFlagStatus)
    USART_GetITStatus                        0x08003157   Thumb Code    84  stm32f4xx_usart.o(i.USART_GetITStatus)
    USART_ITConfig                           0x080031ab   Thumb Code    74  stm32f4xx_usart.o(i.USART_ITConfig)
    USART_Init                               0x080031f5   Thumb Code   204  stm32f4xx_usart.o(i.USART_Init)
    USART_ReceiveData                        0x080032c9   Thumb Code    10  stm32f4xx_usart.o(i.USART_ReceiveData)
    USART_SendData                           0x080032d3   Thumb Code     8  stm32f4xx_usart.o(i.USART_SendData)
    USBD_ClrCfg                              0x080032db   Thumb Code    22  usbd_core.o(i.USBD_ClrCfg)
    USBD_CtlContinueRx                       0x08003339   Thumb Code    30  usbd_ioreq.o(i.USBD_CtlContinueRx)
    USBD_CtlContinueSendData                 0x08003357   Thumb Code    30  usbd_ioreq.o(i.USBD_CtlContinueSendData)
    USBD_CtlError                            0x08003375   Thumb Code    30  usbd_req.o(i.USBD_CtlError)
    USBD_CtlPrepareRx                        0x08003393   Thumb Code    46  usbd_ioreq.o(i.USBD_CtlPrepareRx)
    USBD_CtlReceiveStatus                    0x080033c1   Thumb Code    36  usbd_ioreq.o(i.USBD_CtlReceiveStatus)
    USBD_CtlSendData                         0x080033e5   Thumb Code    46  usbd_ioreq.o(i.USBD_CtlSendData)
    USBD_CtlSendStatus                       0x08003413   Thumb Code    36  usbd_ioreq.o(i.USBD_CtlSendStatus)
    USBD_GetString                           0x08003815   Thumb Code    82  usbd_req.o(i.USBD_GetString)
    USBD_OTG_EP1IN_ISR_Handler               0x0800388d   Thumb Code   232  usb_dcd_int.o(i.USBD_OTG_EP1IN_ISR_Handler)
    USBD_OTG_EP1OUT_ISR_Handler              0x08003979   Thumb Code   122  usb_dcd_int.o(i.USBD_OTG_EP1OUT_ISR_Handler)
    USBD_OTG_ISR_Handler                     0x080039f9   Thumb Code   256  usb_dcd_int.o(i.USBD_OTG_ISR_Handler)
    USBD_ParseSetupRequest                   0x08003af9   Thumb Code    72  usbd_req.o(i.USBD_ParseSetupRequest)
    USBD_SetCfg                              0x08003c1b   Thumb Code    30  usbd_core.o(i.USBD_SetCfg)
    USBD_StdDevReq                           0x08003e01   Thumb Code   114  usbd_req.o(i.USBD_StdDevReq)
    USBD_StdEPReq                            0x08003e75   Thumb Code   344  usbd_req.o(i.USBD_StdEPReq)
    USBD_StdItfReq                           0x08003fd1   Thumb Code    76  usbd_req.o(i.USBD_StdItfReq)
    USBD_USR_ConfigStrDescriptor             0x0800403d   Thumb Code    34  usbd_desc.o(i.USBD_USR_ConfigStrDescriptor)
    USBD_USR_DeviceDescriptor                0x08004071   Thumb Code    10  usbd_desc.o(i.USBD_USR_DeviceDescriptor)
    USBD_USR_InterfaceStrDescriptor          0x08004081   Thumb Code    34  usbd_desc.o(i.USBD_USR_InterfaceStrDescriptor)
    USBD_USR_LangIDStrDescriptor             0x080040b9   Thumb Code    10  usbd_desc.o(i.USBD_USR_LangIDStrDescriptor)
    USBD_USR_ManufacturerStrDescriptor       0x080040c9   Thumb Code    20  usbd_desc.o(i.USBD_USR_ManufacturerStrDescriptor)
    USBD_USR_ProductStrDescriptor            0x080040f5   Thumb Code    34  usbd_desc.o(i.USBD_USR_ProductStrDescriptor)
    USBD_USR_SerialStrDescriptor             0x08004165   Thumb Code    34  usbd_desc.o(i.USBD_USR_SerialStrDescriptor)
    USB_OTG_BSP_uDelay                       0x080041cd   Thumb Code    30  usb_bsp.o(i.USB_OTG_BSP_uDelay)
    USB_OTG_EP0Activate                      0x080041eb   Thumb Code   106  usb_core.o(i.USB_OTG_EP0Activate)
    USB_OTG_EP0StartXfer                     0x08004255   Thumb Code   342  usb_core.o(i.USB_OTG_EP0StartXfer)
    USB_OTG_EP0_OutStart                     0x080043ab   Thumb Code    98  usb_core.o(i.USB_OTG_EP0_OutStart)
    USB_OTG_EPActivate                       0x0800440d   Thumb Code   176  usb_core.o(i.USB_OTG_EPActivate)
    USB_OTG_EPClearStall                     0x080044bd   Thumb Code    80  usb_core.o(i.USB_OTG_EPClearStall)
    USB_OTG_EPDeactivate                     0x0800450d   Thumb Code   118  usb_core.o(i.USB_OTG_EPDeactivate)
    USB_OTG_EPSetStall                       0x08004583   Thumb Code   100  usb_core.o(i.USB_OTG_EPSetStall)
    USB_OTG_EPStartXfer                      0x080045e7   Thumb Code   502  usb_core.o(i.USB_OTG_EPStartXfer)
    USB_OTG_FlushTxFifo                      0x080047dd   Thumb Code    80  usb_core.o(i.USB_OTG_FlushTxFifo)
    USB_OTG_GetDeviceSpeed                   0x08004831   Thumb Code    52  usb_core.o(i.USB_OTG_GetDeviceSpeed)
    USB_OTG_GetMode                          0x08004865   Thumb Code    12  usb_core.o(i.USB_OTG_GetMode)
    USB_OTG_IsDeviceMode                     0x08004871   Thumb Code    22  usb_core.o(i.USB_OTG_IsDeviceMode)
    USB_OTG_ReadCoreItr                      0x08004887   Thumb Code    16  usb_core.o(i.USB_OTG_ReadCoreItr)
    USB_OTG_ReadDevAllInEPItr                0x08004897   Thumb Code    16  usb_core.o(i.USB_OTG_ReadDevAllInEPItr)
    USB_OTG_ReadDevAllOutEp_itr              0x080048a7   Thumb Code    16  usb_core.o(i.USB_OTG_ReadDevAllOutEp_itr)
    USB_OTG_ReadDevOutEP_itr                 0x080048b7   Thumb Code    20  usb_core.o(i.USB_OTG_ReadDevOutEP_itr)
    USB_OTG_ReadPacket                       0x080048cb   Thumb Code    40  usb_core.o(i.USB_OTG_ReadPacket)
    USB_OTG_UngateClock                      0x080048f3   Thumb Code    54  usb_core.o(i.USB_OTG_UngateClock)
    USB_OTG_WritePacket                      0x08004929   Thumb Code    64  usb_core.o(i.USB_OTG_WritePacket)
    UsageFault_Handler                       0x08004969   Thumb Code     4  stm32f4xx_it.o(i.UsageFault_Handler)
    __0sprintf$1                             0x08004c0d   Thumb Code    34  printf1.o(i.__0sprintf$1)
    __1sprintf$1                             0x08004c0d   Thumb Code     0  printf1.o(i.__0sprintf$1)
    __2sprintf                               0x08004c0d   Thumb Code     0  printf1.o(i.__0sprintf$1)
    __scatterload_copy                       0x08004c35   Thumb Code    14  handlers.o(i.__scatterload_copy)
    __scatterload_null                       0x08004c43   Thumb Code     2  handlers.o(i.__scatterload_null)
    __scatterload_zeroinit                   0x08004c45   Thumb Code    14  handlers.o(i.__scatterload_zeroinit)
    autoip_arp_reply                         0x08004de1   Thumb Code   176  autoip.o(i.autoip_arp_reply)
    autoip_start                             0x08004f23   Thumb Code    96  autoip.o(i.autoip_start)
    dhcp_arp_reply                           0x08004ff9   Thumb Code    46  dhcp.o(i.dhcp_arp_reply)
    dhcp_coarse_tmr                          0x0800515d   Thumb Code    62  dhcp.o(i.dhcp_coarse_tmr)
    dhcp_fine_tmr                            0x08005471   Thumb Code    64  dhcp.o(i.dhcp_fine_tmr)
    dhcp_release                             0x08005a55   Thumb Code   180  dhcp.o(i.dhcp_release)
    dhcp_renew                               0x08005b0d   Thumb Code   148  dhcp.o(i.dhcp_renew)
    dhcp_start                               0x08005cb5   Thumb Code   188  dhcp.o(i.dhcp_start)
    dhcp_stop                                0x08005d79   Thumb Code    60  dhcp.o(i.dhcp_stop)
    etharp_arp_input                         0x08005f21   Thumb Code   340  etharp.o(i.etharp_arp_input)
    etharp_ip_input                          0x08006079   Thumb Code    60  etharp.o(i.etharp_ip_input)
    etharp_output                            0x080060b5   Thumb Code   190  etharp.o(i.etharp_output)
    etharp_query                             0x08006179   Thumb Code   386  etharp.o(i.etharp_query)
    etharp_raw                               0x08006301   Thumb Code   212  etharp.o(i.etharp_raw)
    etharp_request                           0x080063d9   Thumb Code    36  etharp.o(i.etharp_request)
    etharp_tmr                               0x08006449   Thumb Code   154  etharp.o(i.etharp_tmr)
    ethernet_input                           0x080064e9   Thumb Code   108  etharp.o(i.ethernet_input)
    ethernetif_init                          0x08006555   Thumb Code    38  ethernetif.o(i.ethernetif_init)
    ethernetif_input                         0x08006585   Thumb Code    44  ethernetif.o(i.ethernetif_input)
    htonl                                    0x080067c7   Thumb Code    26  inet.o(i.htonl)
    htons                                    0x080067e1   Thumb Code    12  inet.o(i.htons)
    icmp_dest_unreach                        0x080067ed   Thumb Code    18  icmp.o(i.icmp_dest_unreach)
    icmp_input                               0x080067ff   Thumb Code   368  icmp.o(i.icmp_input)
    icmp_time_exceeded                       0x080069db   Thumb Code    18  icmp.o(i.icmp_time_exceeded)
    inet_chksum                              0x080069ed   Thumb Code    20  inet_chksum.o(i.inet_chksum)
    inet_chksum_pbuf                         0x08006a01   Thumb Code    86  inet_chksum.o(i.inet_chksum_pbuf)
    ip_addr_isbroadcast                      0x08006a57   Thumb Code    78  ip_addr.o(i.ip_addr_isbroadcast)
    ip_frag                                  0x08006aa5   Thumb Code   326  ip_frag.o(i.ip_frag)
    ip_input                                 0x08006bf1   Thumb Code   446  ip.o(i.ip_input)
    ip_output                                0x08006dbd   Thumb Code    52  ip.o(i.ip_output)
    ip_output_if                             0x08006df1   Thumb Code   246  ip.o(i.ip_output_if)
    ip_reass                                 0x08006eed   Thumb Code   400  ip_frag.o(i.ip_reass)
    ip_route                                 0x08007371   Thumb Code    70  ip.o(i.ip_route)
    main                                     0x08007571   Thumb Code   248  main.o(i.main)
    mem_free                                 0x0800768d   Thumb Code    68  mem.o(i.mem_free)
    mem_init                                 0x080076dd   Thumb Code    80  mem.o(i.mem_init)
    mem_malloc                               0x08007741   Thumb Code   228  mem.o(i.mem_malloc)
    mem_realloc                              0x08007831   Thumb Code   288  mem.o(i.mem_realloc)
    memp_free                                0x0800795d   Thumb Code    28  memp.o(i.memp_free)
    memp_init                                0x0800797d   Thumb Code    82  memp.o(i.memp_init)
    memp_malloc                              0x080079e1   Thumb Code    40  memp.o(i.memp_malloc)
    netif_add                                0x08007a0d   Thumb Code   100  netif.o(i.netif_add)
    netif_is_up                              0x08007a79   Thumb Code    12  netif.o(i.netif_is_up)
    netif_set_addr                           0x08007a85   Thumb Code    40  netif.o(i.netif_set_addr)
    netif_set_default                        0x08007aad   Thumb Code     6  netif.o(i.netif_set_default)
    netif_set_down                           0x08007ab9   Thumb Code    24  netif.o(i.netif_set_down)
    netif_set_gw                             0x08007ad1   Thumb Code    12  netif.o(i.netif_set_gw)
    netif_set_ipaddr                         0x08007add   Thumb Code   110  netif.o(i.netif_set_ipaddr)
    netif_set_netmask                        0x08007b55   Thumb Code    12  netif.o(i.netif_set_netmask)
    netif_set_up                             0x08007b61   Thumb Code    44  netif.o(i.netif_set_up)
    ntohl                                    0x08007b8d   Thumb Code    12  inet.o(i.ntohl)
    ntohs                                    0x08007b99   Thumb Code    12  inet.o(i.ntohs)
    pbuf_alloc                               0x08007ba5   Thumb Code   414  pbuf.o(i.pbuf_alloc)
    pbuf_cat                                 0x08007d43   Thumb Code    56  pbuf.o(i.pbuf_cat)
    pbuf_chain                               0x08007d7b   Thumb Code    22  pbuf.o(i.pbuf_chain)
    pbuf_clen                                0x08007d91   Thumb Code    18  pbuf.o(i.pbuf_clen)
    pbuf_copy                                0x08007da3   Thumb Code   182  pbuf.o(i.pbuf_copy)
    pbuf_copy_partial                        0x08007e59   Thumb Code   146  pbuf.o(i.pbuf_copy_partial)
    pbuf_free                                0x08007eeb   Thumb Code   110  pbuf.o(i.pbuf_free)
    pbuf_header                              0x08007f59   Thumb Code   126  pbuf.o(i.pbuf_header)
    pbuf_realloc                             0x08007fd7   Thumb Code   120  pbuf.o(i.pbuf_realloc)
    pbuf_ref                                 0x0800804f   Thumb Code    10  pbuf.o(i.pbuf_ref)
    pbuf_take                                0x08008059   Thumb Code   116  pbuf.o(i.pbuf_take)
    raw_input                                0x08008155   Thumb Code   100  raw.o(i.raw_input)
    tcp_abandon                              0x080081bd   Thumb Code   148  tcp.o(i.tcp_abandon)
    tcp_alloc                                0x08008259   Thumb Code   170  tcp.o(i.tcp_alloc)
    tcp_arg                                  0x08008311   Thumb Code     4  tcp.o(i.tcp_arg)
    tcp_close                                0x08008315   Thumb Code   234  tcp.o(i.tcp_close)
    tcp_connect                              0x08008411   Thumb Code   266  tcp.o(i.tcp_connect)
    tcp_echoclient_connect                   0x08008529   Thumb Code    40  tcp_echoclient.o(i.tcp_echoclient_connect)
    tcp_eff_send_mss                         0x08008797   Thumb Code    46  tcp.o(i.tcp_eff_send_mss)
    tcp_enqueue                              0x080087c5   Thumb Code  1014  tcp_out.o(i.tcp_enqueue)
    tcp_fasttmr                              0x08008bbd   Thumb Code   114  tcp.o(i.tcp_fasttmr)
    tcp_input                                0x08008c35   Thumb Code  1120  tcp_in.o(i.tcp_input)
    tcp_keepalive                            0x080090a1   Thumb Code    82  tcp_out.o(i.tcp_keepalive)
    tcp_new                                  0x080092bd   Thumb Code    10  tcp.o(i.tcp_new)
    tcp_next_iss                             0x08009341   Thumb Code    20  tcp.o(i.tcp_next_iss)
    tcp_output                               0x0800935d   Thumb Code   474  tcp_out.o(i.tcp_output)
    tcp_pcb_purge                            0x0800974d   Thumb Code    54  tcp.o(i.tcp_pcb_purge)
    tcp_pcb_remove                           0x08009785   Thumb Code   146  tcp.o(i.tcp_pcb_remove)
    tcp_poll                                 0x0800981d   Thumb Code    10  tcp.o(i.tcp_poll)
    tcp_recv                                 0x0800a3dd   Thumb Code     6  tcp.o(i.tcp_recv)
    tcp_recv_null                            0x0800a3e3   Thumb Code    46  tcp.o(i.tcp_recv_null)
    tcp_recved                               0x0800a411   Thumb Code    70  tcp.o(i.tcp_recved)
    tcp_rexmit                               0x0800a457   Thumb Code    80  tcp_out.o(i.tcp_rexmit)
    tcp_rexmit_fast                          0x0800a4a7   Thumb Code   114  tcp_out.o(i.tcp_rexmit_fast)
    tcp_rexmit_rto                           0x0800a519   Thumb Code    58  tcp_out.o(i.tcp_rexmit_rto)
    tcp_rst                                  0x0800a553   Thumb Code   170  tcp_out.o(i.tcp_rst)
    tcp_seg_free                             0x0800a5fd   Thumb Code    32  tcp.o(i.tcp_seg_free)
    tcp_segs_free                            0x0800a61d   Thumb Code    30  tcp.o(i.tcp_segs_free)
    tcp_send_ctrl                            0x0800a63b   Thumb Code    28  tcp_out.o(i.tcp_send_ctrl)
    tcp_send_empty_ack                       0x0800a657   Thumb Code    94  tcp_out.o(i.tcp_send_empty_ack)
    tcp_sent                                 0x0800a6b5   Thumb Code     6  tcp.o(i.tcp_sent)
    tcp_slowtmr                              0x0800a6bd   Thumb Code   712  tcp.o(i.tcp_slowtmr)
    tcp_tmr                                  0x0800aa51   Thumb Code    30  tcp.o(i.tcp_tmr)
    tcp_update_rcv_ann_wnd                   0x0800aa75   Thumb Code    72  tcp.o(i.tcp_update_rcv_ann_wnd)
    tcp_write                                0x0800aabd   Thumb Code    72  tcp_out.o(i.tcp_write)
    tcp_zero_window_probe                    0x0800ab05   Thumb Code   168  tcp_out.o(i.tcp_zero_window_probe)
    udp_bind                                 0x0800abad   Thumb Code   106  udp.o(i.udp_bind)
    udp_connect                              0x0800ac1d   Thumb Code    94  udp.o(i.udp_connect)
    udp_input                                0x0800ac81   Thumb Code   452  udp.o(i.udp_input)
    udp_new                                  0x0800ae49   Thumb Code    28  udp.o(i.udp_new)
    udp_recv                                 0x0800ae65   Thumb Code     6  udp.o(i.udp_recv)
    udp_remove                               0x0800ae6d   Thumb Code    60  udp.o(i.udp_remove)
    udp_sendto_if                            0x0800aead   Thumb Code   202  udp.o(i.udp_sendto_if)
    AUDIO_SAMPLE                             0x0800b304   Data       109912  audio_sample.o(.constdata)
    GPIO_PIN                                 0x0802605c   Data           8  stm32f4_evb.o(.constdata)
    GPIO_CLK                                 0x08026064   Data          16  stm32f4_evb.o(.constdata)
    BUTTON_PIN                               0x08026074   Data           6  stm32f4_evb.o(.constdata)
    BUTTON_CLK                               0x0802607c   Data          12  stm32f4_evb.o(.constdata)
    BUTTON_EXTI_LINE                         0x08026088   Data           6  stm32f4_evb.o(.constdata)
    BUTTON_PORT_SOURCE                       0x0802608e   Data           6  stm32f4_evb.o(.constdata)
    BUTTON_PIN_SOURCE                        0x08026094   Data           6  stm32f4_evb.o(.constdata)
    BUTTON_IRQn                              0x0802609a   Data           6  stm32f4_evb.o(.constdata)
    COM_USART_CLK                            0x080260a0   Data           4  stm32f4_evb.o(.constdata)
    COM_TX_PORT_CLK                          0x080260a4   Data           4  stm32f4_evb.o(.constdata)
    COM_RX_PORT_CLK                          0x080260a8   Data           4  stm32f4_evb.o(.constdata)
    COM_TX_PIN                               0x080260ac   Data           2  stm32f4_evb.o(.constdata)
    COM_RX_PIN                               0x080260ae   Data           2  stm32f4_evb.o(.constdata)
    COM_TX_PIN_SOURCE                        0x080260b0   Data           2  stm32f4_evb.o(.constdata)
    COM_RX_PIN_SOURCE                        0x080260b2   Data           2  stm32f4_evb.o(.constdata)
    COM_TX_AF                                0x080260b4   Data           2  stm32f4_evb.o(.constdata)
    COM_RX_AF                                0x080260b6   Data           2  stm32f4_evb.o(.constdata)
    ASCII16x24_Table                         0x080260b8   Data        4560  stm324xg_eval_lcd.o(.constdata)
    ASCII12x12_Table                         0x08027288   Data        2304  stm324xg_eval_lcd.o(.constdata)
    ASCII8x12_Table                          0x08027b88   Data        2304  stm324xg_eval_lcd.o(.constdata)
    ASCII8x8_Table                           0x08028488   Data        1536  stm324xg_eval_lcd.o(.constdata)
    tcp_backoff                              0x08028aac   Data          13  tcp.o(.constdata)
    tcp_persist_backoff                      0x08028ab9   Data           7  tcp.o(.constdata)
    ip_addr_any                              0x08028ac0   Data           4  ip_addr.o(.constdata)
    ip_addr_broadcast                        0x08028ac4   Data           4  ip_addr.o(.constdata)
    ethbroadcast                             0x08028ac8   Data           6  etharp.o(.constdata)
    ethzero                                  0x08028ace   Data           6  etharp.o(.constdata)
    Region$$Table$$Base                      0x08028b4c   Number         0  anon$$obj.o(Region$$Table)
    Region$$Table$$Limit                     0x08028b6c   Number         0  anon$$obj.o(Region$$Table)
    LocalTime                                0x20000000   Data           4  main.o(.data)
    uwVolume                                 0x20000004   Data           4  main.o(.data)
    uhNumDataRead                            0x2000000c   Data           2  main.o(.data)
    Read_Gensor_RegValue                     0x2000000e   Data           1  main.o(.data)
    linecoding                               0x20000010   Data           8  usbd_cdc_vcp.o(.data)
    VCP_fops                                 0x20000018   Data          20  usbd_cdc_vcp.o(.data)
    USR_desc                                 0x2000002c   Data          28  usbd_desc.o(.data)
    USBD_DeviceDesc                          0x20000048   Data          18  usbd_desc.o(.data)
    USBD_DeviceQualifierDesc                 0x2000005a   Data          10  usbd_desc.o(.data)
    USBD_LangIDDesc                          0x20000064   Data           4  usbd_desc.o(.data)
    TCPTimer                                 0x20000068   Data           4  netconf.o(.data)
    ARPTimer                                 0x2000006c   Data           4  netconf.o(.data)
    IPaddress                                0x20000070   Data           4  netconf.o(.data)
    DHCPfineTimer                            0x20000074   Data           4  netconf.o(.data)
    DHCPcoarseTimer                          0x20000078   Data           4  netconf.o(.data)
    DHCP_state                               0x2000007c   Data           1  netconf.o(.data)
    EthInitStatus                            0x20000080   Data           4  stm32f4x7_eth_bsp.o(.data)
    EthLinkStatus                            0x20000084   Data           1  stm32f4x7_eth_bsp.o(.data)
    message_count                            0x20000088   Data           4  tcp_echoclient.o(.data)
    echoclient_pcb                           0x2000008c   Data           4  tcp_echoclient.o(.data)
    GPIO_PORT                                0x20000090   Data          16  stm32f4_evb.o(.data)
    BUTTON_PORT                              0x200000a0   Data          12  stm32f4_evb.o(.data)
    COM_USART                                0x200000ac   Data           4  stm32f4_evb.o(.data)
    COM_TX_PORT                              0x200000b0   Data           4  stm32f4_evb.o(.data)
    COM_RX_PORT                              0x200000b4   Data           4  stm32f4_evb.o(.data)
    NVIC_InitStructure                       0x200000b8   Data           4  stm32f4_evb.o(.data)
    AudioTotalSize                           0x200000bc   Data           4  stm32f4_evb_audio_codec.o(.data)
    AudioRemSize                             0x200000c0   Data           4  stm32f4_evb_audio_codec.o(.data)
    CurrentPos                               0x200000c4   Data           4  stm32f4_evb_audio_codec.o(.data)
    cid                                      0x200000c8   Data           4  stm32f4_evb_audio_codec.o(.data)
    revid                                    0x200000cc   Data           4  stm32f4_evb_audio_codec.o(.data)
    CODECTimeout                             0x200000d0   Data           4  stm32f4_evb_audio_codec.o(.data)
    OutputDev                                0x200000d4   Data           1  stm32f4_evb_audio_codec.o(.data)
    Font16x24                                0x200000d8   Data           8  stm324xg_eval_lcd.o(.data)
    Font12x12                                0x200000e0   Data           8  stm324xg_eval_lcd.o(.data)
    Font8x12                                 0x200000e8   Data           8  stm324xg_eval_lcd.o(.data)
    Font8x8                                  0x200000f0   Data           8  stm324xg_eval_lcd.o(.data)
    DMATxDescToSet                           0x20000110   Data           4  stm32f4x7_eth.o(.data)
    DMARxDescToGet                           0x20000114   Data           4  stm32f4x7_eth.o(.data)
    DMA_RX_FRAME_infos                       0x20000118   Data           4  stm32f4x7_eth.o(.data)
    Frame_Rx_index                           0x2000011c   Data           4  stm32f4x7_eth.o(.data)
    SET_TEST_MODE                            0x20000120   Data           4  usbd_core.o(.data)
    USBD_DCD_INT_cb                          0x20000124   Data          44  usbd_core.o(.data)
    USBD_DCD_INT_fops                        0x20000150   Data           4  usbd_core.o(.data)
    USBD_ep_status                           0x20000154   Data           4  usbd_req.o(.data)
    USBD_default_cfg                         0x20000158   Data           4  usbd_req.o(.data)
    USBD_cfg_status                          0x2000015c   Data           4  usbd_req.o(.data)
    CmdBuff                                  0x20000168   Data           8  usbd_cdc_core.o(.data)
    APP_Rx_ptr_in                            0x20000170   Data           4  usbd_cdc_core.o(.data)
    APP_Rx_ptr_out                           0x20000174   Data           4  usbd_cdc_core.o(.data)
    APP_Rx_length                            0x20000178   Data           4  usbd_cdc_core.o(.data)
    USB_Tx_State                             0x2000017c   Data           1  usbd_cdc_core.o(.data)
    USBD_CDC_cb                              0x20000188   Data          48  usbd_cdc_core.o(.data)
    usbd_cdc_CfgDesc                         0x200001b8   Data          67  usbd_cdc_core.o(.data)
    usbd_cdc_OtherCfgDesc                    0x200001fb   Data          67  usbd_cdc_core.o(.data)
    netif_list                               0x20000258   Data           4  netif.o(.data)
    netif_default                            0x2000025c   Data           4  netif.o(.data)
    tcp_state_str                            0x20000268   Data          44  tcp.o(.data)
    tcp_ticks                                0x20000294   Data           4  tcp.o(.data)
    tcp_bound_pcbs                           0x20000298   Data           4  tcp.o(.data)
    tcp_listen_pcbs                          0x2000029c   Data           4  tcp.o(.data)
    tcp_active_pcbs                          0x200002a0   Data           4  tcp.o(.data)
    tcp_tw_pcbs                              0x200002a4   Data           4  tcp.o(.data)
    tcp_tmp_pcb                              0x200002a8   Data           4  tcp.o(.data)
    tcp_input_pcb                            0x200002d0   Data           4  tcp_in.o(.data)
    udp_pcbs                                 0x200002d4   Data           4  udp.o(.data)
    current_netif                            0x200002d8   Data           4  ip.o(.data)
    current_header                           0x200002dc   Data           4  ip.o(.data)
    USB_OTG_dev                              0x200002ec   Data        1524  main.o(.bss)
    testdata                                 0x200008e0   Data          32  main.o(.bss)
    readdata                                 0x20000900   Data          32  main.o(.bss)
    str                                      0x20000920   Data          50  main.o(.bss)
    USART_InitStructure                      0x20000954   Data          16  usbd_cdc_vcp.o(.bss)
    netif                                    0x20000964   Data          56  netconf.o(.bss)
    recev_buf                                0x2000099c   Data          50  tcp_echoclient.o(.bss)
    data                                     0x200009ce   Data         100  tcp_echoclient.o(.bss)
    AUDIO_MAL_DMA_InitStructure              0x20000a70   Data          60  stm32f4_evb_audio_codec.o(.bss)
    DMARxDscrTab                             0x20000aac   Data         160  stm32f4x7_eth.o(.bss)
    DMATxDscrTab                             0x20000b4c   Data         160  stm32f4x7_eth.o(.bss)
    Rx_Buff                                  0x20000bec   Data        7620  stm32f4x7_eth.o(.bss)
    Tx_Buff                                  0x200029b0   Data        7620  stm32f4x7_eth.o(.bss)
    RX_Frame_Descriptor                      0x20004774   Data          12  stm32f4x7_eth.o(.bss)
    USBD_StrDesc                             0x20004780   Data         255  usbd_req.o(.bss)
    USB_Rx_Buffer                            0x2000487f   Data         512  usbd_cdc_core.o(.bss)
    APP_Rx_Buffer                            0x20004a7f   Data        2048  usbd_cdc_core.o(.bss)
    __initial_sp                             0x2000d2e0   Data           0  startup_stm32f40xx.o(STACK)



==============================================================================

Memory Map of the image

  Image Entry point : 0x08000189

  Load Region LR_IROM1 (Base: 0x08000000, Size: 0x00028e58, Max: 0x00100000, ABSOLUTE, COMPRESSED[0x00028ccc])

    Execution Region ER_IROM1 (Base: 0x08000000, Size: 0x00028b6c, Max: 0x00100000, ABSOLUTE)

    Base Addr    Size         Type   Attr      Idx    E Section Name        Object

    0x08000000   0x00000188   Data   RO         6907    RESET               startup_stm32f40xx.o
    0x08000188   0x00000000   Code   RO         9195  * .ARM.Collect$$$$00000000  mc_w.l(entry.o)
    0x08000188   0x00000004   Code   RO         9479    .ARM.Collect$$$$00000001  mc_w.l(entry2.o)
    0x0800018c   0x00000004   Code   RO         9482    .ARM.Collect$$$$00000004  mc_w.l(entry5.o)
    0x08000190   0x00000000   Code   RO         9484    .ARM.Collect$$$$00000008  mc_w.l(entry7b.o)
    0x08000190   0x00000000   Code   RO         9486    .ARM.Collect$$$$0000000A  mc_w.l(entry8b.o)
    0x08000190   0x00000008   Code   RO         9487    .ARM.Collect$$$$0000000B  mc_w.l(entry9a.o)
    0x08000198   0x00000000   Code   RO         9489    .ARM.Collect$$$$0000000D  mc_w.l(entry10a.o)
    0x08000198   0x00000000   Code   RO         9491    .ARM.Collect$$$$0000000F  mc_w.l(entry11a.o)
    0x08000198   0x00000004   Code   RO         9480    .ARM.Collect$$$$00002712  mc_w.l(entry2.o)
    0x0800019c   0x00000024   Code   RO         6908    .text               startup_stm32f40xx.o
    0x080001c0   0x00000024   Code   RO         9200    .text               mc_w.l(memcpya.o)
    0x080001e4   0x00000024   Code   RO         9202    .text               mc_w.l(memseta.o)
    0x08000208   0x0000000e   Code   RO         9204    .text               mc_w.l(strlen.o)
    0x08000216   0x0000001a   Code   RO         9206    .text               mc_w.l(memcmp.o)
    0x08000230   0x0000002c   Code   RO         9494    .text               mc_w.l(uidiv.o)
    0x0800025c   0x00000024   Code   RO         9511    .text               mc_w.l(init.o)
    0x08000280   0x00000056   Code   RO         9523    .text               mc_w.l(__dczerorl2.o)
    0x080002d6   0x00000002   PAD
    0x080002d8   0x00000040   Code   RO         1507    i.Audio_MAL_Play    stm32f4_evb_audio_codec.o
    0x08000318   0x00000004   Code   RO          334    i.BusFault_Handler  stm32f4xx_it.o
    0x0800031c   0x00000004   Code   RO         1519    i.Codec_Play        stm32f4_evb_audio_codec.o
    0x08000320   0x0000004a   Code   RO         7496    i.DCD_EP_Close      usb_dcd.o
    0x0800036a   0x00000048   Code   RO         7497    i.DCD_EP_ClrStall   usb_dcd.o
    0x080003b2   0x00000068   Code   RO         7499    i.DCD_EP_Open       usb_dcd.o
    0x0800041a   0x00000052   Code   RO         7500    i.DCD_EP_PrepareRx  usb_dcd.o
    0x0800046c   0x0000001c   Code   RO         7501    i.DCD_EP_SetAddress  usb_dcd.o
    0x08000488   0x00000048   Code   RO         7502    i.DCD_EP_Stall      usb_dcd.o
    0x080004d0   0x0000004e   Code   RO         7503    i.DCD_EP_Tx         usb_dcd.o
    0x0800051e   0x00000066   Code   RO         7590    i.DCD_HandleEnumDone_ISR  usb_dcd_int.o
    0x08000584   0x00000144   Code   RO         7591    i.DCD_HandleInEP_ISR  usb_dcd_int.o
    0x080006c8   0x00000100   Code   RO         7592    i.DCD_HandleOutEP_ISR  usb_dcd_int.o
    0x080007c8   0x00000068   Code   RO         7593    i.DCD_HandleResume_ISR  usb_dcd_int.o
    0x08000830   0x000000b0   Code   RO         7594    i.DCD_HandleRxStatusQueueLevel_ISR  usb_dcd_int.o
    0x080008e0   0x0000002c   Code   RO         7595    i.DCD_HandleSof_ISR  usb_dcd_int.o
    0x0800090c   0x000000a8   Code   RO         7596    i.DCD_HandleUSBSuspend_ISR  usb_dcd_int.o
    0x080009b4   0x00000110   Code   RO         7597    i.DCD_HandleUsbReset_ISR  usb_dcd_int.o
    0x08000ac4   0x0000002c   Code   RO         7598    i.DCD_IsoINIncomplete_ISR  usb_dcd_int.o
    0x08000af0   0x0000002c   Code   RO         7599    i.DCD_IsoOUTIncomplete_ISR  usb_dcd_int.o
    0x08000b1c   0x0000002c   Code   RO         7600    i.DCD_OTG_ISR       usb_dcd_int.o
    0x08000b48   0x00000028   Code   RO         7601    i.DCD_ReadDevInEP   usb_dcd_int.o
    0x08000b70   0x0000002c   Code   RO         7602    i.DCD_SessionRequest_ISR  usb_dcd_int.o
    0x08000b9c   0x00000090   Code   RO         7603    i.DCD_WriteEmptyTxFifo  usb_dcd_int.o
    0x08000c2c   0x000000c8   Code   RO         1526    i.DMA1_Stream4_IRQHandler  stm32f4_evb_audio_codec.o
    0x08000cf4   0x00000034   Code   RO         2998    i.DMA_ClearFlag     stm32f4xx_dma.o
    0x08000d28   0x00000016   Code   RO         3000    i.DMA_Cmd           stm32f4xx_dma.o
    0x08000d3e   0x00000014   Code   RO         3005    i.DMA_GetCmdStatus  stm32f4xx_dma.o
    0x08000d52   0x00000002   PAD
    0x08000d54   0x00000044   Code   RO         3009    i.DMA_GetFlagStatus  stm32f4xx_dma.o
    0x08000d98   0x00000058   Code   RO         3012    i.DMA_Init          stm32f4xx_dma.o
    0x08000df0   0x00000002   Code   RO          335    i.DebugMon_Handler  stm32f4xx_it.o
    0x08000df2   0x00000002   PAD
    0x08000df4   0x00000018   Code   RO            5    i.Delay             main.o
    0x08000e0c   0x00000078   Code   RO          812    i.ETH_BSP_Config    stm32f4x7_eth_bsp.o
    0x08000e84   0x000000c8   Code   RO         6277    i.ETH_CheckFrameReceived  stm32f4x7_eth.o
    0x08000f4c   0x00000024   Code   RO         6281    i.ETH_DMAReceptionCmd  stm32f4x7_eth.o
    0x08000f70   0x00000064   Code   RO         6282    i.ETH_DMARxDescChainInit  stm32f4x7_eth.o
    0x08000fd4   0x00000024   Code   RO         6284    i.ETH_DMATransmissionCmd  stm32f4x7_eth.o
    0x08000ff8   0x00000050   Code   RO         6287    i.ETH_DMATxDescChainInit  stm32f4x7_eth.o
    0x08001048   0x00000008   Code   RO         6288    i.ETH_DMATxDescChecksumInsertionConfig  stm32f4x7_eth.o
    0x08001050   0x00000016   Code   RO         6293    i.ETH_DeInit        stm32f4x7_eth.o
    0x08001066   0x0000001c   Code   RO         6294    i.ETH_Delay         stm32f4x7_eth.o
    0x08001082   0x00000002   PAD
    0x08001084   0x00000014   Code   RO         6296    i.ETH_FlushTransmitFIFO  stm32f4x7_eth.o
    0x08001098   0x0000015c   Code   RO          813    i.ETH_GPIO_Config   stm32f4x7_eth_bsp.o
    0x080011f4   0x00000018   Code   RO         6322    i.ETH_GetSoftwareResetStatus  stm32f4x7_eth.o
    0x0800120c   0x0000005c   Code   RO         6324    i.ETH_Get_Received_Frame  stm32f4x7_eth.o
    0x08001268   0x00000298   Code   RO         6327    i.ETH_Init          stm32f4x7_eth.o
    0x08001500   0x00000034   Code   RO         6329    i.ETH_MACAddressConfig  stm32f4x7_eth.o
    0x08001534   0x00000080   Code   RO          814    i.ETH_MACDMA_Config  stm32f4x7_eth_bsp.o
    0x080015b4   0x00000024   Code   RO         6334    i.ETH_MACReceptionCmd  stm32f4x7_eth.o
    0x080015d8   0x00000024   Code   RO         6335    i.ETH_MACTransmissionCmd  stm32f4x7_eth.o
    0x080015fc   0x000000e8   Code   RO         6346    i.ETH_Prepare_Transmit_Descriptors  stm32f4x7_eth.o
    0x080016e4   0x0000006c   Code   RO         6347    i.ETH_ReadPHYRegister  stm32f4x7_eth.o
    0x08001750   0x00000014   Code   RO         6355    i.ETH_SoftwareReset  stm32f4x7_eth.o
    0x08001764   0x00000020   Code   RO         6356    i.ETH_Start         stm32f4x7_eth.o
    0x08001784   0x000000b2   Code   RO         6357    i.ETH_StructInit    stm32f4x7_eth.o
    0x08001836   0x00000002   PAD
    0x08001838   0x00000068   Code   RO         6359    i.ETH_WritePHYRegister  stm32f4x7_eth.o
    0x080018a0   0x0000007c   Code   RO         1532    i.EVAL_AUDIO_Play   stm32f4_evb_audio_codec.o
    0x0800191c   0x00000018   Code   RO            8    i.EVAL_AUDIO_TransferComplete_CallBack  main.o
    0x08001934   0x0000003c   Code   RO          336    i.EXTI15_10_IRQHandler  stm32f4xx_it.o
    0x08001970   0x00000010   Code   RO          337    i.EXTI2_IRQHandler  stm32f4xx_it.o
    0x08001980   0x0000000c   Code   RO         3131    i.EXTI_ClearITPendingBit  stm32f4xx_exti.o
    0x0800198c   0x00000018   Code   RO         3135    i.EXTI_GetITStatus  stm32f4xx_exti.o
    0x080019a4   0x00000094   Code   RO         3136    i.EXTI_Init         stm32f4xx_exti.o
    0x08001a38   0x000000d0   Code   RO          816    i.Eth_Link_ITHandler  stm32f4x7_eth_bsp.o
    0x08001b08   0x00000046   Code   RO          817    i.Eth_Link_PHYITConfig  stm32f4x7_eth_bsp.o
    0x08001b4e   0x00000002   PAD
    0x08001b50   0x00000034   Code   RO         3465    i.FSMC_NORSRAMCmd   stm32f4xx_fsmc.o
    0x08001b84   0x000000e6   Code   RO         3467    i.FSMC_NORSRAMInit  stm32f4xx_fsmc.o
    0x08001c6a   0x00000090   Code   RO         3587    i.GPIO_Init         stm32f4xx_gpio.o
    0x08001cfa   0x00000046   Code   RO         3588    i.GPIO_PinAFConfig  stm32f4xx_gpio.o
    0x08001d40   0x000000d4   Code   RO         7186    i.Handle_USBAsynchXfer  usbd_cdc_core.o
    0x08001e14   0x00000004   Code   RO          338    i.HardFault_Handler  stm32f4xx_it.o
    0x08001e18   0x00000018   Code   RO         5224    i.I2S_Cmd           stm32f4xx_spi.o
    0x08001e30   0x00000028   Code   RO         1690    i.LCD_Clear         stm324xg_eval_lcd.o
    0x08001e58   0x00000034   Code   RO         1691    i.LCD_ClearLine     stm324xg_eval_lcd.o
    0x08001e8c   0x00000130   Code   RO         1694    i.LCD_CtrlLinesConfig  stm324xg_eval_lcd.o
    0x08001fbc   0x00000030   Code   RO         1696    i.LCD_DisplayChar   stm324xg_eval_lcd.o
    0x08001fec   0x0000004c   Code   RO         1699    i.LCD_DisplayStringLine  stm324xg_eval_lcd.o
    0x08002038   0x000000ac   Code   RO         1700    i.LCD_DrawChar      stm324xg_eval_lcd.o
    0x080020e4   0x00000062   Code   RO         1708    i.LCD_FSMCConfig    stm324xg_eval_lcd.o
    0x08002146   0x00000002   PAD
    0x08002148   0x0000000c   Code   RO         1711    i.LCD_GetFont       stm324xg_eval_lcd.o
    0x08002154   0x0000000c   Code   RO         1717    i.LCD_ReadReg       stm324xg_eval_lcd.o
    0x08002160   0x00000010   Code   RO         1718    i.LCD_SetBackColor  stm324xg_eval_lcd.o
    0x08002170   0x00000018   Code   RO         1720    i.LCD_SetCursor     stm324xg_eval_lcd.o
    0x08002188   0x0000000c   Code   RO         1722    i.LCD_SetFont       stm324xg_eval_lcd.o
    0x08002194   0x00000010   Code   RO         1723    i.LCD_SetTextColor  stm324xg_eval_lcd.o
    0x080021a4   0x00000008   Code   RO         1726    i.LCD_WriteRAM      stm324xg_eval_lcd.o
    0x080021ac   0x0000000a   Code   RO         1727    i.LCD_WriteRAM_Prepare  stm324xg_eval_lcd.o
    0x080021b6   0x0000000a   Code   RO         1728    i.LCD_WriteReg      stm324xg_eval_lcd.o
    0x080021c0   0x00000304   Code   RO          738    i.LwIP_DHCP_Process_Handle  netconf.o
    0x080024c4   0x00000048   Code   RO          739    i.LwIP_Init         netconf.o
    0x0800250c   0x00000094   Code   RO          740    i.LwIP_Periodic_Handle  netconf.o
    0x080025a0   0x00000010   Code   RO          741    i.LwIP_Pkt_Handle   netconf.o
    0x080025b0   0x00000004   Code   RO          339    i.MemManage_Handler  stm32f4xx_it.o
    0x080025b4   0x00000002   Code   RO          340    i.NMI_Handler       stm32f4xx_it.o
    0x080025b6   0x00000002   PAD
    0x080025b8   0x00000078   Code   RO         1967    i.NVIC_Init         misc.o
    0x08002630   0x00000010   Code   RO          341    i.OTG_HS_EP1_IN_IRQHandler  stm32f4xx_it.o
    0x08002640   0x00000010   Code   RO          342    i.OTG_HS_EP1_OUT_IRQHandler  stm32f4xx_it.o
    0x08002650   0x00000010   Code   RO          343    i.OTG_HS_IRQHandler  stm32f4xx_it.o
    0x08002660   0x00000030   Code   RO          344    i.OTG_HS_WKUP_IRQHandler  stm32f4xx_it.o
    0x08002690   0x00000002   Code   RO          345    i.PendSV_Handler    stm32f4xx_it.o
    0x08002692   0x00000002   PAD
    0x08002694   0x00000020   Code   RO         4270    i.RCC_AHB1PeriphClockCmd  stm32f4xx_rcc.o
    0x080026b4   0x00000020   Code   RO         4272    i.RCC_AHB1PeriphResetCmd  stm32f4xx_rcc.o
    0x080026d4   0x00000020   Code   RO         4273    i.RCC_AHB2PeriphClockCmd  stm32f4xx_rcc.o
    0x080026f4   0x00000020   Code   RO         4276    i.RCC_AHB3PeriphClockCmd  stm32f4xx_rcc.o
    0x08002714   0x00000020   Code   RO         4282    i.RCC_APB2PeriphClockCmd  stm32f4xx_rcc.o
    0x08002734   0x000000e8   Code   RO         4291    i.RCC_GetClocksFreq  stm32f4xx_rcc.o
    0x0800281c   0x0000001c   Code   RO         4303    i.RCC_MCO1Config    stm32f4xx_rcc.o
    0x08002838   0x00000024   Code   RO         4604    i.RNG_Cmd           stm32f4xx_rng.o
    0x0800285c   0x00000420   Code   RO         1730    i.STM324xG_LCD_Init  stm324xg_eval_lcd.o
    0x08002c7c   0x00000110   Code   RO          938    i.STM_EVAL_COMInit  stm32f4_evb.o
    0x08002d8c   0x0000004c   Code   RO          939    i.STM_EVAL_LEDInit  stm32f4_evb.o
    0x08002dd8   0x00000018   Code   RO          941    i.STM_EVAL_LEDOn    stm32f4_evb.o
    0x08002df0   0x00000024   Code   RO          942    i.STM_EVAL_LEDToggle  stm32f4_evb.o
    0x08002e14   0x000000b8   Code   RO          944    i.STM_EVAL_PBInit   stm32f4_evb.o
    0x08002ecc   0x00000002   Code   RO          346    i.SVC_Handler       stm32f4xx_it.o
    0x08002ece   0x00000002   PAD
    0x08002ed0   0x0000000c   Code   RO         5394    i.SYSCFG_ETH_MediaInterfaceConfig  stm32f4xx_syscfg.o
    0x08002edc   0x00000040   Code   RO         5395    i.SYSCFG_EXTILineConfig  stm32f4xx_syscfg.o
    0x08002f1c   0x00000124   Code   RO         6801    i.SetSysClock       system_stm32f4xx.o
    0x08003040   0x0000000c   Code   RO          347    i.SysTick_Handler   stm32f4xx_it.o
    0x0800304c   0x00000068   Code   RO         6803    i.SystemInit        system_stm32f4xx.o
    0x080030b4   0x00000010   Code   RO            9    i.Time_Update       main.o
    0x080030c4   0x00000018   Code   RO           10    i.TimingDelay_Decrement  main.o
    0x080030dc   0x0000001c   Code   RO          348    i.USART1_IRQHandler  stm32f4xx_it.o
    0x080030f8   0x0000002c   Code   RO          539    i.USART3_IRQHandler  usbd_cdc_vcp.o
    0x08003124   0x00000018   Code   RO         6022    i.USART_Cmd         stm32f4xx_usart.o
    0x0800313c   0x0000001a   Code   RO         6025    i.USART_GetFlagStatus  stm32f4xx_usart.o
    0x08003156   0x00000054   Code   RO         6026    i.USART_GetITStatus  stm32f4xx_usart.o
    0x080031aa   0x0000004a   Code   RO         6028    i.USART_ITConfig    stm32f4xx_usart.o
    0x080031f4   0x000000d4   Code   RO         6029    i.USART_Init        stm32f4xx_usart.o
    0x080032c8   0x0000000a   Code   RO         6036    i.USART_ReceiveData  stm32f4xx_usart.o
    0x080032d2   0x00000008   Code   RO         6039    i.USART_SendData    stm32f4xx_usart.o
    0x080032da   0x00000016   Code   RO         6915    i.USBD_ClrCfg       usbd_core.o
    0x080032f0   0x00000048   Code   RO         7083    i.USBD_ClrFeature   usbd_req.o
    0x08003338   0x0000001e   Code   RO         7023    i.USBD_CtlContinueRx  usbd_ioreq.o
    0x08003356   0x0000001e   Code   RO         7024    i.USBD_CtlContinueSendData  usbd_ioreq.o
    0x08003374   0x0000001e   Code   RO         7084    i.USBD_CtlError     usbd_req.o
    0x08003392   0x0000002e   Code   RO         7025    i.USBD_CtlPrepareRx  usbd_ioreq.o
    0x080033c0   0x00000024   Code   RO         7026    i.USBD_CtlReceiveStatus  usbd_ioreq.o
    0x080033e4   0x0000002e   Code   RO         7027    i.USBD_CtlSendData  usbd_ioreq.o
    0x08003412   0x00000024   Code   RO         7028    i.USBD_CtlSendStatus  usbd_ioreq.o
    0x08003436   0x000000d0   Code   RO         6916    i.USBD_DataInStage  usbd_core.o
    0x08003506   0x00000096   Code   RO         6917    i.USBD_DataOutStage  usbd_core.o
    0x0800359c   0x00000018   Code   RO         6919    i.USBD_DevConnected  usbd_core.o
    0x080035b4   0x00000024   Code   RO         6920    i.USBD_DevDisconnected  usbd_core.o
    0x080035d8   0x00000054   Code   RO         7085    i.USBD_GetConfig    usbd_req.o
    0x0800362c   0x00000184   Code   RO         7086    i.USBD_GetDescriptor  usbd_req.o
    0x080037b0   0x00000014   Code   RO         7087    i.USBD_GetLen       usbd_req.o
    0x080037c4   0x00000050   Code   RO         7088    i.USBD_GetStatus    usbd_req.o
    0x08003814   0x00000052   Code   RO         7089    i.USBD_GetString    usbd_req.o
    0x08003866   0x00000012   Code   RO         6922    i.USBD_IsoINIncomplete  usbd_core.o
    0x08003878   0x00000012   Code   RO         6923    i.USBD_IsoOUTIncomplete  usbd_core.o
    0x0800388a   0x00000002   PAD
    0x0800388c   0x000000ec   Code   RO         7604    i.USBD_OTG_EP1IN_ISR_Handler  usb_dcd_int.o
    0x08003978   0x00000080   Code   RO         7605    i.USBD_OTG_EP1OUT_ISR_Handler  usb_dcd_int.o
    0x080039f8   0x00000100   Code   RO         7606    i.USBD_OTG_ISR_Handler  usb_dcd_int.o
    0x08003af8   0x00000048   Code   RO         7090    i.USBD_ParseSetupRequest  usbd_req.o
    0x08003b40   0x00000032   Code   RO         6924    i.USBD_Reset        usbd_core.o
    0x08003b72   0x0000001e   Code   RO         6925    i.USBD_Resume       usbd_core.o
    0x08003b90   0x00000014   Code   RO         6926    i.USBD_RunTestMode  usbd_core.o
    0x08003ba4   0x0000001a   Code   RO         6927    i.USBD_SOF          usbd_core.o
    0x08003bbe   0x0000005c   Code   RO         7091    i.USBD_SetAddress   usbd_req.o
    0x08003c1a   0x0000001e   Code   RO         6928    i.USBD_SetCfg       usbd_core.o
    0x08003c38   0x000000d0   Code   RO         7092    i.USBD_SetConfig    usbd_req.o
    0x08003d08   0x000000a4   Code   RO         7093    i.USBD_SetFeature   usbd_req.o
    0x08003dac   0x00000054   Code   RO         6929    i.USBD_SetupStage   usbd_core.o
    0x08003e00   0x00000072   Code   RO         7094    i.USBD_StdDevReq    usbd_req.o
    0x08003e72   0x00000002   PAD
    0x08003e74   0x0000015c   Code   RO         7095    i.USBD_StdEPReq     usbd_req.o
    0x08003fd0   0x0000004c   Code   RO         7096    i.USBD_StdItfReq    usbd_req.o
    0x0800401c   0x00000020   Code   RO         6930    i.USBD_Suspend      usbd_core.o
    0x0800403c   0x00000034   Code   RO          601    i.USBD_USR_ConfigStrDescriptor  usbd_desc.o
    0x08004070   0x00000010   Code   RO          602    i.USBD_USR_DeviceDescriptor  usbd_desc.o
    0x08004080   0x00000038   Code   RO          603    i.USBD_USR_InterfaceStrDescriptor  usbd_desc.o
    0x080040b8   0x00000010   Code   RO          604    i.USBD_USR_LangIDStrDescriptor  usbd_desc.o
    0x080040c8   0x0000002c   Code   RO          605    i.USBD_USR_ManufacturerStrDescriptor  usbd_desc.o
    0x080040f4   0x00000070   Code   RO          606    i.USBD_USR_ProductStrDescriptor  usbd_desc.o
    0x08004164   0x00000048   Code   RO          607    i.USBD_USR_SerialStrDescriptor  usbd_desc.o
    0x080041ac   0x00000010   Code   RO         7187    i.USBD_cdc_GetCfgDesc  usbd_cdc_core.o
    0x080041bc   0x00000010   Code   RO         7188    i.USBD_cdc_GetOtherCfgDesc  usbd_cdc_core.o
    0x080041cc   0x0000001e   Code   RO          497    i.USB_OTG_BSP_uDelay  usb_bsp.o
    0x080041ea   0x0000006a   Code   RO         7267    i.USB_OTG_EP0Activate  usb_core.o
    0x08004254   0x00000156   Code   RO         7268    i.USB_OTG_EP0StartXfer  usb_core.o
    0x080043aa   0x00000062   Code   RO         7269    i.USB_OTG_EP0_OutStart  usb_core.o
    0x0800440c   0x000000b0   Code   RO         7270    i.USB_OTG_EPActivate  usb_core.o
    0x080044bc   0x00000050   Code   RO         7271    i.USB_OTG_EPClearStall  usb_core.o
    0x0800450c   0x00000076   Code   RO         7272    i.USB_OTG_EPDeactivate  usb_core.o
    0x08004582   0x00000064   Code   RO         7273    i.USB_OTG_EPSetStall  usb_core.o
    0x080045e6   0x000001f6   Code   RO         7274    i.USB_OTG_EPStartXfer  usb_core.o
    0x080047dc   0x00000054   Code   RO         7279    i.USB_OTG_FlushTxFifo  usb_core.o
    0x08004830   0x00000034   Code   RO         7280    i.USB_OTG_GetDeviceSpeed  usb_core.o
    0x08004864   0x0000000c   Code   RO         7282    i.USB_OTG_GetMode   usb_core.o
    0x08004870   0x00000016   Code   RO         7284    i.USB_OTG_IsDeviceMode  usb_core.o
    0x08004886   0x00000010   Code   RO         7286    i.USB_OTG_ReadCoreItr  usb_core.o
    0x08004896   0x00000010   Code   RO         7287    i.USB_OTG_ReadDevAllInEPItr  usb_core.o
    0x080048a6   0x00000010   Code   RO         7288    i.USB_OTG_ReadDevAllOutEp_itr  usb_core.o
    0x080048b6   0x00000014   Code   RO         7289    i.USB_OTG_ReadDevOutEP_itr  usb_core.o
    0x080048ca   0x00000028   Code   RO         7291    i.USB_OTG_ReadPacket  usb_core.o
    0x080048f2   0x00000036   Code   RO         7296    i.USB_OTG_UngateClock  usb_core.o
    0x08004928   0x00000040   Code   RO         7297    i.USB_OTG_WritePacket  usb_core.o
    0x08004968   0x00000004   Code   RO          349    i.UsageFault_Handler  stm32f4xx_it.o
    0x0800496c   0x00000108   Code   RO          540    i.VCP_COMConfig     usbd_cdc_vcp.o
    0x08004a74   0x000000a8   Code   RO          541    i.VCP_Ctrl          usbd_cdc_vcp.o
    0x08004b1c   0x00000030   Code   RO          542    i.VCP_DataRx        usbd_cdc_vcp.o
    0x08004b4c   0x00000064   Code   RO          543    i.VCP_DataTx        usbd_cdc_vcp.o
    0x08004bb0   0x00000004   Code   RO          544    i.VCP_DeInit        usbd_cdc_vcp.o
    0x08004bb4   0x00000058   Code   RO          545    i.VCP_Init          usbd_cdc_vcp.o
    0x08004c0c   0x00000028   Code   RO         9257    i.__0sprintf$1      mc_w.l(printf1.o)
    0x08004c34   0x0000000e   Code   RO         9517    i.__scatterload_copy  mc_w.l(handlers.o)
    0x08004c42   0x00000002   Code   RO         9518    i.__scatterload_null  mc_w.l(handlers.o)
    0x08004c44   0x0000000e   Code   RO         9519    i.__scatterload_zeroinit  mc_w.l(handlers.o)
    0x08004c52   0x00000002   PAD
    0x08004c54   0x00000154   Code   RO         9262    i._printf_core      mc_w.l(printf1.o)
    0x08004da8   0x0000000a   Code   RO         9264    i._sputc            mc_w.l(printf1.o)
    0x08004db2   0x00000002   PAD
    0x08004db4   0x0000002c   Code   RO         8738    i.autoip_arp_announce  autoip.o
    0x08004de0   0x000000b0   Code   RO         8740    i.autoip_arp_reply  autoip.o
    0x08004e90   0x00000064   Code   RO         8742    i.autoip_create_addr  autoip.o
    0x08004ef4   0x0000002e   Code   RO         8743    i.autoip_handle_arp_conflict  autoip.o
    0x08004f22   0x00000060   Code   RO         8746    i.autoip_start      autoip.o
    0x08004f82   0x00000050   Code   RO         8747    i.autoip_start_probing  autoip.o
    0x08004fd2   0x00000002   PAD
    0x08004fd4   0x00000024   Code   RO         1731    i.delay             stm324xg_eval_lcd.o
    0x08004ff8   0x0000002e   Code   RO         7748    i.dhcp_arp_reply    dhcp.o
    0x08005026   0x00000002   PAD
    0x08005028   0x000000fc   Code   RO         7749    i.dhcp_bind         dhcp.o
    0x08005124   0x00000038   Code   RO         7750    i.dhcp_check        dhcp.o
    0x0800515c   0x00000044   Code   RO         7751    i.dhcp_coarse_tmr   dhcp.o
    0x080051a0   0x0000012c   Code   RO         7752    i.dhcp_create_request  dhcp.o
    0x080052cc   0x00000090   Code   RO         7753    i.dhcp_decline      dhcp.o
    0x0800535c   0x00000032   Code   RO         7754    i.dhcp_delete_request  dhcp.o
    0x0800538e   0x00000002   PAD
    0x08005390   0x000000e0   Code   RO         7755    i.dhcp_discover     dhcp.o
    0x08005470   0x00000044   Code   RO         7756    i.dhcp_fine_tmr     dhcp.o
    0x080054b4   0x00000024   Code   RO         7757    i.dhcp_free_reply   dhcp.o
    0x080054d8   0x00000006   Code   RO         7758    i.dhcp_get_option_byte  dhcp.o
    0x080054de   0x00000020   Code   RO         7759    i.dhcp_get_option_long  dhcp.o
    0x080054fe   0x000000a2   Code   RO         7760    i.dhcp_get_option_ptr  dhcp.o
    0x080055a0   0x00000106   Code   RO         7761    i.dhcp_handle_ack   dhcp.o
    0x080056a6   0x00000002   PAD
    0x080056a8   0x00000038   Code   RO         7762    i.dhcp_handle_nak   dhcp.o
    0x080056e0   0x0000003c   Code   RO         7763    i.dhcp_handle_offer  dhcp.o
    0x0800571c   0x00000020   Code   RO         7766    i.dhcp_option       dhcp.o
    0x0800573c   0x00000012   Code   RO         7767    i.dhcp_option_byte  dhcp.o
    0x0800574e   0x00000042   Code   RO         7768    i.dhcp_option_long  dhcp.o
    0x08005790   0x00000022   Code   RO         7769    i.dhcp_option_short  dhcp.o
    0x080057b2   0x00000046   Code   RO         7770    i.dhcp_option_trailer  dhcp.o
    0x080057f8   0x00000098   Code   RO         7771    i.dhcp_rebind       dhcp.o
    0x08005890   0x000000b8   Code   RO         7772    i.dhcp_reboot       dhcp.o
    0x08005948   0x0000010a   Code   RO         7773    i.dhcp_recv         dhcp.o
    0x08005a52   0x00000002   PAD
    0x08005a54   0x000000b8   Code   RO         7774    i.dhcp_release      dhcp.o
    0x08005b0c   0x00000094   Code   RO         7775    i.dhcp_renew        dhcp.o
    0x08005ba0   0x00000104   Code   RO         7776    i.dhcp_select       dhcp.o
    0x08005ca4   0x0000000e   Code   RO         7777    i.dhcp_set_state    dhcp.o
    0x08005cb2   0x00000002   PAD
    0x08005cb4   0x000000c4   Code   RO         7778    i.dhcp_start        dhcp.o
    0x08005d78   0x0000003c   Code   RO         7779    i.dhcp_stop         dhcp.o
    0x08005db4   0x00000020   Code   RO         7780    i.dhcp_t1_timeout   dhcp.o
    0x08005dd4   0x00000020   Code   RO         7781    i.dhcp_t2_timeout   dhcp.o
    0x08005df4   0x000000a4   Code   RO         7782    i.dhcp_timeout      dhcp.o
    0x08005e98   0x00000086   Code   RO         7783    i.dhcp_unfold_reply  dhcp.o
    0x08005f1e   0x00000002   PAD
    0x08005f20   0x00000158   Code   RO         9046    i.etharp_arp_input  etharp.o
    0x08006078   0x0000003c   Code   RO         9048    i.etharp_ip_input   etharp.o
    0x080060b4   0x000000c4   Code   RO         9049    i.etharp_output     etharp.o
    0x08006178   0x00000188   Code   RO         9050    i.etharp_query      etharp.o
    0x08006300   0x000000d8   Code   RO         9051    i.etharp_raw        etharp.o
    0x080063d8   0x0000002c   Code   RO         9052    i.etharp_request    etharp.o
    0x08006404   0x00000042   Code   RO         9053    i.etharp_send_ip    etharp.o
    0x08006446   0x00000002   PAD
    0x08006448   0x000000a0   Code   RO         9054    i.etharp_tmr        etharp.o
    0x080064e8   0x0000006c   Code   RO         9055    i.ethernet_input    etharp.o
    0x08006554   0x00000030   Code   RO         9152    i.ethernetif_init   ethernetif.o
    0x08006584   0x0000002c   Code   RO         9153    i.ethernetif_input  ethernetif.o
    0x080065b0   0x000001ec   Code   RO         9056    i.find_entry        etharp.o
    0x0800679c   0x0000002a   Code   RO         9057    i.free_etharp_q     etharp.o
    0x080067c6   0x0000001a   Code   RO         8848    i.htonl             inet.o
    0x080067e0   0x0000000c   Code   RO         8849    i.htons             inet.o
    0x080067ec   0x00000012   Code   RO         8813    i.icmp_dest_unreach  icmp.o
    0x080067fe   0x00000170   Code   RO         8814    i.icmp_input        icmp.o
    0x0800696e   0x0000006c   Code   RO         8815    i.icmp_send_response  icmp.o
    0x080069da   0x00000012   Code   RO         8816    i.icmp_time_exceeded  icmp.o
    0x080069ec   0x00000014   Code   RO         8897    i.inet_chksum       inet_chksum.o
    0x08006a00   0x00000056   Code   RO         8898    i.inet_chksum_pbuf  inet_chksum.o
    0x08006a56   0x0000004e   Code   RO         8972    i.ip_addr_isbroadcast  ip_addr.o
    0x08006aa4   0x0000014c   Code   RO         8994    i.ip_frag           ip_frag.o
    0x08006bf0   0x000001cc   Code   RO         8933    i.ip_input          ip.o
    0x08006dbc   0x00000034   Code   RO         8934    i.ip_output         ip.o
    0x08006df0   0x000000fc   Code   RO         8935    i.ip_output_if      ip.o
    0x08006eec   0x00000198   Code   RO         8995    i.ip_reass          ip_frag.o
    0x08007084   0x00000168   Code   RO         8996    i.ip_reass_chain_frag_into_datagram_and_validate  ip_frag.o
    0x080071ec   0x0000002c   Code   RO         8997    i.ip_reass_dequeue_datagram  ip_frag.o
    0x08007218   0x00000054   Code   RO         8998    i.ip_reass_enqueue_new_datagram  ip_frag.o
    0x0800726c   0x00000088   Code   RO         8999    i.ip_reass_free_complete_datagram  ip_frag.o
    0x080072f4   0x0000007c   Code   RO         9000    i.ip_reass_remove_oldest_datagram  ip_frag.o
    0x08007370   0x00000050   Code   RO         8936    i.ip_route          ip.o
    0x080073c0   0x00000080   Code   RO         9154    i.low_level_init    ethernetif.o
    0x08007440   0x000000ac   Code   RO         9155    i.low_level_input   ethernetif.o
    0x080074ec   0x00000038   Code   RO         9156    i.low_level_output  ethernetif.o
    0x08007524   0x0000004a   Code   RO         8900    i.lwip_standard_chksum  inet_chksum.o
    0x0800756e   0x00000002   PAD
    0x08007570   0x0000011c   Code   RO           11    i.main              main.o
    0x0800768c   0x00000050   Code   RO         8006    i.mem_free          mem.o
    0x080076dc   0x00000064   Code   RO         8007    i.mem_init          mem.o
    0x08007740   0x000000f0   Code   RO         8008    i.mem_malloc        mem.o
    0x08007830   0x0000012c   Code   RO         8009    i.mem_realloc       mem.o
    0x0800795c   0x00000020   Code   RO         8049    i.memp_free         memp.o
    0x0800797c   0x00000064   Code   RO         8050    i.memp_init         memp.o
    0x080079e0   0x0000002c   Code   RO         8051    i.memp_malloc       memp.o
    0x08007a0c   0x0000006c   Code   RO         8091    i.netif_add         netif.o
    0x08007a78   0x0000000c   Code   RO         8093    i.netif_is_up       netif.o
    0x08007a84   0x00000028   Code   RO         8095    i.netif_set_addr    netif.o
    0x08007aac   0x0000000c   Code   RO         8096    i.netif_set_default  netif.o
    0x08007ab8   0x00000018   Code   RO         8097    i.netif_set_down    netif.o
    0x08007ad0   0x0000000c   Code   RO         8098    i.netif_set_gw      netif.o
    0x08007adc   0x00000078   Code   RO         8099    i.netif_set_ipaddr  netif.o
    0x08007b54   0x0000000c   Code   RO         8100    i.netif_set_netmask  netif.o
    0x08007b60   0x0000002c   Code   RO         8101    i.netif_set_up      netif.o
    0x08007b8c   0x0000000c   Code   RO         8853    i.ntohl             inet.o
    0x08007b98   0x0000000c   Code   RO         8854    i.ntohs             inet.o
    0x08007ba4   0x0000019e   Code   RO         8173    i.pbuf_alloc        pbuf.o
    0x08007d42   0x00000038   Code   RO         8174    i.pbuf_cat          pbuf.o
    0x08007d7a   0x00000016   Code   RO         8175    i.pbuf_chain        pbuf.o
    0x08007d90   0x00000012   Code   RO         8176    i.pbuf_clen         pbuf.o
    0x08007da2   0x000000b6   Code   RO         8178    i.pbuf_copy         pbuf.o
    0x08007e58   0x00000092   Code   RO         8179    i.pbuf_copy_partial  pbuf.o
    0x08007eea   0x0000006e   Code   RO         8181    i.pbuf_free         pbuf.o
    0x08007f58   0x0000007e   Code   RO         8182    i.pbuf_header       pbuf.o
    0x08007fd6   0x00000078   Code   RO         8183    i.pbuf_realloc      pbuf.o
    0x0800804e   0x0000000a   Code   RO         8184    i.pbuf_ref          pbuf.o
    0x08008058   0x00000074   Code   RO         8185    i.pbuf_take         pbuf.o
    0x080080cc   0x00000088   Code   RO         8010    i.plug_holes        mem.o
    0x08008154   0x00000068   Code   RO         8262    i.raw_input         raw.o
    0x080081bc   0x0000009c   Code   RO         8328    i.tcp_abandon       tcp.o
    0x08008258   0x000000b8   Code   RO         8331    i.tcp_alloc         tcp.o
    0x08008310   0x00000004   Code   RO         8332    i.tcp_arg           tcp.o
    0x08008314   0x000000fc   Code   RO         8334    i.tcp_close         tcp.o
    0x08008410   0x00000118   Code   RO         8335    i.tcp_connect       tcp.o
    0x08008528   0x00000034   Code   RO          867    i.tcp_echoclient_connect  tcp_echoclient.o
    0x0800855c   0x000000d8   Code   RO          868    i.tcp_echoclient_connected  tcp_echoclient.o
    0x08008634   0x00000030   Code   RO          869    i.tcp_echoclient_connection_close  tcp_echoclient.o
    0x08008664   0x0000003e   Code   RO          870    i.tcp_echoclient_poll  tcp_echoclient.o
    0x080086a2   0x00000002   PAD
    0x080086a4   0x00000084   Code   RO          871    i.tcp_echoclient_recv  tcp_echoclient.o
    0x08008728   0x00000050   Code   RO          872    i.tcp_echoclient_send  tcp_echoclient.o
    0x08008778   0x0000001e   Code   RO          873    i.tcp_echoclient_sent  tcp_echoclient.o
    0x08008796   0x0000002e   Code   RO         8337    i.tcp_eff_send_mss  tcp.o
    0x080087c4   0x000003f6   Code   RO         8573    i.tcp_enqueue       tcp_out.o
    0x08008bba   0x00000002   PAD
    0x08008bbc   0x00000078   Code   RO         8339    i.tcp_fasttmr       tcp.o
    0x08008c34   0x0000046c   Code   RO         8525    i.tcp_input         tcp_in.o
    0x080090a0   0x00000052   Code   RO         8574    i.tcp_keepalive     tcp_out.o
    0x080090f2   0x00000002   PAD
    0x080090f4   0x00000058   Code   RO         8340    i.tcp_kill_prio     tcp.o
    0x0800914c   0x0000003c   Code   RO         8341    i.tcp_kill_timewait  tcp.o
    0x08009188   0x00000134   Code   RO         8526    i.tcp_listen_input  tcp_in.o
    0x080092bc   0x0000000a   Code   RO         8343    i.tcp_new           tcp.o
    0x080092c6   0x00000002   PAD
    0x080092c8   0x00000078   Code   RO         8344    i.tcp_new_port      tcp.o
    0x08009340   0x0000001c   Code   RO         8345    i.tcp_next_iss      tcp.o
    0x0800935c   0x000001e0   Code   RO         8575    i.tcp_output        tcp_out.o
    0x0800953c   0x000000cc   Code   RO         8576    i.tcp_output_segment  tcp_out.o
    0x08009608   0x0000008a   Code   RO         8577    i.tcp_output_set_header  tcp_out.o
    0x08009692   0x00000002   PAD
    0x08009694   0x000000b8   Code   RO         8527    i.tcp_parseopt      tcp_in.o
    0x0800974c   0x00000036   Code   RO         8346    i.tcp_pcb_purge     tcp.o
    0x08009782   0x00000002   PAD
    0x08009784   0x00000098   Code   RO         8347    i.tcp_pcb_remove    tcp.o
    0x0800981c   0x0000000a   Code   RO         8348    i.tcp_poll          tcp.o
    0x08009826   0x00000002   PAD
    0x08009828   0x00000584   Code   RO         8528    i.tcp_process       tcp_in.o
    0x08009dac   0x00000630   Code   RO         8529    i.tcp_receive       tcp_in.o
    0x0800a3dc   0x00000006   Code   RO         8349    i.tcp_recv          tcp.o
    0x0800a3e2   0x0000002e   Code   RO         8350    i.tcp_recv_null     tcp.o
    0x0800a410   0x00000046   Code   RO         8351    i.tcp_recved        tcp.o
    0x0800a456   0x00000050   Code   RO         8578    i.tcp_rexmit        tcp_out.o
    0x0800a4a6   0x00000072   Code   RO         8579    i.tcp_rexmit_fast   tcp_out.o
    0x0800a518   0x0000003a   Code   RO         8580    i.tcp_rexmit_rto    tcp_out.o
    0x0800a552   0x000000aa   Code   RO         8581    i.tcp_rst           tcp_out.o
    0x0800a5fc   0x00000020   Code   RO         8352    i.tcp_seg_free      tcp.o
    0x0800a61c   0x0000001e   Code   RO         8353    i.tcp_segs_free     tcp.o
    0x0800a63a   0x0000001c   Code   RO         8582    i.tcp_send_ctrl     tcp_out.o
    0x0800a656   0x0000005e   Code   RO         8583    i.tcp_send_empty_ack  tcp_out.o
    0x0800a6b4   0x00000006   Code   RO         8354    i.tcp_sent          tcp.o
    0x0800a6ba   0x00000002   PAD
    0x0800a6bc   0x000002e0   Code   RO         8356    i.tcp_slowtmr       tcp.o
    0x0800a99c   0x000000b4   Code   RO         8530    i.tcp_timewait_input  tcp_in.o
    0x0800aa50   0x00000024   Code   RO         8357    i.tcp_tmr           tcp.o
    0x0800aa74   0x00000048   Code   RO         8358    i.tcp_update_rcv_ann_wnd  tcp.o
    0x0800aabc   0x00000048   Code   RO         8584    i.tcp_write         tcp_out.o
    0x0800ab04   0x000000a8   Code   RO         8585    i.tcp_zero_window_probe  tcp_out.o
    0x0800abac   0x00000070   Code   RO         8655    i.udp_bind          udp.o
    0x0800ac1c   0x00000064   Code   RO         8656    i.udp_connect       udp.o
    0x0800ac80   0x000001c8   Code   RO         8658    i.udp_input         udp.o
    0x0800ae48   0x0000001c   Code   RO         8659    i.udp_new           udp.o
    0x0800ae64   0x00000006   Code   RO         8660    i.udp_recv          udp.o
    0x0800ae6a   0x00000002   PAD
    0x0800ae6c   0x00000040   Code   RO         8661    i.udp_remove        udp.o
    0x0800aeac   0x000000ca   Code   RO         8664    i.udp_sendto_if     udp.o
    0x0800af76   0x00000002   PAD
    0x0800af78   0x000000ec   Code   RO         9058    i.update_arp_entry  etharp.o
    0x0800b064   0x00000090   Code   RO         7189    i.usbd_cdc_DataIn   usbd_cdc_core.o
    0x0800b0f4   0x0000003c   Code   RO         7190    i.usbd_cdc_DataOut  usbd_cdc_core.o
    0x0800b130   0x0000002c   Code   RO         7191    i.usbd_cdc_DeInit   usbd_cdc_core.o
    0x0800b15c   0x00000038   Code   RO         7192    i.usbd_cdc_EP0_RxReady  usbd_cdc_core.o
    0x0800b194   0x00000058   Code   RO         7193    i.usbd_cdc_Init     usbd_cdc_core.o
    0x0800b1ec   0x00000028   Code   RO         7194    i.usbd_cdc_SOF      usbd_cdc_core.o
    0x0800b214   0x000000f0   Code   RO         7195    i.usbd_cdc_Setup    usbd_cdc_core.o
    0x0800b304   0x0001ad58   Data   RO          473    .constdata          audio_sample.o
    0x0802605c   0x0000005c   Data   RO          948    .constdata          stm32f4_evb.o
    0x080260b8   0x000029d0   Data   RO         1732    .constdata          stm324xg_eval_lcd.o
    0x08028a88   0x00000024   Data   RO         8053    .constdata          memp.o
    0x08028aac   0x00000014   Data   RO         8359    .constdata          tcp.o
    0x08028ac0   0x00000008   Data   RO         8973    .constdata          ip_addr.o
    0x08028ac8   0x0000000c   Data   RO         9060    .constdata          etharp.o
    0x08028ad4   0x00000075   Data   RO         8360    .conststring        tcp.o
    0x08028b49   0x00000003   PAD
    0x08028b4c   0x00000020   Data   RO         9515    Region$$Table       anon$$obj.o


    Execution Region RW_IRAM1 (Base: 0x20000000, Size: 0x0000d2e0, Max: 0x00020000, ABSOLUTE, COMPRESSED[0x00000160])

    Base Addr    Size         Type   Attr      Idx    E Section Name        Object

    0x20000000   0x0000000f   Data   RW           13    .data               main.o
    0x2000000f   0x00000001   PAD
    0x20000010   0x0000001c   Data   RW          547    .data               usbd_cdc_vcp.o
    0x2000002c   0x0000003c   Data   RW          608    .data               usbd_desc.o
    0x20000068   0x00000015   Data   RW          743    .data               netconf.o
    0x2000007d   0x00000003   PAD
    0x20000080   0x00000005   Data   RW          818    .data               stm32f4x7_eth_bsp.o
    0x20000085   0x00000003   PAD
    0x20000088   0x00000008   Data   RW          875    .data               tcp_echoclient.o
    0x20000090   0x0000002c   Data   RW          949    .data               stm32f4_evb.o
    0x200000bc   0x00000019   Data   RW         1536    .data               stm32f4_evb_audio_codec.o
    0x200000d5   0x00000003   PAD
    0x200000d8   0x00000028   Data   RW         1733    .data               stm324xg_eval_lcd.o
    0x20000100   0x00000010   Data   RW         4322    .data               stm32f4xx_rcc.o
    0x20000110   0x00000010   Data   RW         6361    .data               stm32f4x7_eth.o
    0x20000120   0x00000034   Data   RW         6931    .data               usbd_core.o
    0x20000154   0x0000000d   Data   RW         7098    .data               usbd_req.o
    0x20000161   0x00000003   PAD
    0x20000164   0x000000e0   Data   RW         7197    .data               usbd_cdc_core.o
    0x20000244   0x00000004   Data   RW         7784    .data               dhcp.o
    0x20000248   0x0000000d   Data   RW         8012    .data               mem.o
    0x20000255   0x00000003   PAD
    0x20000258   0x00000009   Data   RW         8102    .data               netif.o
    0x20000261   0x00000003   PAD
    0x20000264   0x00000004   Data   RW         8268    .data               raw.o
    0x20000268   0x0000004c   Data   RW         8361    .data               tcp.o
    0x200002b4   0x00000020   Data   RW         8532    .data               tcp_in.o
    0x200002d4   0x00000004   Data   RW         8665    .data               udp.o
    0x200002d8   0x0000000a   Data   RW         8937    .data               ip.o
    0x200002e2   0x00000002   PAD
    0x200002e4   0x00000006   Data   RW         9003    .data               ip_frag.o
    0x200002ea   0x00000001   Data   RW         9061    .data               etharp.o
    0x200002eb   0x00000001   PAD
    0x200002ec   0x00000666   Zero   RW           12    .bss                main.o
    0x20000952   0x00000002   PAD
    0x20000954   0x00000010   Zero   RW          546    .bss                usbd_cdc_vcp.o
    0x20000964   0x00000038   Zero   RW          742    .bss                netconf.o
    0x2000099c   0x00000096   Zero   RW          874    .bss                tcp_echoclient.o
    0x20000a32   0x00000002   PAD
    0x20000a34   0x00000078   Zero   RW         1535    .bss                stm32f4_evb_audio_codec.o
    0x20000aac   0x00003cd4   Zero   RW         6360    .bss                stm32f4x7_eth.o
    0x20004780   0x000000ff   Zero   RW         7097    .bss                usbd_req.o
    0x2000487f   0x00000a00   Zero   RW         7196    .bss                usbd_cdc_core.o
    0x2000527f   0x00002814   Zero   RW         8011    .bss                mem.o
    0x20007a93   0x00000001   PAD
    0x20007a94   0x00004d8f   Zero   RW         8052    .bss                memp.o
    0x2000c823   0x00000001   PAD
    0x2000c824   0x00000014   Zero   RW         8531    .bss                tcp_in.o
    0x2000c838   0x000005e0   Zero   RW         9002    .bss                ip_frag.o
    0x2000ce18   0x000000c8   Zero   RW         9059    .bss                etharp.o
    0x2000cee0   0x00000400   Zero   RW         6905    STACK               startup_stm32f40xx.o


==============================================================================

Image component sizes


      Code (inc. data)   RO Data    RW Data    ZI Data      Debug   Object Name

         0          0     109912          0          0        607   audio_sample.o
       542         22          0          0          0       5726   autoip.o
      3868         70          0          4          0      31022   dhcp.o
      2356         48         12          1        200      14851   etharp.o
       448         42          0          0          0       5186   ethernetif.o
       512          0          0          0          0       4258   icmp.o
        62          0          0          0          0       2560   inet.o
       180          0          0          0          0       6077   inet_chksum.o
         0          0          0          0          0       2075   init.o
       844         30          0         10          0       7844   ip.o
        78          0          8          0          0       5977   ip_addr.o
      1488         40          0          6       1504       8821   ip_frag.o
       372         58          0         15       1638     407799   main.o
       856         68          0         13      10260       5577   mem.o
       176         26         36          0      19855       4278   memp.o
       120         14          0          0          0       1240   misc.o
      1008        254          0         21         56      11874   netconf.o
       384         24          0          9          0       8876   netif.o
      1320          0          0          0          0       9865   pbuf.o
       104          4          0          4          0       1884   raw.o
        36          8        392          0       1024        972   startup_stm32f40xx.o
      2002         76      10704         40          0      15109   stm324xg_eval_lcd.o
       592        112         92         44          0       5662   stm32f4_evb.o
       392         48          0         25        120       3978   stm32f4_evb_audio_codec.o
      2108        166          0         16      15572      16838   stm32f4x7_eth.o
       874        152          0          5          0       3927   stm32f4x7_eth_bsp.o
       250         34          0          0          0       4960   stm32f4xx_dma.o
       184         16          0          0          0       2528   stm32f4xx_exti.o
       282          6          0          0          0       2145   stm32f4xx_fsmc.o
       214          0          0          0          0       2099   stm32f4xx_gpio.o
       236         36          0          0          0       8216   stm32f4xx_it.o
       420         52          0         16          0       7302   stm32f4xx_rcc.o
        36          6          0          0          0        614   stm32f4xx_rng.o
        24          0          0          0          0       1354   stm32f4xx_spi.o
        76         10          0          0          0       1430   stm32f4xx_syscfg.o
       438          8          0          0          0       6293   stm32f4xx_usart.o
       396         38          0          0          0       1689   system_stm32f4xx.o
      2598        146        137         76          0      27116   tcp.o
       620         70          0          8        150       6011   tcp_echoclient.o
      4800        260          0         32         20      15936   tcp_in.o
      2702         16          0          0          0      13046   tcp_out.o
       968         20          0          4          0      16152   udp.o
        30          0          0          0          0        957   usb_bsp.o
      1918          4          0          0          0      15402   usb_core.o
       510          0          0          0          0       5885   usb_dcd.o
      2426         68          0          0          0      13622   usb_dcd_int.o
       916        124          0        224       2560      10552   usbd_cdc_core.o
       716         52          0         28         16       5628   usbd_cdc_vcp.o
       748          6          0         52          0      11646   usbd_core.o
       368        192          0         60          0       6016   usbd_desc.o
       224          0          0          0          0       5112   usbd_ioreq.o
      1830         60          0         13        255      11935   usbd_req.o

    ----------------------------------------------------------------------
     44712       2486     121328        748      53236     796529   Object Totals
         0          0         32          0          0          0   (incl. Generated)
        60          0          3         22          6          0   (incl. Padding)

    ----------------------------------------------------------------------

      Code (inc. data)   RO Data    RW Data    ZI Data      Debug   Library Member Name

        86          0          0          0          0          0   __dczerorl2.o
         0          0          0          0          0          0   entry.o
         0          0          0          0          0          0   entry10a.o
         0          0          0          0          0          0   entry11a.o
         8          4          0          0          0          0   entry2.o
         4          0          0          0          0          0   entry5.o
         0          0          0          0          0          0   entry7b.o
         0          0          0          0          0          0   entry8b.o
         8          4          0          0          0          0   entry9a.o
        30          0          0          0          0          0   handlers.o
        36          8          0          0          0         68   init.o
        26          0          0          0          0         80   memcmp.o
        36          0          0          0          0         68   memcpya.o
        36          0          0          0          0        108   memseta.o
       390         10          0          0          0        252   printf1.o
        14          0          0          0          0         68   strlen.o
        44          0          0          0          0         80   uidiv.o

    ----------------------------------------------------------------------
       724         26          0          0          0        724   Library Totals
         6          0          0          0          0          0   (incl. Padding)

    ----------------------------------------------------------------------

      Code (inc. data)   RO Data    RW Data    ZI Data      Debug   Library Name

       718         26          0          0          0        724   mc_w.l

    ----------------------------------------------------------------------
       724         26          0          0          0        724   Library Totals

    ----------------------------------------------------------------------

==============================================================================


      Code (inc. data)   RO Data    RW Data    ZI Data      Debug   

     45436       2512     121328        748      53236     760077   Grand Totals
     45436       2512     121328        352      53236     760077   ELF Image Totals (compressed)
     45436       2512     121328        352          0          0   ROM Totals

==============================================================================

    Total RO  Size (Code + RO Data)               166764 ( 162.86kB)
    Total RW  Size (RW Data + ZI Data)             53984 (  52.72kB)
    Total ROM Size (Code + RO Data + RW Data)     167116 ( 163.20kB)

==============================================================================

